[0.011s] Invoking command in '/home/ansl/ca_ws/build/px4_ros_com': AMENT_PREFIX_PATH=/home/ansl/ca_ws/install/px4_msgs:${AMENT_PREFIX_PATH} CMAKE_PREFIX_PATH=/home/ansl/ca_ws/install/px4_msgs:/home/ansl/ca_ws/install/pointcloud_to_laserscan:/home/ansl/px4_ros2_ws/install/px4_ros_com:/home/ansl/px4_ros2_ws/install/px4_msgs:/home/ansl/px4_ros2_ws/install/pointcloud_to_laserscan:/home/ansl/ws_livox/install/livox_ros_driver2:/home/ansl/px4_ros2_ws/install/usv_control_pkg:/home/ansl/px4_ros2_ws/install/ugv_collision_avoidance_lidar_example2:/home/ansl/px4_ros2_ws/install/ugv_collision_avoidance_lidar_example1:/opt/ros/humble LD_LIBRARY_PATH=/home/ansl/ca_ws/install/px4_msgs/lib:${LD_LIBRARY_PATH} PYTHONPATH=/home/ansl/ca_ws/install/px4_msgs/local/lib/python3.10/dist-packages:${PYTHONPATH} /usr/bin/cmake /home/ansl/ca_ws/src/px4_ros_com -DAMENT_CMAKE_SYMLINK_INSTALL=1 -DCMAKE_INSTALL_PREFIX=/home/ansl/ca_ws/install/px4_ros_com
[0.196s] -- The C compiler identification is GNU 11.4.0
[0.196s] -- The CXX compiler identification is GNU 11.4.0
[0.196s] -- Detecting C compiler ABI info
[0.196s] -- Detecting C compiler ABI info - done
[0.196s] -- Check for working C compiler: /usr/bin/cc - skipped
[0.196s] -- Detecting C compile features
[0.196s] -- Detecting C compile features - done
[0.196s] -- Detecting CXX compiler ABI info
[0.207s] -- Detecting CXX compiler ABI info - done
[0.212s] -- Check for working CXX compiler: /usr/bin/c++ - skipped
[0.213s] -- Detecting CXX compile features
[0.213s] -- Detecting CXX compile features - done
[0.215s] -- Found ament_cmake: 1.3.14 (/opt/ros/humble/share/ament_cmake/cmake)
[0.331s] -- Found Python3: /usr/bin/python3 (found version "3.10.12") found components: Interpreter 
[0.378s] -- Override CMake install command with custom implementation using symlinks instead of copying resources
[0.398s] -- Found builtin_interfaces: 1.2.2 (/opt/ros/humble/share/builtin_interfaces/cmake)
[0.420s] -- Found rosidl_generator_c: 3.1.8 (/opt/ros/humble/share/rosidl_generator_c/cmake)
[0.424s] -- Found rosidl_adapter: 3.1.8 (/opt/ros/humble/share/rosidl_adapter/cmake)
[0.430s] -- Found rosidl_generator_cpp: 3.1.8 (/opt/ros/humble/share/rosidl_generator_cpp/cmake)
[0.438s] -- Using all available rosidl_typesupport_c: rosidl_typesupport_fastrtps_c;rosidl_typesupport_introspection_c
[0.449s] -- Using all available rosidl_typesupport_cpp: rosidl_typesupport_fastrtps_cpp;rosidl_typesupport_introspection_cpp
[0.460s] -- Found eigen3_cmake_module: 0.1.1 (/opt/ros/humble/share/eigen3_cmake_module/cmake)
[0.464s] -- Found Eigen3: TRUE (found version "3.4.0") 
[0.465s] -- Found geometry_msgs: 4.9.1 (/opt/ros/humble/share/geometry_msgs/cmake)
[0.483s] -- Found px4_msgs: 2.0.1 (/home/ansl/ca_ws/install/px4_msgs/share/px4_msgs/cmake)
[0.492s] -- Found rclcpp: 16.0.19 (/opt/ros/humble/share/rclcpp/cmake)
[0.518s] -- Found rmw_implementation_cmake: 6.1.2 (/opt/ros/humble/share/rmw_implementation_cmake/cmake)
[0.520s] -- Found rmw_fastrtps_cpp: 6.2.10 (/opt/ros/humble/share/rmw_fastrtps_cpp/cmake)
[0.581s] -- Found OpenSSL: /usr/lib/x86_64-linux-gnu/libcrypto.so (found version "3.0.2")  
[0.601s] -- Found FastRTPS: /opt/ros/humble/include  
[0.631s] -- Using RMW implementation 'rmw_fastrtps_cpp' as default
[0.637s] -- Looking for pthread.h
[0.686s] -- Looking for pthread.h - found
[0.686s] -- Performing Test CMAKE_HAVE_LIBC_PTHREAD
[0.734s] -- Performing Test CMAKE_HAVE_LIBC_PTHREAD - Success
[0.735s] -- Found Threads: TRUE  
[0.762s] -- Found sensor_msgs: 4.9.1 (/opt/ros/humble/share/sensor_msgs/cmake)
[0.775s] -- Found rclpy: 3.3.21 (/opt/ros/humble/share/rclpy/cmake)
[0.782s] -- Found ament_lint_auto: 0.12.15 (/opt/ros/humble/share/ament_lint_auto/cmake)
[0.859s] -- Added test 'copyright' to check source files copyright and LICENSE
[0.862s] -- Added test 'cppcheck' to perform static code analysis on C / C++ code
[0.862s] -- Configured cppcheck include dirs: /home/ansl/ca_ws/src/px4_ros_com/include;$<BUILD_INTERFACE:/home/ansl/ca_ws/src/px4_ros_com/include/px4_ros_com>
[0.862s] -- Configured cppcheck exclude dirs and/or files: 
[0.864s] -- Added test 'cpplint' to check C / C++ code against the Google style
[0.864s] -- Configured cpplint exclude dirs and/or files: 
[0.865s] -- Added test 'flake8' to check Python code syntax and style conventions
[0.866s] -- Added test 'lint_cmake' to check CMake code style
[0.866s] -- Added test 'pep257' to check Python code against some of the docstring style conventions in PEP 257
[0.869s] -- Added test 'uncrustify' to check C / C++ code style
[0.869s] -- Configured uncrustify additional arguments: 
[0.869s] -- Added test 'xmllint' to check XML markup files
[0.871s] -- Configuring done
[0.885s] -- Generating done
[0.891s] -- Build files have been written to: /home/ansl/ca_ws/build/px4_ros_com
[0.899s] Invoked command in '/home/ansl/ca_ws/build/px4_ros_com' returned '0': AMENT_PREFIX_PATH=/home/ansl/ca_ws/install/px4_msgs:${AMENT_PREFIX_PATH} CMAKE_PREFIX_PATH=/home/ansl/ca_ws/install/px4_msgs:/home/ansl/ca_ws/install/pointcloud_to_laserscan:/home/ansl/px4_ros2_ws/install/px4_ros_com:/home/ansl/px4_ros2_ws/install/px4_msgs:/home/ansl/px4_ros2_ws/install/pointcloud_to_laserscan:/home/ansl/ws_livox/install/livox_ros_driver2:/home/ansl/px4_ros2_ws/install/usv_control_pkg:/home/ansl/px4_ros2_ws/install/ugv_collision_avoidance_lidar_example2:/home/ansl/px4_ros2_ws/install/ugv_collision_avoidance_lidar_example1:/opt/ros/humble LD_LIBRARY_PATH=/home/ansl/ca_ws/install/px4_msgs/lib:${LD_LIBRARY_PATH} PYTHONPATH=/home/ansl/ca_ws/install/px4_msgs/local/lib/python3.10/dist-packages:${PYTHONPATH} /usr/bin/cmake /home/ansl/ca_ws/src/px4_ros_com -DAMENT_CMAKE_SYMLINK_INSTALL=1 -DCMAKE_INSTALL_PREFIX=/home/ansl/ca_ws/install/px4_ros_com
[0.900s] Invoking command in '/home/ansl/ca_ws/build/px4_ros_com': AMENT_PREFIX_PATH=/home/ansl/ca_ws/install/px4_msgs:${AMENT_PREFIX_PATH} CMAKE_PREFIX_PATH=/home/ansl/ca_ws/install/px4_msgs:/home/ansl/ca_ws/install/pointcloud_to_laserscan:/home/ansl/px4_ros2_ws/install/px4_ros_com:/home/ansl/px4_ros2_ws/install/px4_msgs:/home/ansl/px4_ros2_ws/install/pointcloud_to_laserscan:/home/ansl/ws_livox/install/livox_ros_driver2:/home/ansl/px4_ros2_ws/install/usv_control_pkg:/home/ansl/px4_ros2_ws/install/ugv_collision_avoidance_lidar_example2:/home/ansl/px4_ros2_ws/install/ugv_collision_avoidance_lidar_example1:/opt/ros/humble LD_LIBRARY_PATH=/home/ansl/ca_ws/install/px4_msgs/lib:${LD_LIBRARY_PATH} PYTHONPATH=/home/ansl/ca_ws/install/px4_msgs/local/lib/python3.10/dist-packages:${PYTHONPATH} /usr/bin/cmake --build /home/ansl/ca_ws/build/px4_ros_com -- -j8 -l8
[0.941s] [  8%] [32mBuilding CXX object CMakeFiles/offboard_control_srv.dir/src/examples/offboard/offboard_control_srv.cpp.o[0m
[0.942s] [ 16%] [32mBuilding CXX object CMakeFiles/frame_transforms.dir/src/lib/frame_transforms.cpp.o[0m
[0.943s] [ 25%] [32mBuilding CXX object CMakeFiles/vehicle_gps_position_listener.dir/src/examples/listeners/vehicle_gps_position_listener.cpp.o[0m
[0.951s] [ 33%] [32mBuilding CXX object CMakeFiles/sensor_combined_listener.dir/src/examples/listeners/sensor_combined_listener.cpp.o[0m
[0.952s] [ 41%] [32mBuilding CXX object CMakeFiles/offboard_control.dir/src/examples/offboard/offboard_control.cpp.o[0m
[0.971s] [ 50%] [32mBuilding CXX object CMakeFiles/debug_vect_advertiser.dir/src/examples/advertisers/debug_vect_advertiser.cpp.o[0m
[0.971s] [ 50%] Built target ament_cmake_python_symlink_px4_ros_com
[1.258s] running egg_info
[1.258s] creating px4_ros_com.egg-info
[1.258s] writing px4_ros_com.egg-info/PKG-INFO
[1.259s] writing dependency_links to px4_ros_com.egg-info/dependency_links.txt
[1.259s] writing top-level names to px4_ros_com.egg-info/top_level.txt
[1.259s] writing manifest file 'px4_ros_com.egg-info/SOURCES.txt'
[1.261s] reading manifest file 'px4_ros_com.egg-info/SOURCES.txt'
[1.262s] writing manifest file 'px4_ros_com.egg-info/SOURCES.txt'
[1.294s] [ 50%] Built target ament_cmake_python_build_px4_ros_com_egg
[4.738s] [ 58%] [32m[1mLinking CXX executable debug_vect_advertiser[0m
[4.889s] [ 58%] Built target debug_vect_advertiser
[6.001s] [ 66%] [32m[1mLinking CXX shared library libframe_transforms.so[0m
[6.197s] [ 66%] Built target frame_transforms
[6.441s] [ 75%] [32m[1mLinking CXX executable offboard_control[0m
[6.603s] [ 75%] Built target offboard_control
[6.839s] [ 83%] [32m[1mLinking CXX executable offboard_control_srv[0m
[7.007s] [ 83%] Built target offboard_control_srv
[8.190s] [ 91%] [32m[1mLinking CXX executable vehicle_gps_position_listener[0m
[8.502s] [ 91%] Built target vehicle_gps_position_listener
[8.572s] [100%] [32m[1mLinking CXX executable sensor_combined_listener[0m
[8.806s] [100%] Built target sensor_combined_listener
[8.814s] Invoked command in '/home/ansl/ca_ws/build/px4_ros_com' returned '0': AMENT_PREFIX_PATH=/home/ansl/ca_ws/install/px4_msgs:${AMENT_PREFIX_PATH} CMAKE_PREFIX_PATH=/home/ansl/ca_ws/install/px4_msgs:/home/ansl/ca_ws/install/pointcloud_to_laserscan:/home/ansl/px4_ros2_ws/install/px4_ros_com:/home/ansl/px4_ros2_ws/install/px4_msgs:/home/ansl/px4_ros2_ws/install/pointcloud_to_laserscan:/home/ansl/ws_livox/install/livox_ros_driver2:/home/ansl/px4_ros2_ws/install/usv_control_pkg:/home/ansl/px4_ros2_ws/install/ugv_collision_avoidance_lidar_example2:/home/ansl/px4_ros2_ws/install/ugv_collision_avoidance_lidar_example1:/opt/ros/humble LD_LIBRARY_PATH=/home/ansl/ca_ws/install/px4_msgs/lib:${LD_LIBRARY_PATH} PYTHONPATH=/home/ansl/ca_ws/install/px4_msgs/local/lib/python3.10/dist-packages:${PYTHONPATH} /usr/bin/cmake --build /home/ansl/ca_ws/build/px4_ros_com -- -j8 -l8
[8.815s] Invoking command in '/home/ansl/ca_ws/build/px4_ros_com': AMENT_PREFIX_PATH=/home/ansl/ca_ws/install/px4_msgs:${AMENT_PREFIX_PATH} CMAKE_PREFIX_PATH=/home/ansl/ca_ws/install/px4_msgs:/home/ansl/ca_ws/install/pointcloud_to_laserscan:/home/ansl/px4_ros2_ws/install/px4_ros_com:/home/ansl/px4_ros2_ws/install/px4_msgs:/home/ansl/px4_ros2_ws/install/pointcloud_to_laserscan:/home/ansl/ws_livox/install/livox_ros_driver2:/home/ansl/px4_ros2_ws/install/usv_control_pkg:/home/ansl/px4_ros2_ws/install/ugv_collision_avoidance_lidar_example2:/home/ansl/px4_ros2_ws/install/ugv_collision_avoidance_lidar_example1:/opt/ros/humble LD_LIBRARY_PATH=/home/ansl/ca_ws/install/px4_msgs/lib:${LD_LIBRARY_PATH} PYTHONPATH=/home/ansl/ca_ws/install/px4_msgs/local/lib/python3.10/dist-packages:${PYTHONPATH} /usr/bin/cmake --install /home/ansl/ca_ws/build/px4_ros_com
[8.819s] -- Install configuration: ""
[8.820s] -- Execute custom install script
[8.820s] -- Symlinking: /home/ansl/ca_ws/install/px4_ros_com/lib/px4_ros_com/sensor_combined_listener
[8.826s] -- Symlinking: /home/ansl/ca_ws/install/px4_ros_com/lib/px4_ros_com/vehicle_gps_position_listener
[8.831s] -- Symlinking: /home/ansl/ca_ws/install/px4_ros_com/lib/px4_ros_com/debug_vect_advertiser
[8.837s] -- Symlinking: /home/ansl/ca_ws/install/px4_ros_com/lib/px4_ros_com/offboard_control
[8.843s] -- Symlinking: /home/ansl/ca_ws/install/px4_ros_com/lib/px4_ros_com/offboard_control_srv
[8.848s] -- Symlinking: /home/ansl/ca_ws/install/px4_ros_com/share/px4_ros_com/environment/library_path.sh
[8.854s] -- Symlinking: /home/ansl/ca_ws/install/px4_ros_com/share/px4_ros_com/environment/library_path.dsv
[8.861s] -- Symlinking: /home/ansl/ca_ws/install/px4_ros_com/include/px4_ros_com/frame_transforms.h
[8.866s] -- Symlinking: /home/ansl/ca_ws/install/px4_ros_com/share/px4_ros_com//launch/offboard_control_launch.yaml
[8.873s] -- Symlinking: /home/ansl/ca_ws/install/px4_ros_com/share/px4_ros_com//launch/sensor_combined_listener.launch.py
[8.879s] -- Symlinking: /home/ansl/ca_ws/install/px4_ros_com/share/px4_ros_com//test/__init__.py
[8.886s] -- Symlinking: /home/ansl/ca_ws/install/px4_ros_com/share/px4_ros_com//test/pipeline_io_test.py
[8.891s] -- Symlinking: /home/ansl/ca_ws/install/px4_ros_com/share/px4_ros_com//test/test_input.py
[8.898s] -- Symlinking: /home/ansl/ca_ws/install/px4_ros_com/share/px4_ros_com//test/test_output.py
[8.903s] -- Symlinking: /home/ansl/ca_ws/install/px4_ros_com/share/px4_ros_com/environment/pythonpath.sh
[8.910s] -- Symlinking: /home/ansl/ca_ws/install/px4_ros_com/share/px4_ros_com/environment/pythonpath.dsv
[8.915s] -- Symlinking: /home/ansl/ca_ws/install/px4_ros_com/local/lib/python3.10/dist-packages/px4_ros_com-0.1.0-py3.10.egg-info/PKG-INFO
[8.921s] -- Symlinking: /home/ansl/ca_ws/install/px4_ros_com/local/lib/python3.10/dist-packages/px4_ros_com-0.1.0-py3.10.egg-info/SOURCES.txt
[8.927s] -- Symlinking: /home/ansl/ca_ws/install/px4_ros_com/local/lib/python3.10/dist-packages/px4_ros_com-0.1.0-py3.10.egg-info/dependency_links.txt
[8.933s] -- Symlinking: /home/ansl/ca_ws/install/px4_ros_com/local/lib/python3.10/dist-packages/px4_ros_com-0.1.0-py3.10.egg-info/top_level.txt
[8.939s] -- Symlinking: /home/ansl/ca_ws/install/px4_ros_com/local/lib/python3.10/dist-packages/px4_ros_com/__init__.py
[8.945s] -- Symlinking: /home/ansl/ca_ws/install/px4_ros_com/local/lib/python3.10/dist-packages/px4_ros_com/module_to_import.py
[8.951s] -- Symlinking: /home/ansl/ca_ws/install/px4_ros_com/lib/px4_ros_com/offboard_control.py
[8.956s] -- Symlinking: /home/ansl/ca_ws/install/px4_ros_com/share/ament_index/resource_index/package_run_dependencies/px4_ros_com
[8.962s] -- Symlinking: /home/ansl/ca_ws/install/px4_ros_com/share/ament_index/resource_index/parent_prefix_path/px4_ros_com
[8.968s] -- Symlinking: /home/ansl/ca_ws/install/px4_ros_com/share/px4_ros_com/environment/ament_prefix_path.sh
[8.974s] -- Symlinking: /home/ansl/ca_ws/install/px4_ros_com/share/px4_ros_com/environment/ament_prefix_path.dsv
[8.979s] -- Symlinking: /home/ansl/ca_ws/install/px4_ros_com/share/px4_ros_com/environment/path.sh
[8.985s] -- Symlinking: /home/ansl/ca_ws/install/px4_ros_com/share/px4_ros_com/environment/path.dsv
[8.991s] -- Symlinking: /home/ansl/ca_ws/install/px4_ros_com/share/px4_ros_com/local_setup.bash
[8.998s] -- Symlinking: /home/ansl/ca_ws/install/px4_ros_com/share/px4_ros_com/local_setup.sh
[9.004s] -- Symlinking: /home/ansl/ca_ws/install/px4_ros_com/share/px4_ros_com/local_setup.zsh
[9.010s] -- Symlinking: /home/ansl/ca_ws/install/px4_ros_com/share/px4_ros_com/local_setup.dsv
[9.016s] -- Symlinking: /home/ansl/ca_ws/install/px4_ros_com/share/px4_ros_com/package.dsv
[9.021s] -- Symlinking: /home/ansl/ca_ws/install/px4_ros_com/share/ament_index/resource_index/packages/px4_ros_com
[9.028s] -- Symlinking: /home/ansl/ca_ws/install/px4_ros_com/share/px4_ros_com/cmake/ament_cmake_export_dependencies-extras.cmake
[9.033s] -- Symlinking: /home/ansl/ca_ws/install/px4_ros_com/share/px4_ros_com/cmake/ament_cmake_export_targets-extras.cmake
[9.040s] -- Symlinking: /home/ansl/ca_ws/install/px4_ros_com/share/px4_ros_com/cmake/ament_cmake_export_include_directories-extras.cmake
[9.045s] -- Symlinking: /home/ansl/ca_ws/install/px4_ros_com/share/px4_ros_com/cmake/ament_cmake_export_libraries-extras.cmake
[9.051s] -- Symlinking: /home/ansl/ca_ws/install/px4_ros_com/share/px4_ros_com/cmake/px4_ros_comConfig.cmake
[9.057s] -- Symlinking: /home/ansl/ca_ws/install/px4_ros_com/share/px4_ros_com/cmake/px4_ros_comConfig-version.cmake
[9.062s] -- Symlinking: /home/ansl/ca_ws/install/px4_ros_com/share/px4_ros_com/package.xml
[9.068s] -- Installing: /home/ansl/ca_ws/install/px4_ros_com/lib/libframe_transforms.so
[9.070s] -- Set runtime path of "/home/ansl/ca_ws/install/px4_ros_com/lib/libframe_transforms.so" to ""
[9.097s] Listing '/home/ansl/ca_ws/install/px4_ros_com/local/lib/python3.10/dist-packages/px4_ros_com'...
[9.097s] Compiling '/home/ansl/ca_ws/install/px4_ros_com/local/lib/python3.10/dist-packages/px4_ros_com/__init__.py'...
[9.097s] Compiling '/home/ansl/ca_ws/install/px4_ros_com/local/lib/python3.10/dist-packages/px4_ros_com/module_to_import.py'...
[9.100s] -- Installing: /home/ansl/ca_ws/install/px4_ros_com/share/px4_ros_com/cmake/export_frame_transformsExport.cmake
[9.100s] -- Installing: /home/ansl/ca_ws/install/px4_ros_com/share/px4_ros_com/cmake/export_frame_transformsExport-noconfig.cmake
[9.102s] Invoked command in '/home/ansl/ca_ws/build/px4_ros_com' returned '0': AMENT_PREFIX_PATH=/home/ansl/ca_ws/install/px4_msgs:${AMENT_PREFIX_PATH} CMAKE_PREFIX_PATH=/home/ansl/ca_ws/install/px4_msgs:/home/ansl/ca_ws/install/pointcloud_to_laserscan:/home/ansl/px4_ros2_ws/install/px4_ros_com:/home/ansl/px4_ros2_ws/install/px4_msgs:/home/ansl/px4_ros2_ws/install/pointcloud_to_laserscan:/home/ansl/ws_livox/install/livox_ros_driver2:/home/ansl/px4_ros2_ws/install/usv_control_pkg:/home/ansl/px4_ros2_ws/install/ugv_collision_avoidance_lidar_example2:/home/ansl/px4_ros2_ws/install/ugv_collision_avoidance_lidar_example1:/opt/ros/humble LD_LIBRARY_PATH=/home/ansl/ca_ws/install/px4_msgs/lib:${LD_LIBRARY_PATH} PYTHONPATH=/home/ansl/ca_ws/install/px4_msgs/local/lib/python3.10/dist-packages:${PYTHONPATH} /usr/bin/cmake --install /home/ansl/ca_ws/build/px4_ros_com
