[0.006s] Invoking command in '/home/ansl/ca_ws/build/pointcloud_to_laserscan': CMAKE_PREFIX_PATH=${CMAKE_PREFIX_PATH}:/home/ansl/px4_ros2_ws/install/usv_control_pkg:/home/ansl/px4_ros2_ws/install/ugv_collision_avoidance_lidar_example2:/home/ansl/px4_ros2_ws/install/ugv_collision_avoidance_lidar_example1:/opt/ros/humble /usr/bin/cmake /home/ansl/ca_ws/src/pointcloud_to_laserscan -DAMENT_CMAKE_SYMLINK_INSTALL=1 -DCMAKE_INSTALL_PREFIX=/home/ansl/ca_ws/install/pointcloud_to_laserscan
[0.041s] -- The C compiler identification is GNU 11.4.0
[0.080s] -- The CXX compiler identification is GNU 11.4.0
[0.084s] -- Detecting C compiler ABI info
[0.129s] -- Detecting C compiler ABI info - done
[0.139s] -- Check for working C compiler: /usr/bin/cc - skipped
[0.139s] -- Detecting C compile features
[0.139s] -- Detecting C compile features - done
[0.142s] -- Detecting CXX compiler ABI info
[0.204s] -- Detecting CXX compiler ABI info - done
[0.212s] -- Check for working CXX compiler: /usr/bin/c++ - skipped
[0.213s] -- Detecting CXX compile features
[0.213s] -- Detecting CXX compile features - done
[0.214s] -- Found ament_cmake_auto: 1.3.14 (/opt/ros/humble/share/ament_cmake_auto/cmake)
[0.328s] -- Found Python3: /usr/bin/python3 (found version "3.10.12") found components: Interpreter 
[0.373s] -- Override CMake install command with custom implementation using symlinks instead of copying resources
[0.485s] -- Found rosidl_generator_c: 3.1.8 (/opt/ros/humble/share/rosidl_generator_c/cmake)
[0.489s] -- Found rosidl_adapter: 3.1.8 (/opt/ros/humble/share/rosidl_adapter/cmake)
[0.494s] -- Found rosidl_generator_cpp: 3.1.8 (/opt/ros/humble/share/rosidl_generator_cpp/cmake)
[0.503s] -- Using all available rosidl_typesupport_c: rosidl_typesupport_fastrtps_c;rosidl_typesupport_introspection_c
[0.514s] -- Using all available rosidl_typesupport_cpp: rosidl_typesupport_fastrtps_cpp;rosidl_typesupport_introspection_cpp
[0.544s] -- Found rmw_implementation_cmake: 6.1.2 (/opt/ros/humble/share/rmw_implementation_cmake/cmake)
[0.546s] -- Found rmw_fastrtps_cpp: 6.2.10 (/opt/ros/humble/share/rmw_fastrtps_cpp/cmake)
[0.604s] -- Found OpenSSL: /usr/lib/x86_64-linux-gnu/libcrypto.so (found version "3.0.2")  
[0.621s] -- Found FastRTPS: /opt/ros/humble/include  
[0.648s] -- Using RMW implementation 'rmw_fastrtps_cpp' as default
[0.653s] -- Looking for pthread.h
[0.706s] -- Looking for pthread.h - found
[0.706s] -- Performing Test CMAKE_HAVE_LIBC_PTHREAD
[0.758s] -- Performing Test CMAKE_HAVE_LIBC_PTHREAD - Success
[0.758s] -- Found Threads: TRUE  
[0.903s] -- Found ament_lint_auto: 0.12.15 (/opt/ros/humble/share/ament_lint_auto/cmake)
[0.912s] [0mIn this package, headers install destination is set to `include` by ament_auto_package. It is recommended to install `include/pointcloud_to_laserscan` instead and will be the default behavior of ament_auto_package from ROS 2 Kilted Kaiju. On distributions before Kilted, ament_auto_package behaves the same way when you use USE_SCOPED_HEADER_INSTALL_DIR option.[0m
[0.917s] -- Added test 'cppcheck' to perform static code analysis on C / C++ code
[0.917s] -- Configured cppcheck include dirs: /home/ansl/ca_ws/src/pointcloud_to_laserscan/include
[0.917s] -- Configured cppcheck exclude dirs and/or files: 
[0.919s] -- Added test 'cpplint' to check C / C++ code against the Google style
[0.919s] -- Configured cpplint exclude dirs and/or files: 
[0.919s] -- Added test 'flake8' to check Python code syntax and style conventions
[0.920s] -- Added test 'lint_cmake' to check CMake code style
[0.920s] -- Added test 'pep257' to check Python code against some of the docstring style conventions in PEP 257
[0.922s] -- Added test 'uncrustify' to check C / C++ code style
[0.922s] -- Configured uncrustify additional arguments: 
[0.922s] -- Added test 'xmllint' to check XML markup files
[0.924s] -- Configuring done
[0.946s] -- Generating done
[0.954s] -- Build files have been written to: /home/ansl/ca_ws/build/pointcloud_to_laserscan
[0.961s] Invoked command in '/home/ansl/ca_ws/build/pointcloud_to_laserscan' returned '0': CMAKE_PREFIX_PATH=${CMAKE_PREFIX_PATH}:/home/ansl/px4_ros2_ws/install/usv_control_pkg:/home/ansl/px4_ros2_ws/install/ugv_collision_avoidance_lidar_example2:/home/ansl/px4_ros2_ws/install/ugv_collision_avoidance_lidar_example1:/opt/ros/humble /usr/bin/cmake /home/ansl/ca_ws/src/pointcloud_to_laserscan -DAMENT_CMAKE_SYMLINK_INSTALL=1 -DCMAKE_INSTALL_PREFIX=/home/ansl/ca_ws/install/pointcloud_to_laserscan
[0.963s] Invoking command in '/home/ansl/ca_ws/build/pointcloud_to_laserscan': CMAKE_PREFIX_PATH=${CMAKE_PREFIX_PATH}:/home/ansl/px4_ros2_ws/install/usv_control_pkg:/home/ansl/px4_ros2_ws/install/ugv_collision_avoidance_lidar_example2:/home/ansl/px4_ros2_ws/install/ugv_collision_avoidance_lidar_example1:/opt/ros/humble /usr/bin/cmake --build /home/ansl/ca_ws/build/pointcloud_to_laserscan -- -j8 -l8
[0.996s] [ 10%] [32mBuilding CXX object CMakeFiles/laserscan_to_pointcloud_node.dir/rclcpp_components/node_main_laserscan_to_pointcloud_node.cpp.o[0m
[0.997s] [ 20%] [32mBuilding CXX object CMakeFiles/pointcloud_to_laserscan_node.dir/rclcpp_components/node_main_pointcloud_to_laserscan_node.cpp.o[0m
[0.997s] [ 30%] [32mBuilding CXX object CMakeFiles/laserscan_to_pointcloud.dir/src/laserscan_to_pointcloud_node.cpp.o[0m
[3.333s] [ 40%] [32m[1mLinking CXX executable laserscan_to_pointcloud_node[0m
[3.417s] [ 40%] Built target laserscan_to_pointcloud_node
[3.920s] [ 50%] [32m[1mLinking CXX executable pointcloud_to_laserscan_node[0m
[4.048s] [ 50%] Built target pointcloud_to_laserscan_node
[9.338s] [ 60%] [32m[1mLinking CXX shared library liblaserscan_to_pointcloud.so[0m
[9.732s] [ 60%] Built target laserscan_to_pointcloud
[9.746s] [ 70%] [32mBuilding CXX object CMakeFiles/pointcloud_to_laserscan.dir/src/pointcloud_to_laserscan_node.cpp.o[0m
[17.674s] [ 80%] [32m[1mLinking CXX shared library libpointcloud_to_laserscan.so[0m
[18.083s] [ 80%] Built target pointcloud_to_laserscan
[18.097s] [ 90%] [32mBuilding CXX object CMakeFiles/dummy_pointcloud_publisher.dir/src/dummy_pointcloud_publisher.cpp.o[0m
[21.005s] [100%] [32m[1mLinking CXX executable dummy_pointcloud_publisher[0m
[21.173s] [100%] Built target dummy_pointcloud_publisher
[21.181s] Invoked command in '/home/ansl/ca_ws/build/pointcloud_to_laserscan' returned '0': CMAKE_PREFIX_PATH=${CMAKE_PREFIX_PATH}:/home/ansl/px4_ros2_ws/install/usv_control_pkg:/home/ansl/px4_ros2_ws/install/ugv_collision_avoidance_lidar_example2:/home/ansl/px4_ros2_ws/install/ugv_collision_avoidance_lidar_example1:/opt/ros/humble /usr/bin/cmake --build /home/ansl/ca_ws/build/pointcloud_to_laserscan -- -j8 -l8
[21.188s] Invoking command in '/home/ansl/ca_ws/build/pointcloud_to_laserscan': CMAKE_PREFIX_PATH=${CMAKE_PREFIX_PATH}:/home/ansl/px4_ros2_ws/install/usv_control_pkg:/home/ansl/px4_ros2_ws/install/ugv_collision_avoidance_lidar_example2:/home/ansl/px4_ros2_ws/install/ugv_collision_avoidance_lidar_example1:/opt/ros/humble /usr/bin/cmake --install /home/ansl/ca_ws/build/pointcloud_to_laserscan
[21.193s] -- Install configuration: ""
[21.193s] -- Execute custom install script
[21.194s] -- Symlinking: /home/ansl/ca_ws/install/pointcloud_to_laserscan/lib/pointcloud_to_laserscan/laserscan_to_pointcloud_node
[21.200s] -- Symlinking: /home/ansl/ca_ws/install/pointcloud_to_laserscan/lib/pointcloud_to_laserscan/pointcloud_to_laserscan_node
[21.205s] -- Symlinking: /home/ansl/ca_ws/install/pointcloud_to_laserscan/include/pointcloud_to_laserscan/laserscan_to_pointcloud_node.hpp
[21.211s] -- Symlinking: /home/ansl/ca_ws/install/pointcloud_to_laserscan/include/pointcloud_to_laserscan/pointcloud_to_laserscan_node.hpp
[21.217s] -- Symlinking: /home/ansl/ca_ws/install/pointcloud_to_laserscan/include/pointcloud_to_laserscan/visibility_control.h
[21.223s] -- Symlinking: /home/ansl/ca_ws/install/pointcloud_to_laserscan/share/pointcloud_to_laserscan/environment/library_path.sh
[21.228s] -- Symlinking: /home/ansl/ca_ws/install/pointcloud_to_laserscan/share/pointcloud_to_laserscan/environment/library_path.dsv
[21.234s] -- Symlinking: /home/ansl/ca_ws/install/pointcloud_to_laserscan/lib/liblaserscan_to_pointcloud.so
[21.239s] -- Symlinking: /home/ansl/ca_ws/install/pointcloud_to_laserscan/lib/libpointcloud_to_laserscan.so
[21.245s] -- Symlinking: /home/ansl/ca_ws/install/pointcloud_to_laserscan/lib/pointcloud_to_laserscan/dummy_pointcloud_publisher
[21.250s] -- Symlinking: /home/ansl/ca_ws/install/pointcloud_to_laserscan/share/pointcloud_to_laserscan/launch/lidar_to_scan.launch.py
[21.256s] -- Symlinking: /home/ansl/ca_ws/install/pointcloud_to_laserscan/share/pointcloud_to_laserscan/launch/sample_laserscan_to_pointcloud_launch.py
[21.261s] -- Symlinking: /home/ansl/ca_ws/install/pointcloud_to_laserscan/share/pointcloud_to_laserscan/launch/sample_pointcloud_to_laserscan_launch.py
[21.267s] -- Symlinking: /home/ansl/ca_ws/install/pointcloud_to_laserscan/share/ament_index/resource_index/package_run_dependencies/pointcloud_to_laserscan
[21.272s] -- Symlinking: /home/ansl/ca_ws/install/pointcloud_to_laserscan/share/ament_index/resource_index/parent_prefix_path/pointcloud_to_laserscan
[21.278s] -- Symlinking: /home/ansl/ca_ws/install/pointcloud_to_laserscan/share/pointcloud_to_laserscan/environment/ament_prefix_path.sh
[21.283s] -- Symlinking: /home/ansl/ca_ws/install/pointcloud_to_laserscan/share/pointcloud_to_laserscan/environment/ament_prefix_path.dsv
[21.289s] -- Symlinking: /home/ansl/ca_ws/install/pointcloud_to_laserscan/share/pointcloud_to_laserscan/environment/path.sh
[21.294s] -- Symlinking: /home/ansl/ca_ws/install/pointcloud_to_laserscan/share/pointcloud_to_laserscan/environment/path.dsv
[21.300s] -- Symlinking: /home/ansl/ca_ws/install/pointcloud_to_laserscan/share/pointcloud_to_laserscan/local_setup.bash
[21.305s] -- Symlinking: /home/ansl/ca_ws/install/pointcloud_to_laserscan/share/pointcloud_to_laserscan/local_setup.sh
[21.311s] -- Symlinking: /home/ansl/ca_ws/install/pointcloud_to_laserscan/share/pointcloud_to_laserscan/local_setup.zsh
[21.316s] -- Symlinking: /home/ansl/ca_ws/install/pointcloud_to_laserscan/share/pointcloud_to_laserscan/local_setup.dsv
[21.322s] -- Symlinking: /home/ansl/ca_ws/install/pointcloud_to_laserscan/share/pointcloud_to_laserscan/package.dsv
[21.328s] -- Symlinking: /home/ansl/ca_ws/install/pointcloud_to_laserscan/share/ament_index/resource_index/packages/pointcloud_to_laserscan
[21.335s] -- Symlinking: /home/ansl/ca_ws/install/pointcloud_to_laserscan/share/ament_index/resource_index/rclcpp_components/pointcloud_to_laserscan
[21.341s] -- Symlinking: /home/ansl/ca_ws/install/pointcloud_to_laserscan/share/pointcloud_to_laserscan/cmake/ament_cmake_export_dependencies-extras.cmake
[21.347s] -- Symlinking: /home/ansl/ca_ws/install/pointcloud_to_laserscan/share/pointcloud_to_laserscan/cmake/ament_cmake_export_include_directories-extras.cmake
[21.353s] -- Symlinking: /home/ansl/ca_ws/install/pointcloud_to_laserscan/share/pointcloud_to_laserscan/cmake/ament_cmake_export_libraries-extras.cmake
[21.359s] -- Symlinking: /home/ansl/ca_ws/install/pointcloud_to_laserscan/share/pointcloud_to_laserscan/cmake/pointcloud_to_laserscanConfig.cmake
[21.364s] -- Symlinking: /home/ansl/ca_ws/install/pointcloud_to_laserscan/share/pointcloud_to_laserscan/cmake/pointcloud_to_laserscanConfig-version.cmake
[21.370s] -- Symlinking: /home/ansl/ca_ws/install/pointcloud_to_laserscan/share/pointcloud_to_laserscan/package.xml
[21.378s] Invoked command in '/home/ansl/ca_ws/build/pointcloud_to_laserscan' returned '0': CMAKE_PREFIX_PATH=${CMAKE_PREFIX_PATH}:/home/ansl/px4_ros2_ws/install/usv_control_pkg:/home/ansl/px4_ros2_ws/install/ugv_collision_avoidance_lidar_example2:/home/ansl/px4_ros2_ws/install/ugv_collision_avoidance_lidar_example1:/opt/ros/humble /usr/bin/cmake --install /home/ansl/ca_ws/build/pointcloud_to_laserscan
