[0.009s] Invoking command in '/home/ansl/ca_ws/build/pointcloud_to_laserscan': CMAKE_PREFIX_PATH=${CMAKE_PREFIX_PATH}:/opt/ros/humble /usr/bin/cmake /home/ansl/ca_ws/src/pointcloud_to_laserscan -DAMENT_CMAKE_SYMLINK_INSTALL=1 -DCMAKE_INSTALL_PREFIX=/home/ansl/ca_ws/install/pointcloud_to_laserscan
[0.043s] -- The C compiler identification is GNU 11.4.0
[0.080s] -- The CXX compiler identification is GNU 11.4.0
[0.086s] -- Detecting C compiler ABI info
[0.133s] -- Detecting C compiler ABI info - done
[0.138s] -- Check for working C compiler: /usr/bin/cc - skipped
[0.138s] -- Detecting C compile features
[0.139s] -- Detecting C compile features - done
[0.140s] -- Detecting CXX compiler ABI info
[0.195s] -- Detecting CXX compiler ABI info - done
[0.201s] -- Check for working CXX compiler: /usr/bin/c++ - skipped
[0.201s] -- Detecting CXX compile features
[0.201s] -- Detecting CXX compile features - done
[0.202s] -- Found ament_cmake_auto: 1.3.14 (/opt/ros/humble/share/ament_cmake_auto/cmake)
[0.322s] -- Found Python3: /usr/bin/python3 (found version "3.10.12") found components: Interpreter 
[0.374s] -- Override CMake install command with custom implementation using symlinks instead of copying resources
[0.462s] -- Found rosidl_generator_c: 3.1.8 (/opt/ros/humble/share/rosidl_generator_c/cmake)
[0.465s] -- Found rosidl_adapter: 3.1.8 (/opt/ros/humble/share/rosidl_adapter/cmake)
[0.470s] -- Found rosidl_generator_cpp: 3.1.8 (/opt/ros/humble/share/rosidl_generator_cpp/cmake)
[0.477s] -- Using all available rosidl_typesupport_c: rosidl_typesupport_fastrtps_c;rosidl_typesupport_introspection_c
[0.487s] -- Using all available rosidl_typesupport_cpp: rosidl_typesupport_fastrtps_cpp;rosidl_typesupport_introspection_cpp
[0.514s] -- Found rmw_implementation_cmake: 6.1.2 (/opt/ros/humble/share/rmw_implementation_cmake/cmake)
[0.515s] -- Found rmw_fastrtps_cpp: 6.2.10 (/opt/ros/humble/share/rmw_fastrtps_cpp/cmake)
[0.567s] -- Found OpenSSL: /usr/lib/x86_64-linux-gnu/libcrypto.so (found version "3.0.2")  
[0.584s] -- Found FastRTPS: /opt/ros/humble/include  
[0.610s] -- Using RMW implementation 'rmw_fastrtps_cpp' as default
[0.614s] -- Looking for pthread.h
[0.661s] -- Looking for pthread.h - found
[0.661s] -- Performing Test CMAKE_HAVE_LIBC_PTHREAD
[0.710s] -- Performing Test CMAKE_HAVE_LIBC_PTHREAD - Success
[0.711s] -- Found Threads: TRUE  
[0.844s] -- Found ament_lint_auto: 0.12.15 (/opt/ros/humble/share/ament_lint_auto/cmake)
[0.850s] [0mIn this package, headers install destination is set to `include` by ament_auto_package. It is recommended to install `include/pointcloud_to_laserscan` instead and will be the default behavior of ament_auto_package from ROS 2 Kilted Kaiju. On distributions before Kilted, ament_auto_package behaves the same way when you use USE_SCOPED_HEADER_INSTALL_DIR option.[0m
[0.854s] -- Added test 'cppcheck' to perform static code analysis on C / C++ code
[0.855s] -- Configured cppcheck include dirs: /home/ansl/ca_ws/src/pointcloud_to_laserscan/include
[0.855s] -- Configured cppcheck exclude dirs and/or files: 
[0.856s] -- Added test 'cpplint' to check C / C++ code against the Google style
[0.856s] -- Configured cpplint exclude dirs and/or files: 
[0.857s] -- Added test 'flake8' to check Python code syntax and style conventions
[0.857s] -- Added test 'lint_cmake' to check CMake code style
[0.858s] -- Added test 'pep257' to check Python code against some of the docstring style conventions in PEP 257
[0.859s] -- Added test 'uncrustify' to check C / C++ code style
[0.859s] -- Configured uncrustify additional arguments: 
[0.860s] -- Added test 'xmllint' to check XML markup files
[0.861s] -- Configuring done
[0.882s] -- Generating done
[0.888s] -- Build files have been written to: /home/ansl/ca_ws/build/pointcloud_to_laserscan
[0.895s] Invoked command in '/home/ansl/ca_ws/build/pointcloud_to_laserscan' returned '0': CMAKE_PREFIX_PATH=${CMAKE_PREFIX_PATH}:/opt/ros/humble /usr/bin/cmake /home/ansl/ca_ws/src/pointcloud_to_laserscan -DAMENT_CMAKE_SYMLINK_INSTALL=1 -DCMAKE_INSTALL_PREFIX=/home/ansl/ca_ws/install/pointcloud_to_laserscan
[0.896s] Invoking command in '/home/ansl/ca_ws/build/pointcloud_to_laserscan': CMAKE_PREFIX_PATH=${CMAKE_PREFIX_PATH}:/opt/ros/humble /usr/bin/cmake --build /home/ansl/ca_ws/build/pointcloud_to_laserscan -- -j8 -l8
[0.928s] [ 30%] [32mBuilding CXX object CMakeFiles/laserscan_to_pointcloud.dir/src/laserscan_to_pointcloud_node.cpp.o[0m
[0.928s] [ 30%] [32mBuilding CXX object CMakeFiles/laserscan_to_pointcloud_node.dir/rclcpp_components/node_main_laserscan_to_pointcloud_node.cpp.o[0m
[0.928s] [ 30%] [32mBuilding CXX object CMakeFiles/pointcloud_to_laserscan_node.dir/rclcpp_components/node_main_pointcloud_to_laserscan_node.cpp.o[0m
[3.076s] [ 40%] [32m[1mLinking CXX executable laserscan_to_pointcloud_node[0m
[3.079s] [ 50%] [32m[1mLinking CXX executable pointcloud_to_laserscan_node[0m
[3.175s] [ 50%] Built target laserscan_to_pointcloud_node
[3.176s] [ 50%] Built target pointcloud_to_laserscan_node
[8.396s] [ 60%] [32m[1mLinking CXX shared library liblaserscan_to_pointcloud.so[0m
[8.750s] [ 60%] Built target laserscan_to_pointcloud
[8.763s] [ 70%] [32mBuilding CXX object CMakeFiles/pointcloud_to_laserscan.dir/src/pointcloud_to_laserscan_node.cpp.o[0m
[15.981s] [ 80%] [32m[1mLinking CXX shared library libpointcloud_to_laserscan.so[0m
[16.355s] [ 80%] Built target pointcloud_to_laserscan
[16.370s] [ 90%] [32mBuilding CXX object CMakeFiles/dummy_pointcloud_publisher.dir/src/dummy_pointcloud_publisher.cpp.o[0m
[18.994s] [100%] [32m[1mLinking CXX executable dummy_pointcloud_publisher[0m
[19.149s] [100%] Built target dummy_pointcloud_publisher
