[0.007s] Invoking command in '/home/ansl/ca_ws/build/px4_ros_com': /usr/bin/cmake /home/ansl/ca_ws/src/px4_ros_com -DCMAKE_INSTALL_PREFIX=/home/ansl/ca_ws/install/px4_ros_com
[0.012s] [33mCMake Warning (dev) in CMakeLists.txt:
[0.012s]   No project() command is present.  The top-level CMakeLists.txt file must
[0.012s]   contain a literal, direct call to the project() command.  Add a line of
[0.012s]   code such as
[0.012s] 
[0.012s]     project(ProjectName)
[0.012s] 
[0.012s]   near the top of the file, but after cmake_minimum_required().
[0.012s] 
[0.012s]   CMake is pretending there is a "project(Project)" command on the first
[0.013s]   line.
[0.013s] This warning is for project developers.  Use -Wno-dev to suppress it.
[0.013s] [0m
[0.047s] -- The C compiler identification is GNU 11.4.0
[0.096s] -- The CXX compiler identification is GNU 11.4.0
[0.103s] -- Detecting C compiler ABI info
[0.150s] -- Detecting C compiler ABI info - done
[0.155s] -- Check for working C compiler: /usr/bin/cc - skipped
[0.155s] -- Detecting C compile features
[0.156s] -- Detecting C compile features - done
[0.158s] -- Detecting CXX compiler ABI info
[0.210s] -- Detecting CXX compiler ABI info - done
[0.216s] -- Check for working CXX compiler: /usr/bin/c++ - skipped
[0.216s] -- Detecting CXX compile features
[0.216s] -- Detecting CXX compile features - done
[0.217s] -- Configuring done
[0.217s] -- Generating done
[0.218s] -- Build files have been written to: /home/ansl/ca_ws/build/px4_ros_com
[0.220s] Invoked command in '/home/ansl/ca_ws/build/px4_ros_com' returned '0': /usr/bin/cmake /home/ansl/ca_ws/src/px4_ros_com -DCMAKE_INSTALL_PREFIX=/home/ansl/ca_ws/install/px4_ros_com
[0.221s] Invoking command in '/home/ansl/ca_ws/build/px4_ros_com': /usr/bin/cmake --build /home/ansl/ca_ws/build/px4_ros_com -- -j8 -l8
[0.245s] Invoked command in '/home/ansl/ca_ws/build/px4_ros_com' returned '0': /usr/bin/cmake --build /home/ansl/ca_ws/build/px4_ros_com -- -j8 -l8
