[0.007s] Invoking command in '/home/ansl/ca_ws/build/px4_msgs': CMAKE_PREFIX_PATH=${CMAKE_PREFIX_PATH}:/opt/ros/humble /usr/bin/cmake /home/ansl/ca_ws/src/px4_msgs -DAMENT_CMAKE_SYMLINK_INSTALL=1 -DCMAKE_INSTALL_PREFIX=/home/ansl/ca_ws/install/px4_msgs
[0.039s] -- The C compiler identification is GNU 11.4.0
[0.075s] -- The CXX compiler identification is GNU 11.4.0
[0.080s] -- Detecting C compiler ABI info
[0.123s] -- Detecting C compiler ABI info - done
[0.128s] -- Check for working C compiler: /usr/bin/cc - skipped
[0.128s] -- Detecting C compile features
[0.128s] -- Detecting C compile features - done
[0.130s] -- Detecting CXX compiler ABI info
[0.184s] -- Detecting CXX compiler ABI info - done
[0.191s] -- Check for working CXX compiler: /usr/bin/c++ - skipped
[0.191s] -- Detecting CXX compile features
[0.191s] -- Detecting CXX compile features - done
[0.193s] -- Found ament_cmake: 1.3.14 (/opt/ros/humble/share/ament_cmake/cmake)
[0.294s] -- Found Python3: /usr/bin/python3 (found version "3.10.12") found components: Interpreter 
[0.336s] -- Override CMake install command with custom implementation using symlinks instead of copying resources
[0.349s] -- Found builtin_interfaces: 1.2.2 (/opt/ros/humble/share/builtin_interfaces/cmake)
[0.367s] -- Found rosidl_generator_c: 3.1.8 (/opt/ros/humble/share/rosidl_generator_c/cmake)
[0.370s] -- Found rosidl_adapter: 3.1.8 (/opt/ros/humble/share/rosidl_adapter/cmake)
[0.375s] -- Found rosidl_generator_cpp: 3.1.8 (/opt/ros/humble/share/rosidl_generator_cpp/cmake)
[0.382s] -- Using all available rosidl_typesupport_c: rosidl_typesupport_fastrtps_c;rosidl_typesupport_introspection_c
[0.392s] -- Using all available rosidl_typesupport_cpp: rosidl_typesupport_fastrtps_cpp;rosidl_typesupport_introspection_cpp
[0.406s] -- Found rosidl_default_generators: 1.2.1 (/opt/ros/humble/share/rosidl_default_generators/cmake)
[1.469s] [31mCMake Error at /opt/ros/humble/share/rosidl_adapter/cmake/rosidl_adapt_interfaces.cmake:59 (message):
[1.470s]   execute_process(/usr/bin/python3 -m rosidl_adapter --package-name px4_msgs
[1.470s]   --arguments-file
[1.470s]   /home/ansl/ca_ws/build/px4_msgs/rosidl_adapter__arguments__px4_msgs.json
[1.470s]   --output-dir /home/ansl/ca_ws/build/px4_msgs/rosidl_adapter/px4_msgs
[1.470s]   --output-file /home/ansl/ca_ws/build/px4_msgs/rosidl_adapter/px4_msgs.idls)
[1.470s]   returned error code 1:
[1.470s] 
[1.470s]   Traceback (most recent call last):
[1.470s] 
[1.470s]     File "/usr/lib/python3.10/runpy.py", line 196, in _run_module_as_main
[1.470s]       return _run_code(code, main_globals, None,
[1.470s]     File "/usr/lib/python3.10/runpy.py", line 86, in _run_code
[1.470s]       exec(code, run_globals)
[1.470s]     File "/opt/ros/humble/local/lib/python3.10/dist-packages/rosidl_adapter/__main__.py", line 19, in <module>
[1.470s]       sys.exit(main())
[1.471s]     File "/opt/ros/humble/local/lib/python3.10/dist-packages/rosidl_adapter/main.py", line 53, in main
[1.471s]       abs_idl_file = convert_to_idl(
[1.471s]     File "/opt/ros/humble/local/lib/python3.10/dist-packages/rosidl_adapter/__init__.py", line 24, in convert_to_idl
[1.471s]       return convert_srv_to_idl(
[1.471s]     File "/opt/ros/humble/local/lib/python3.10/dist-packages/rosidl_adapter/srv/__init__.py", line 28, in convert_srv_to_idl
[1.471s]       srv = parse_service_string(package_name, input_file.stem, content)
[1.471s]     File "/opt/ros/humble/local/lib/python3.10/dist-packages/rosidl_adapter/parser.py", line 850, in parse_service_string
[1.471s]       raise InvalidServiceSpecification(
[1.471s] 
[1.471s]   rosidl_adapter.parser.InvalidServiceSpecification: Could not find separator
[1.471s]   '---' between request and response
[1.471s] 
[1.471s] Call Stack (most recent call first):
[1.471s]   /opt/ros/humble/share/rosidl_cmake/cmake/rosidl_generate_interfaces.cmake:130 (rosidl_adapt_interfaces)
[1.471s]   CMakeLists.txt:28 (rosidl_generate_interfaces)
[1.471s] 
[1.471s] [0m
[1.472s] -- Configuring incomplete, errors occurred!
[1.472s] See also "/home/ansl/ca_ws/build/px4_msgs/CMakeFiles/CMakeOutput.log".
[1.478s] Invoked command in '/home/ansl/ca_ws/build/px4_msgs' returned '1': CMAKE_PREFIX_PATH=${CMAKE_PREFIX_PATH}:/opt/ros/humble /usr/bin/cmake /home/ansl/ca_ws/src/px4_msgs -DAMENT_CMAKE_SYMLINK_INSTALL=1 -DCMAKE_INSTALL_PREFIX=/home/ansl/ca_ws/install/px4_msgs
