running develop
running egg_info
creating ugv_collision_avoidance_lidar_example2.egg-info
writing ugv_collision_avoidance_lidar_example2.egg-info/PKG-INFO
writing dependency_links to ugv_collision_avoidance_lidar_example2.egg-info/dependency_links.txt
writing entry points to ugv_collision_avoidance_lidar_example2.egg-info/entry_points.txt
writing requirements to ugv_collision_avoidance_lidar_example2.egg-info/requires.txt
writing top-level names to ugv_collision_avoidance_lidar_example2.egg-info/top_level.txt
writing manifest file 'ugv_collision_avoidance_lidar_example2.egg-info/SOURCES.txt'
reading manifest file 'ugv_collision_avoidance_lidar_example2.egg-info/SOURCES.txt'
writing manifest file 'ugv_collision_avoidance_lidar_example2.egg-info/SOURCES.txt'
running build_ext
Creating /home/ansl/ca_ws/install/ugv_collision_avoidance_lidar_example2/lib/python3.10/site-packages/ugv-collision-avoidance-lidar-example2.egg-link (link to .)
Installing obstacle_avoidance_node script to /home/ansl/ca_ws/install/ugv_collision_avoidance_lidar_example2/lib/ugv_collision_avoidance_lidar_example2

Installed /home/ansl/ca_ws/build/ugv_collision_avoidance_lidar_example2
running symlink_data
creating /home/ansl/ca_ws/install/ugv_collision_avoidance_lidar_example2/share/ament_index
creating /home/ansl/ca_ws/install/ugv_collision_avoidance_lidar_example2/share/ament_index/resource_index
creating /home/ansl/ca_ws/install/ugv_collision_avoidance_lidar_example2/share/ament_index/resource_index/packages
symbolically linking /home/ansl/ca_ws/build/ugv_collision_avoidance_lidar_example2/resource/ugv_collision_avoidance_lidar_example2 -> /home/ansl/ca_ws/install/ugv_collision_avoidance_lidar_example2/share/ament_index/resource_index/packages
symbolically linking /home/ansl/ca_ws/build/ugv_collision_avoidance_lidar_example2/package.xml -> /home/ansl/ca_ws/install/ugv_collision_avoidance_lidar_example2/share/ugv_collision_avoidance_lidar_example2
creating /home/ansl/ca_ws/install/ugv_collision_avoidance_lidar_example2/share/ugv_collision_avoidance_lidar_example2/launch
symbolically linking /home/ansl/ca_ws/build/ugv_collision_avoidance_lidar_example2/launch/ugv_avoidance.launch.py -> /home/ansl/ca_ws/install/ugv_collision_avoidance_lidar_example2/share/ugv_collision_avoidance_lidar_example2/launch
