[0.613s] Invoking command in '/home/ansl/ca_ws/build/ugv_collision_avoidance_lidar_example2': AMENT_PREFIX_PATH=/home/ansl/ca_ws/install/px4_msgs:${AMENT_PREFIX_PATH} CMAKE_PREFIX_PATH=/home/ansl/ca_ws/install/px4_msgs:${CMAKE_PREFIX_PATH} LD_LIBRARY_PATH=/home/ansl/ca_ws/install/px4_msgs/lib:${LD_LIBRARY_PATH} PYTHONPATH=/home/ansl/ca_ws/build/ugv_collision_avoidance_lidar_example2/prefix_override:/usr/lib/python3/dist-packages/colcon_core/task/python/colcon_distutils_commands:/home/ansl/ca_ws/install/ugv_collision_avoidance_lidar_example2/lib/python3.10/site-packages:/home/ansl/ca_ws/install/px4_msgs/local/lib/python3.10/dist-packages:${PYTHONPATH} /usr/bin/python3 -W ignore:setup.py install is deprecated -W ignore:easy_install command is deprecated setup.py develop --editable --build-directory /home/ansl/ca_ws/build/ugv_collision_avoidance_lidar_example2/build --no-deps symlink_data
[0.800s] running develop
[0.905s] running egg_info
[0.905s] creating ugv_collision_avoidance_lidar_example2.egg-info
[0.905s] writing ugv_collision_avoidance_lidar_example2.egg-info/PKG-INFO
[0.906s] writing dependency_links to ugv_collision_avoidance_lidar_example2.egg-info/dependency_links.txt
[0.906s] writing entry points to ugv_collision_avoidance_lidar_example2.egg-info/entry_points.txt
[0.906s] writing requirements to ugv_collision_avoidance_lidar_example2.egg-info/requires.txt
[0.906s] writing top-level names to ugv_collision_avoidance_lidar_example2.egg-info/top_level.txt
[0.906s] writing manifest file 'ugv_collision_avoidance_lidar_example2.egg-info/SOURCES.txt'
[0.907s] reading manifest file 'ugv_collision_avoidance_lidar_example2.egg-info/SOURCES.txt'
[0.908s] writing manifest file 'ugv_collision_avoidance_lidar_example2.egg-info/SOURCES.txt'
[0.909s] running build_ext
[0.909s] Creating /home/ansl/ca_ws/install/ugv_collision_avoidance_lidar_example2/lib/python3.10/site-packages/ugv-collision-avoidance-lidar-example2.egg-link (link to .)
[0.909s] Installing obstacle_avoidance_node script to /home/ansl/ca_ws/install/ugv_collision_avoidance_lidar_example2/lib/ugv_collision_avoidance_lidar_example2
[0.909s] 
[0.909s] Installed /home/ansl/ca_ws/build/ugv_collision_avoidance_lidar_example2
[0.910s] running symlink_data
[0.910s] creating /home/ansl/ca_ws/install/ugv_collision_avoidance_lidar_example2/share/ament_index
[0.910s] creating /home/ansl/ca_ws/install/ugv_collision_avoidance_lidar_example2/share/ament_index/resource_index
[0.910s] creating /home/ansl/ca_ws/install/ugv_collision_avoidance_lidar_example2/share/ament_index/resource_index/packages
[0.910s] symbolically linking /home/ansl/ca_ws/build/ugv_collision_avoidance_lidar_example2/resource/ugv_collision_avoidance_lidar_example2 -> /home/ansl/ca_ws/install/ugv_collision_avoidance_lidar_example2/share/ament_index/resource_index/packages
[0.910s] symbolically linking /home/ansl/ca_ws/build/ugv_collision_avoidance_lidar_example2/package.xml -> /home/ansl/ca_ws/install/ugv_collision_avoidance_lidar_example2/share/ugv_collision_avoidance_lidar_example2
[0.910s] creating /home/ansl/ca_ws/install/ugv_collision_avoidance_lidar_example2/share/ugv_collision_avoidance_lidar_example2/launch
[0.910s] symbolically linking /home/ansl/ca_ws/build/ugv_collision_avoidance_lidar_example2/launch/ugv_avoidance.launch.py -> /home/ansl/ca_ws/install/ugv_collision_avoidance_lidar_example2/share/ugv_collision_avoidance_lidar_example2/launch
[0.948s] Invoked command in '/home/ansl/ca_ws/build/ugv_collision_avoidance_lidar_example2' returned '0': AMENT_PREFIX_PATH=/home/ansl/ca_ws/install/px4_msgs:${AMENT_PREFIX_PATH} CMAKE_PREFIX_PATH=/home/ansl/ca_ws/install/px4_msgs:${CMAKE_PREFIX_PATH} LD_LIBRARY_PATH=/home/ansl/ca_ws/install/px4_msgs/lib:${LD_LIBRARY_PATH} PYTHONPATH=/home/ansl/ca_ws/build/ugv_collision_avoidance_lidar_example2/prefix_override:/usr/lib/python3/dist-packages/colcon_core/task/python/colcon_distutils_commands:/home/ansl/ca_ws/install/ugv_collision_avoidance_lidar_example2/lib/python3.10/site-packages:/home/ansl/ca_ws/install/px4_msgs/local/lib/python3.10/dist-packages:${PYTHONPATH} /usr/bin/python3 -W ignore:setup.py install is deprecated -W ignore:easy_install command is deprecated setup.py develop --editable --build-directory /home/ansl/ca_ws/build/ugv_collision_avoidance_lidar_example2/build --no-deps symlink_data
