running develop
running egg_info
creating ugv_collision_avoidance_lidar_example1.egg-info
writing ugv_collision_avoidance_lidar_example1.egg-info/PKG-INFO
writing dependency_links to ugv_collision_avoidance_lidar_example1.egg-info/dependency_links.txt
writing entry points to ugv_collision_avoidance_lidar_example1.egg-info/entry_points.txt
writing requirements to ugv_collision_avoidance_lidar_example1.egg-info/requires.txt
writing top-level names to ugv_collision_avoidance_lidar_example1.egg-info/top_level.txt
writing manifest file 'ugv_collision_avoidance_lidar_example1.egg-info/SOURCES.txt'
reading manifest file 'ugv_collision_avoidance_lidar_example1.egg-info/SOURCES.txt'
writing manifest file 'ugv_collision_avoidance_lidar_example1.egg-info/SOURCES.txt'
running build_ext
Creating /home/ansl/ca_ws/install/ugv_collision_avoidance_lidar_example1/lib/python3.10/site-packages/ugv-collision-avoidance-lidar-example1.egg-link (link to .)
Installing actuator_command_publisher script to /home/ansl/ca_ws/install/ugv_collision_avoidance_lidar_example1/lib/ugv_collision_avoidance_lidar_example1

Installed /home/ansl/ca_ws/build/ugv_collision_avoidance_lidar_example1
running symlink_data
creating /home/ansl/ca_ws/install/ugv_collision_avoidance_lidar_example1/share/ament_index
creating /home/ansl/ca_ws/install/ugv_collision_avoidance_lidar_example1/share/ament_index/resource_index
creating /home/ansl/ca_ws/install/ugv_collision_avoidance_lidar_example1/share/ament_index/resource_index/packages
symbolically linking /home/ansl/ca_ws/build/ugv_collision_avoidance_lidar_example1/resource/ugv_collision_avoidance_lidar_example1 -> /home/ansl/ca_ws/install/ugv_collision_avoidance_lidar_example1/share/ament_index/resource_index/packages
symbolically linking /home/ansl/ca_ws/build/ugv_collision_avoidance_lidar_example1/package.xml -> /home/ansl/ca_ws/install/ugv_collision_avoidance_lidar_example1/share/ugv_collision_avoidance_lidar_example1
