[0.618s] Invoking command in '/home/ansl/ca_ws/build/ugv_collision_avoidance_lidar_example1': AMENT_PREFIX_PATH=/home/ansl/ca_ws/install/px4_msgs:${AMENT_PREFIX_PATH} CMAKE_PREFIX_PATH=/home/ansl/ca_ws/install/px4_msgs:${CMAKE_PREFIX_PATH} LD_LIBRARY_PATH=/home/ansl/ca_ws/install/px4_msgs/lib:${LD_LIBRARY_PATH} PYTHONPATH=/home/ansl/ca_ws/build/ugv_collision_avoidance_lidar_example1/prefix_override:/usr/lib/python3/dist-packages/colcon_core/task/python/colcon_distutils_commands:/home/ansl/ca_ws/install/ugv_collision_avoidance_lidar_example1/lib/python3.10/site-packages:/home/ansl/ca_ws/install/px4_msgs/local/lib/python3.10/dist-packages:${PYTHONPATH} /usr/bin/python3 -W ignore:setup.py install is deprecated -W ignore:easy_install command is deprecated setup.py develop --editable --build-directory /home/ansl/ca_ws/build/ugv_collision_avoidance_lidar_example1/build --no-deps symlink_data
[0.841s] running develop
[1.003s] running egg_info
[1.004s] creating ugv_collision_avoidance_lidar_example1.egg-info
[1.004s] writing ugv_collision_avoidance_lidar_example1.egg-info/PKG-INFO
[1.004s] writing dependency_links to ugv_collision_avoidance_lidar_example1.egg-info/dependency_links.txt
[1.004s] writing entry points to ugv_collision_avoidance_lidar_example1.egg-info/entry_points.txt
[1.005s] writing requirements to ugv_collision_avoidance_lidar_example1.egg-info/requires.txt
[1.005s] writing top-level names to ugv_collision_avoidance_lidar_example1.egg-info/top_level.txt
[1.005s] writing manifest file 'ugv_collision_avoidance_lidar_example1.egg-info/SOURCES.txt'
[1.007s] reading manifest file 'ugv_collision_avoidance_lidar_example1.egg-info/SOURCES.txt'
[1.008s] writing manifest file 'ugv_collision_avoidance_lidar_example1.egg-info/SOURCES.txt'
[1.010s] running build_ext
[1.010s] Creating /home/ansl/ca_ws/install/ugv_collision_avoidance_lidar_example1/lib/python3.10/site-packages/ugv-collision-avoidance-lidar-example1.egg-link (link to .)
[1.011s] Installing actuator_command_publisher script to /home/ansl/ca_ws/install/ugv_collision_avoidance_lidar_example1/lib/ugv_collision_avoidance_lidar_example1
[1.011s] 
[1.011s] Installed /home/ansl/ca_ws/build/ugv_collision_avoidance_lidar_example1
[1.012s] running symlink_data
[1.012s] creating /home/ansl/ca_ws/install/ugv_collision_avoidance_lidar_example1/share/ament_index
[1.012s] creating /home/ansl/ca_ws/install/ugv_collision_avoidance_lidar_example1/share/ament_index/resource_index
[1.012s] creating /home/ansl/ca_ws/install/ugv_collision_avoidance_lidar_example1/share/ament_index/resource_index/packages
[1.012s] symbolically linking /home/ansl/ca_ws/build/ugv_collision_avoidance_lidar_example1/resource/ugv_collision_avoidance_lidar_example1 -> /home/ansl/ca_ws/install/ugv_collision_avoidance_lidar_example1/share/ament_index/resource_index/packages
[1.012s] symbolically linking /home/ansl/ca_ws/build/ugv_collision_avoidance_lidar_example1/package.xml -> /home/ansl/ca_ws/install/ugv_collision_avoidance_lidar_example1/share/ugv_collision_avoidance_lidar_example1
[1.043s] Invoked command in '/home/ansl/ca_ws/build/ugv_collision_avoidance_lidar_example1' returned '0': AMENT_PREFIX_PATH=/home/ansl/ca_ws/install/px4_msgs:${AMENT_PREFIX_PATH} CMAKE_PREFIX_PATH=/home/ansl/ca_ws/install/px4_msgs:${CMAKE_PREFIX_PATH} LD_LIBRARY_PATH=/home/ansl/ca_ws/install/px4_msgs/lib:${LD_LIBRARY_PATH} PYTHONPATH=/home/ansl/ca_ws/build/ugv_collision_avoidance_lidar_example1/prefix_override:/usr/lib/python3/dist-packages/colcon_core/task/python/colcon_distutils_commands:/home/ansl/ca_ws/install/ugv_collision_avoidance_lidar_example1/lib/python3.10/site-packages:/home/ansl/ca_ws/install/px4_msgs/local/lib/python3.10/dist-packages:${PYTHONPATH} /usr/bin/python3 -W ignore:setup.py install is deprecated -W ignore:easy_install command is deprecated setup.py develop --editable --build-directory /home/ansl/ca_ws/build/ugv_collision_avoidance_lidar_example1/build --no-deps symlink_data
