[0.064s] DEBUG:colcon:Command line arguments: ['/usr/bin/colcon', 'build', '--symlink-install']
[0.065s] DEBUG:colcon:Parsed command line arguments: Namespace(log_base=None, log_level=None, verb_name='build', build_base='build', install_base='install', merge_install=False, symlink_install=True, test_result_base=None, continue_on_error=False, executor='parallel', parallel_workers=8, event_handlers=None, ignore_user_meta=False, metas=['./colcon.meta'], base_paths=['.'], packages_ignore=None, packages_ignore_regex=None, paths=None, packages_up_to=None, packages_up_to_regex=None, packages_above=None, packages_above_and_dependencies=None, packages_above_depth=None, packages_select_by_dep=None, packages_skip_by_dep=None, packages_skip_up_to=None, packages_select_build_failed=False, packages_skip_build_finished=False, packages_select_test_failures=False, packages_skip_test_passed=False, packages_select=None, packages_skip=None, packages_select_regex=None, packages_skip_regex=None, packages_start=None, packages_end=None, allow_overriding=[], cmake_args=None, cmake_target=None, cmake_target_skip_unavailable=False, cmake_clean_cache=False, cmake_clean_first=False, cmake_force_configure=False, ament_cmake_args=None, catkin_cmake_args=None, catkin_skip_building_tests=False, mixin_files=None, mixin=None, verb_parser=<colcon_mixin.mixin.mixin_argument.MixinArgumentDecorator object at 0x70d5b99c2c80>, verb_extension=<colcon_core.verb.build.BuildVerb object at 0x70d5b9bfc700>, main=<bound method BuildVerb.main of <colcon_core.verb.build.BuildVerb object at 0x70d5b9bfc700>>, mixin_verb=('build',))
[0.172s] Level 1:colcon.colcon_core.package_discovery:discover_packages(colcon_meta) check parameters
[0.172s] Level 1:colcon.colcon_core.package_discovery:discover_packages(recursive) check parameters
[0.172s] Level 1:colcon.colcon_core.package_discovery:discover_packages(ignore) check parameters
[0.172s] Level 1:colcon.colcon_core.package_discovery:discover_packages(path) check parameters
[0.172s] Level 1:colcon.colcon_core.package_discovery:discover_packages(colcon_meta) discover
[0.172s] Level 1:colcon.colcon_core.package_discovery:discover_packages(recursive) discover
[0.172s] INFO:colcon.colcon_core.package_discovery:Crawling recursively for packages in '/home/ansl/ca_ws'
[0.172s] Level 1:colcon.colcon_core.package_identification:_identify(.) by extensions ['ignore', 'ignore_ament_install']
[0.172s] Level 1:colcon.colcon_core.package_identification:_identify(.) by extension 'ignore'
[0.172s] Level 1:colcon.colcon_core.package_identification:_identify(.) by extension 'ignore_ament_install'
[0.172s] Level 1:colcon.colcon_core.package_identification:_identify(.) by extensions ['colcon_pkg']
[0.172s] Level 1:colcon.colcon_core.package_identification:_identify(.) by extension 'colcon_pkg'
[0.172s] Level 1:colcon.colcon_core.package_identification:_identify(.) by extensions ['colcon_meta']
[0.172s] Level 1:colcon.colcon_core.package_identification:_identify(.) by extension 'colcon_meta'
[0.172s] Level 1:colcon.colcon_core.package_identification:_identify(.) by extensions ['ros']
[0.172s] Level 1:colcon.colcon_core.package_identification:_identify(.) by extension 'ros'
[0.186s] Level 1:colcon.colcon_core.package_identification:_identify(.) by extensions ['cmake', 'python']
[0.186s] Level 1:colcon.colcon_core.package_identification:_identify(.) by extension 'cmake'
[0.186s] Level 1:colcon.colcon_core.package_identification:_identify(.) by extension 'python'
[0.186s] Level 1:colcon.colcon_core.package_identification:_identify(.) by extensions ['python_setup_py']
[0.186s] Level 1:colcon.colcon_core.package_identification:_identify(.) by extension 'python_setup_py'
[0.186s] Level 1:colcon.colcon_core.package_identification:_identify(build) by extensions ['ignore', 'ignore_ament_install']
[0.186s] Level 1:colcon.colcon_core.package_identification:_identify(build) by extension 'ignore'
[0.186s] Level 1:colcon.colcon_core.package_identification:_identify(build) ignored
[0.186s] Level 1:colcon.colcon_core.package_identification:_identify(install) by extensions ['ignore', 'ignore_ament_install']
[0.186s] Level 1:colcon.colcon_core.package_identification:_identify(install) by extension 'ignore'
[0.186s] Level 1:colcon.colcon_core.package_identification:_identify(install) ignored
[0.186s] Level 1:colcon.colcon_core.package_identification:_identify(log) by extensions ['ignore', 'ignore_ament_install']
[0.186s] Level 1:colcon.colcon_core.package_identification:_identify(log) by extension 'ignore'
[0.186s] Level 1:colcon.colcon_core.package_identification:_identify(log) ignored
[0.186s] Level 1:colcon.colcon_core.package_identification:_identify(src) by extensions ['ignore', 'ignore_ament_install']
[0.186s] Level 1:colcon.colcon_core.package_identification:_identify(src) by extension 'ignore'
[0.186s] Level 1:colcon.colcon_core.package_identification:_identify(src) by extension 'ignore_ament_install'
[0.186s] Level 1:colcon.colcon_core.package_identification:_identify(src) by extensions ['colcon_pkg']
[0.186s] Level 1:colcon.colcon_core.package_identification:_identify(src) by extension 'colcon_pkg'
[0.186s] Level 1:colcon.colcon_core.package_identification:_identify(src) by extensions ['colcon_meta']
[0.186s] Level 1:colcon.colcon_core.package_identification:_identify(src) by extension 'colcon_meta'
[0.186s] Level 1:colcon.colcon_core.package_identification:_identify(src) by extensions ['ros']
[0.187s] Level 1:colcon.colcon_core.package_identification:_identify(src) by extension 'ros'
[0.187s] Level 1:colcon.colcon_core.package_identification:_identify(src) by extensions ['cmake', 'python']
[0.187s] Level 1:colcon.colcon_core.package_identification:_identify(src) by extension 'cmake'
[0.187s] Level 1:colcon.colcon_core.package_identification:_identify(src) by extension 'python'
[0.187s] Level 1:colcon.colcon_core.package_identification:_identify(src) by extensions ['python_setup_py']
[0.187s] Level 1:colcon.colcon_core.package_identification:_identify(src) by extension 'python_setup_py'
[0.187s] Level 1:colcon.colcon_core.package_identification:_identify(src/pointcloud_to_laserscan) by extensions ['ignore', 'ignore_ament_install']
[0.187s] Level 1:colcon.colcon_core.package_identification:_identify(src/pointcloud_to_laserscan) by extension 'ignore'
[0.187s] Level 1:colcon.colcon_core.package_identification:_identify(src/pointcloud_to_laserscan) by extension 'ignore_ament_install'
[0.187s] Level 1:colcon.colcon_core.package_identification:_identify(src/pointcloud_to_laserscan) by extensions ['colcon_pkg']
[0.187s] Level 1:colcon.colcon_core.package_identification:_identify(src/pointcloud_to_laserscan) by extension 'colcon_pkg'
[0.187s] Level 1:colcon.colcon_core.package_identification:_identify(src/pointcloud_to_laserscan) by extensions ['colcon_meta']
[0.187s] Level 1:colcon.colcon_core.package_identification:_identify(src/pointcloud_to_laserscan) by extension 'colcon_meta'
[0.187s] Level 1:colcon.colcon_core.package_identification:_identify(src/pointcloud_to_laserscan) by extensions ['ros']
[0.187s] Level 1:colcon.colcon_core.package_identification:_identify(src/pointcloud_to_laserscan) by extension 'ros'
[0.189s] DEBUG:colcon.colcon_core.package_identification:Package 'src/pointcloud_to_laserscan' with type 'ros.ament_cmake' and name 'pointcloud_to_laserscan'
[0.189s] Level 1:colcon.colcon_core.package_identification:_identify(src/px4_msgs) by extensions ['ignore', 'ignore_ament_install']
[0.189s] Level 1:colcon.colcon_core.package_identification:_identify(src/px4_msgs) by extension 'ignore'
[0.189s] Level 1:colcon.colcon_core.package_identification:_identify(src/px4_msgs) by extension 'ignore_ament_install'
[0.189s] Level 1:colcon.colcon_core.package_identification:_identify(src/px4_msgs) by extensions ['colcon_pkg']
[0.189s] Level 1:colcon.colcon_core.package_identification:_identify(src/px4_msgs) by extension 'colcon_pkg'
[0.189s] Level 1:colcon.colcon_core.package_identification:_identify(src/px4_msgs) by extensions ['colcon_meta']
[0.189s] Level 1:colcon.colcon_core.package_identification:_identify(src/px4_msgs) by extension 'colcon_meta'
[0.189s] Level 1:colcon.colcon_core.package_identification:_identify(src/px4_msgs) by extensions ['ros']
[0.189s] Level 1:colcon.colcon_core.package_identification:_identify(src/px4_msgs) by extension 'ros'
[0.190s] DEBUG:colcon.colcon_core.package_identification:Package 'src/px4_msgs' with type 'ros.ament_cmake' and name 'px4_msgs'
[0.190s] Level 1:colcon.colcon_core.package_identification:_identify(src/px4_ros_com) by extensions ['ignore', 'ignore_ament_install']
[0.190s] Level 1:colcon.colcon_core.package_identification:_identify(src/px4_ros_com) by extension 'ignore'
[0.190s] Level 1:colcon.colcon_core.package_identification:_identify(src/px4_ros_com) by extension 'ignore_ament_install'
[0.190s] Level 1:colcon.colcon_core.package_identification:_identify(src/px4_ros_com) by extensions ['colcon_pkg']
[0.190s] Level 1:colcon.colcon_core.package_identification:_identify(src/px4_ros_com) by extension 'colcon_pkg'
[0.190s] Level 1:colcon.colcon_core.package_identification:_identify(src/px4_ros_com) by extensions ['colcon_meta']
[0.190s] Level 1:colcon.colcon_core.package_identification:_identify(src/px4_ros_com) by extension 'colcon_meta'
[0.190s] Level 1:colcon.colcon_core.package_identification:_identify(src/px4_ros_com) by extensions ['ros']
[0.190s] Level 1:colcon.colcon_core.package_identification:_identify(src/px4_ros_com) by extension 'ros'
[0.191s] DEBUG:colcon.colcon_core.package_identification:Package 'src/px4_ros_com' with type 'ros.ament_cmake' and name 'px4_ros_com'
[0.191s] Level 1:colcon.colcon_core.package_identification:_identify(src/ugv_collision_avoidance_lidar_example1) by extensions ['ignore', 'ignore_ament_install']
[0.191s] Level 1:colcon.colcon_core.package_identification:_identify(src/ugv_collision_avoidance_lidar_example1) by extension 'ignore'
[0.191s] Level 1:colcon.colcon_core.package_identification:_identify(src/ugv_collision_avoidance_lidar_example1) by extension 'ignore_ament_install'
[0.191s] Level 1:colcon.colcon_core.package_identification:_identify(src/ugv_collision_avoidance_lidar_example1) by extensions ['colcon_pkg']
[0.191s] Level 1:colcon.colcon_core.package_identification:_identify(src/ugv_collision_avoidance_lidar_example1) by extension 'colcon_pkg'
[0.191s] Level 1:colcon.colcon_core.package_identification:_identify(src/ugv_collision_avoidance_lidar_example1) by extensions ['colcon_meta']
[0.191s] Level 1:colcon.colcon_core.package_identification:_identify(src/ugv_collision_avoidance_lidar_example1) by extension 'colcon_meta'
[0.191s] Level 1:colcon.colcon_core.package_identification:_identify(src/ugv_collision_avoidance_lidar_example1) by extensions ['ros']
[0.191s] Level 1:colcon.colcon_core.package_identification:_identify(src/ugv_collision_avoidance_lidar_example1) by extension 'ros'
[0.191s] DEBUG:colcon.colcon_core.package_identification:Package 'src/ugv_collision_avoidance_lidar_example1' with type 'ros.ament_python' and name 'ugv_collision_avoidance_lidar_example1'
[0.191s] Level 1:colcon.colcon_core.package_identification:_identify(src/ugv_collision_avoidance_lidar_example2) by extensions ['ignore', 'ignore_ament_install']
[0.191s] Level 1:colcon.colcon_core.package_identification:_identify(src/ugv_collision_avoidance_lidar_example2) by extension 'ignore'
[0.191s] Level 1:colcon.colcon_core.package_identification:_identify(src/ugv_collision_avoidance_lidar_example2) by extension 'ignore_ament_install'
[0.191s] Level 1:colcon.colcon_core.package_identification:_identify(src/ugv_collision_avoidance_lidar_example2) by extensions ['colcon_pkg']
[0.191s] Level 1:colcon.colcon_core.package_identification:_identify(src/ugv_collision_avoidance_lidar_example2) by extension 'colcon_pkg'
[0.191s] Level 1:colcon.colcon_core.package_identification:_identify(src/ugv_collision_avoidance_lidar_example2) by extensions ['colcon_meta']
[0.191s] Level 1:colcon.colcon_core.package_identification:_identify(src/ugv_collision_avoidance_lidar_example2) by extension 'colcon_meta'
[0.191s] Level 1:colcon.colcon_core.package_identification:_identify(src/ugv_collision_avoidance_lidar_example2) by extensions ['ros']
[0.192s] Level 1:colcon.colcon_core.package_identification:_identify(src/ugv_collision_avoidance_lidar_example2) by extension 'ros'
[0.192s] DEBUG:colcon.colcon_core.package_identification:Package 'src/ugv_collision_avoidance_lidar_example2' with type 'ros.ament_python' and name 'ugv_collision_avoidance_lidar_example2'
[0.192s] Level 1:colcon.colcon_core.package_discovery:discover_packages(recursive) using defaults
[0.192s] Level 1:colcon.colcon_core.package_discovery:discover_packages(ignore) discover
[0.192s] Level 1:colcon.colcon_core.package_discovery:discover_packages(ignore) using defaults
[0.192s] Level 1:colcon.colcon_core.package_discovery:discover_packages(path) discover
[0.192s] Level 1:colcon.colcon_core.package_discovery:discover_packages(path) using defaults
[0.205s] Level 1:colcon.colcon_core.package_discovery:discover_packages(prefix_path) check parameters
[0.206s] Level 1:colcon.colcon_core.package_discovery:discover_packages(prefix_path) discover
[0.206s] WARNING:colcon.colcon_ros.prefix_path.ament:The path '/home/ansl/ca_ws/install/pointcloud_to_laserscan' in the environment variable AMENT_PREFIX_PATH doesn't exist
[0.206s] WARNING:colcon.colcon_ros.prefix_path.catkin:The path '/home/ansl/ca_ws/install/pointcloud_to_laserscan' in the environment variable CMAKE_PREFIX_PATH doesn't exist
[0.207s] DEBUG:colcon.colcon_installed_package_information.package_discovery:Found 0 installed packages in /home/ansl/ca_ws/install
[0.207s] DEBUG:colcon.colcon_installed_package_information.package_discovery:Found 1 installed packages in /home/ansl/ws_livox/install
[0.207s] DEBUG:colcon.colcon_installed_package_information.package_discovery:Found 6 installed packages in /home/ansl/px4_ros2_ws/install
[0.208s] DEBUG:colcon.colcon_installed_package_information.package_discovery:Found 273 installed packages in /opt/ros/humble
[0.209s] Level 1:colcon.colcon_core.package_discovery:discover_packages(prefix_path) using defaults
[0.232s] WARNING:colcon.colcon_core.package_selection:Some selected packages are already built in one or more underlay workspaces:
	'px4_msgs' is in: /home/ansl/px4_ros2_ws/install/px4_msgs
If a package in a merged underlay workspace is overridden and it installs headers, then all packages in the overlay must sort their include directories by workspace order. Failure to do so may result in build failures or undefined behavior at run time.
If the overridden package is used by another package in any underlay, then the overriding package in the overlay must be API and ABI compatible or undefined behavior at run time may occur.

If you understand the risks and want to override a package anyways, add the following to the command line:
	--allow-overriding px4_msgs

This may be promoted to an error in a future release of colcon-override-check.
[0.232s] Level 5:colcon.colcon_core.verb:set package 'pointcloud_to_laserscan' build argument 'cmake_args' from command line to 'None'
[0.232s] Level 5:colcon.colcon_core.verb:set package 'pointcloud_to_laserscan' build argument 'cmake_target' from command line to 'None'
[0.232s] Level 5:colcon.colcon_core.verb:set package 'pointcloud_to_laserscan' build argument 'cmake_target_skip_unavailable' from command line to 'False'
[0.232s] Level 5:colcon.colcon_core.verb:set package 'pointcloud_to_laserscan' build argument 'cmake_clean_cache' from command line to 'False'
[0.232s] Level 5:colcon.colcon_core.verb:set package 'pointcloud_to_laserscan' build argument 'cmake_clean_first' from command line to 'False'
[0.232s] Level 5:colcon.colcon_core.verb:set package 'pointcloud_to_laserscan' build argument 'cmake_force_configure' from command line to 'False'
[0.232s] Level 5:colcon.colcon_core.verb:set package 'pointcloud_to_laserscan' build argument 'ament_cmake_args' from command line to 'None'
[0.232s] Level 5:colcon.colcon_core.verb:set package 'pointcloud_to_laserscan' build argument 'catkin_cmake_args' from command line to 'None'
[0.232s] Level 5:colcon.colcon_core.verb:set package 'pointcloud_to_laserscan' build argument 'catkin_skip_building_tests' from command line to 'False'
[0.232s] DEBUG:colcon.colcon_core.verb:Building package 'pointcloud_to_laserscan' with the following arguments: {'ament_cmake_args': None, 'build_base': '/home/ansl/ca_ws/build/pointcloud_to_laserscan', 'catkin_cmake_args': None, 'catkin_skip_building_tests': False, 'cmake_args': None, 'cmake_clean_cache': False, 'cmake_clean_first': False, 'cmake_force_configure': False, 'cmake_target': None, 'cmake_target_skip_unavailable': False, 'install_base': '/home/ansl/ca_ws/install/pointcloud_to_laserscan', 'merge_install': False, 'path': '/home/ansl/ca_ws/src/pointcloud_to_laserscan', 'symlink_install': True, 'test_result_base': None}
[0.233s] Level 5:colcon.colcon_core.verb:set package 'px4_msgs' build argument 'cmake_args' from command line to 'None'
[0.233s] Level 5:colcon.colcon_core.verb:set package 'px4_msgs' build argument 'cmake_target' from command line to 'None'
[0.233s] Level 5:colcon.colcon_core.verb:set package 'px4_msgs' build argument 'cmake_target_skip_unavailable' from command line to 'False'
[0.233s] Level 5:colcon.colcon_core.verb:set package 'px4_msgs' build argument 'cmake_clean_cache' from command line to 'False'
[0.233s] Level 5:colcon.colcon_core.verb:set package 'px4_msgs' build argument 'cmake_clean_first' from command line to 'False'
[0.233s] Level 5:colcon.colcon_core.verb:set package 'px4_msgs' build argument 'cmake_force_configure' from command line to 'False'
[0.233s] Level 5:colcon.colcon_core.verb:set package 'px4_msgs' build argument 'ament_cmake_args' from command line to 'None'
[0.233s] Level 5:colcon.colcon_core.verb:set package 'px4_msgs' build argument 'catkin_cmake_args' from command line to 'None'
[0.233s] Level 5:colcon.colcon_core.verb:set package 'px4_msgs' build argument 'catkin_skip_building_tests' from command line to 'False'
[0.233s] DEBUG:colcon.colcon_core.verb:Building package 'px4_msgs' with the following arguments: {'ament_cmake_args': None, 'build_base': '/home/ansl/ca_ws/build/px4_msgs', 'catkin_cmake_args': None, 'catkin_skip_building_tests': False, 'cmake_args': None, 'cmake_clean_cache': False, 'cmake_clean_first': False, 'cmake_force_configure': False, 'cmake_target': None, 'cmake_target_skip_unavailable': False, 'install_base': '/home/ansl/ca_ws/install/px4_msgs', 'merge_install': False, 'path': '/home/ansl/ca_ws/src/px4_msgs', 'symlink_install': True, 'test_result_base': None}
[0.233s] Level 5:colcon.colcon_core.verb:set package 'px4_ros_com' build argument 'cmake_args' from command line to 'None'
[0.233s] Level 5:colcon.colcon_core.verb:set package 'px4_ros_com' build argument 'cmake_target' from command line to 'None'
[0.233s] Level 5:colcon.colcon_core.verb:set package 'px4_ros_com' build argument 'cmake_target_skip_unavailable' from command line to 'False'
[0.233s] Level 5:colcon.colcon_core.verb:set package 'px4_ros_com' build argument 'cmake_clean_cache' from command line to 'False'
[0.233s] Level 5:colcon.colcon_core.verb:set package 'px4_ros_com' build argument 'cmake_clean_first' from command line to 'False'
[0.233s] Level 5:colcon.colcon_core.verb:set package 'px4_ros_com' build argument 'cmake_force_configure' from command line to 'False'
[0.233s] Level 5:colcon.colcon_core.verb:set package 'px4_ros_com' build argument 'ament_cmake_args' from command line to 'None'
[0.233s] Level 5:colcon.colcon_core.verb:set package 'px4_ros_com' build argument 'catkin_cmake_args' from command line to 'None'
[0.233s] Level 5:colcon.colcon_core.verb:set package 'px4_ros_com' build argument 'catkin_skip_building_tests' from command line to 'False'
[0.233s] DEBUG:colcon.colcon_core.verb:Building package 'px4_ros_com' with the following arguments: {'ament_cmake_args': None, 'build_base': '/home/ansl/ca_ws/build/px4_ros_com', 'catkin_cmake_args': None, 'catkin_skip_building_tests': False, 'cmake_args': None, 'cmake_clean_cache': False, 'cmake_clean_first': False, 'cmake_force_configure': False, 'cmake_target': None, 'cmake_target_skip_unavailable': False, 'install_base': '/home/ansl/ca_ws/install/px4_ros_com', 'merge_install': False, 'path': '/home/ansl/ca_ws/src/px4_ros_com', 'symlink_install': True, 'test_result_base': None}
[0.233s] Level 5:colcon.colcon_core.verb:set package 'ugv_collision_avoidance_lidar_example1' build argument 'cmake_args' from command line to 'None'
[0.233s] Level 5:colcon.colcon_core.verb:set package 'ugv_collision_avoidance_lidar_example1' build argument 'cmake_target' from command line to 'None'
[0.233s] Level 5:colcon.colcon_core.verb:set package 'ugv_collision_avoidance_lidar_example1' build argument 'cmake_target_skip_unavailable' from command line to 'False'
[0.233s] Level 5:colcon.colcon_core.verb:set package 'ugv_collision_avoidance_lidar_example1' build argument 'cmake_clean_cache' from command line to 'False'
[0.233s] Level 5:colcon.colcon_core.verb:set package 'ugv_collision_avoidance_lidar_example1' build argument 'cmake_clean_first' from command line to 'False'
[0.233s] Level 5:colcon.colcon_core.verb:set package 'ugv_collision_avoidance_lidar_example1' build argument 'cmake_force_configure' from command line to 'False'
[0.233s] Level 5:colcon.colcon_core.verb:set package 'ugv_collision_avoidance_lidar_example1' build argument 'ament_cmake_args' from command line to 'None'
[0.233s] Level 5:colcon.colcon_core.verb:set package 'ugv_collision_avoidance_lidar_example1' build argument 'catkin_cmake_args' from command line to 'None'
[0.233s] Level 5:colcon.colcon_core.verb:set package 'ugv_collision_avoidance_lidar_example1' build argument 'catkin_skip_building_tests' from command line to 'False'
[0.233s] DEBUG:colcon.colcon_core.verb:Building package 'ugv_collision_avoidance_lidar_example1' with the following arguments: {'ament_cmake_args': None, 'build_base': '/home/ansl/ca_ws/build/ugv_collision_avoidance_lidar_example1', 'catkin_cmake_args': None, 'catkin_skip_building_tests': False, 'cmake_args': None, 'cmake_clean_cache': False, 'cmake_clean_first': False, 'cmake_force_configure': False, 'cmake_target': None, 'cmake_target_skip_unavailable': False, 'install_base': '/home/ansl/ca_ws/install/ugv_collision_avoidance_lidar_example1', 'merge_install': False, 'path': '/home/ansl/ca_ws/src/ugv_collision_avoidance_lidar_example1', 'symlink_install': True, 'test_result_base': None}
[0.234s] Level 5:colcon.colcon_core.verb:set package 'ugv_collision_avoidance_lidar_example2' build argument 'cmake_args' from command line to 'None'
[0.234s] Level 5:colcon.colcon_core.verb:set package 'ugv_collision_avoidance_lidar_example2' build argument 'cmake_target' from command line to 'None'
[0.234s] Level 5:colcon.colcon_core.verb:set package 'ugv_collision_avoidance_lidar_example2' build argument 'cmake_target_skip_unavailable' from command line to 'False'
[0.234s] Level 5:colcon.colcon_core.verb:set package 'ugv_collision_avoidance_lidar_example2' build argument 'cmake_clean_cache' from command line to 'False'
[0.234s] Level 5:colcon.colcon_core.verb:set package 'ugv_collision_avoidance_lidar_example2' build argument 'cmake_clean_first' from command line to 'False'
[0.234s] Level 5:colcon.colcon_core.verb:set package 'ugv_collision_avoidance_lidar_example2' build argument 'cmake_force_configure' from command line to 'False'
[0.234s] Level 5:colcon.colcon_core.verb:set package 'ugv_collision_avoidance_lidar_example2' build argument 'ament_cmake_args' from command line to 'None'
[0.234s] Level 5:colcon.colcon_core.verb:set package 'ugv_collision_avoidance_lidar_example2' build argument 'catkin_cmake_args' from command line to 'None'
[0.234s] Level 5:colcon.colcon_core.verb:set package 'ugv_collision_avoidance_lidar_example2' build argument 'catkin_skip_building_tests' from command line to 'False'
[0.234s] DEBUG:colcon.colcon_core.verb:Building package 'ugv_collision_avoidance_lidar_example2' with the following arguments: {'ament_cmake_args': None, 'build_base': '/home/ansl/ca_ws/build/ugv_collision_avoidance_lidar_example2', 'catkin_cmake_args': None, 'catkin_skip_building_tests': False, 'cmake_args': None, 'cmake_clean_cache': False, 'cmake_clean_first': False, 'cmake_force_configure': False, 'cmake_target': None, 'cmake_target_skip_unavailable': False, 'install_base': '/home/ansl/ca_ws/install/ugv_collision_avoidance_lidar_example2', 'merge_install': False, 'path': '/home/ansl/ca_ws/src/ugv_collision_avoidance_lidar_example2', 'symlink_install': True, 'test_result_base': None}
[0.234s] INFO:colcon.colcon_core.executor:Executing jobs using 'parallel' executor
[0.235s] DEBUG:colcon.colcon_parallel_executor.executor.parallel:run_until_complete
[0.235s] INFO:colcon.colcon_ros.task.ament_cmake.build:Building ROS package in '/home/ansl/ca_ws/src/px4_msgs' with build type 'ament_cmake'
[0.235s] INFO:colcon.colcon_cmake.task.cmake.build:Building CMake package in '/home/ansl/ca_ws/src/px4_msgs'
[0.236s] INFO:colcon.colcon_core.plugin_system:Skipping extension 'colcon_core.shell.bat': Not used on non-Windows systems
[0.236s] INFO:colcon.colcon_core.shell:Skip shell extension 'powershell' for command environment: Not usable outside of PowerShell
[0.236s] DEBUG:colcon.colcon_core.shell:Skip shell extension 'dsv' for command environment
[0.239s] INFO:colcon.colcon_ros.task.ament_cmake.build:Building ROS package in '/home/ansl/ca_ws/src/pointcloud_to_laserscan' with build type 'ament_cmake'
[0.239s] INFO:colcon.colcon_cmake.task.cmake.build:Building CMake package in '/home/ansl/ca_ws/src/pointcloud_to_laserscan'
[0.239s] INFO:colcon.colcon_core.shell:Skip shell extension 'powershell' for command environment: Not usable outside of PowerShell
[0.239s] DEBUG:colcon.colcon_core.shell:Skip shell extension 'dsv' for command environment
[0.244s] DEBUG:colcon.colcon_core.event_handler.log_command:Invoking command in '/home/ansl/ca_ws/build/px4_msgs': CMAKE_PREFIX_PATH=${CMAKE_PREFIX_PATH}:/home/ansl/px4_ros2_ws/install/usv_control_pkg:/home/ansl/px4_ros2_ws/install/ugv_collision_avoidance_lidar_example2:/home/ansl/px4_ros2_ws/install/ugv_collision_avoidance_lidar_example1:/opt/ros/humble /usr/bin/cmake /home/ansl/ca_ws/src/px4_msgs -DAMENT_CMAKE_SYMLINK_INSTALL=1 -DCMAKE_INSTALL_PREFIX=/home/ansl/ca_ws/install/px4_msgs
[0.245s] DEBUG:colcon.colcon_core.event_handler.log_command:Invoking command in '/home/ansl/ca_ws/build/pointcloud_to_laserscan': CMAKE_PREFIX_PATH=${CMAKE_PREFIX_PATH}:/home/ansl/px4_ros2_ws/install/usv_control_pkg:/home/ansl/px4_ros2_ws/install/ugv_collision_avoidance_lidar_example2:/home/ansl/px4_ros2_ws/install/ugv_collision_avoidance_lidar_example1:/opt/ros/humble /usr/bin/cmake /home/ansl/ca_ws/src/pointcloud_to_laserscan -DAMENT_CMAKE_SYMLINK_INSTALL=1 -DCMAKE_INSTALL_PREFIX=/home/ansl/ca_ws/install/pointcloud_to_laserscan
[1.200s] DEBUG:colcon.colcon_core.event_handler.log_command:Invoked command in '/home/ansl/ca_ws/build/pointcloud_to_laserscan' returned '0': CMAKE_PREFIX_PATH=${CMAKE_PREFIX_PATH}:/home/ansl/px4_ros2_ws/install/usv_control_pkg:/home/ansl/px4_ros2_ws/install/ugv_collision_avoidance_lidar_example2:/home/ansl/px4_ros2_ws/install/ugv_collision_avoidance_lidar_example1:/opt/ros/humble /usr/bin/cmake /home/ansl/ca_ws/src/pointcloud_to_laserscan -DAMENT_CMAKE_SYMLINK_INSTALL=1 -DCMAKE_INSTALL_PREFIX=/home/ansl/ca_ws/install/pointcloud_to_laserscan
[1.202s] DEBUG:colcon.colcon_core.event_handler.log_command:Invoking command in '/home/ansl/ca_ws/build/pointcloud_to_laserscan': CMAKE_PREFIX_PATH=${CMAKE_PREFIX_PATH}:/home/ansl/px4_ros2_ws/install/usv_control_pkg:/home/ansl/px4_ros2_ws/install/ugv_collision_avoidance_lidar_example2:/home/ansl/px4_ros2_ws/install/ugv_collision_avoidance_lidar_example1:/opt/ros/humble /usr/bin/cmake --build /home/ansl/ca_ws/build/pointcloud_to_laserscan -- -j8 -l8
[2.726s] DEBUG:colcon.colcon_core.event_handler.log_command:Invoked command in '/home/ansl/ca_ws/build/px4_msgs' returned '0': CMAKE_PREFIX_PATH=${CMAKE_PREFIX_PATH}:/home/ansl/px4_ros2_ws/install/usv_control_pkg:/home/ansl/px4_ros2_ws/install/ugv_collision_avoidance_lidar_example2:/home/ansl/px4_ros2_ws/install/ugv_collision_avoidance_lidar_example1:/opt/ros/humble /usr/bin/cmake /home/ansl/ca_ws/src/px4_msgs -DAMENT_CMAKE_SYMLINK_INSTALL=1 -DCMAKE_INSTALL_PREFIX=/home/ansl/ca_ws/install/px4_msgs
[2.727s] DEBUG:colcon.colcon_core.event_handler.log_command:Invoking command in '/home/ansl/ca_ws/build/px4_msgs': CMAKE_PREFIX_PATH=${CMAKE_PREFIX_PATH}:/home/ansl/px4_ros2_ws/install/usv_control_pkg:/home/ansl/px4_ros2_ws/install/ugv_collision_avoidance_lidar_example2:/home/ansl/px4_ros2_ws/install/ugv_collision_avoidance_lidar_example1:/opt/ros/humble /usr/bin/cmake --build /home/ansl/ca_ws/build/px4_msgs -- -j8 -l8
[21.420s] DEBUG:colcon.colcon_core.event_handler.log_command:Invoked command in '/home/ansl/ca_ws/build/pointcloud_to_laserscan' returned '0': CMAKE_PREFIX_PATH=${CMAKE_PREFIX_PATH}:/home/ansl/px4_ros2_ws/install/usv_control_pkg:/home/ansl/px4_ros2_ws/install/ugv_collision_avoidance_lidar_example2:/home/ansl/px4_ros2_ws/install/ugv_collision_avoidance_lidar_example1:/opt/ros/humble /usr/bin/cmake --build /home/ansl/ca_ws/build/pointcloud_to_laserscan -- -j8 -l8
[21.428s] DEBUG:colcon.colcon_core.event_handler.log_command:Invoking command in '/home/ansl/ca_ws/build/pointcloud_to_laserscan': CMAKE_PREFIX_PATH=${CMAKE_PREFIX_PATH}:/home/ansl/px4_ros2_ws/install/usv_control_pkg:/home/ansl/px4_ros2_ws/install/ugv_collision_avoidance_lidar_example2:/home/ansl/px4_ros2_ws/install/ugv_collision_avoidance_lidar_example1:/opt/ros/humble /usr/bin/cmake --install /home/ansl/ca_ws/build/pointcloud_to_laserscan
[21.616s] Level 1:colcon.colcon_core.environment:create_environment_scripts_only(pointcloud_to_laserscan)
[21.617s] DEBUG:colcon.colcon_core.event_handler.log_command:Invoked command in '/home/ansl/ca_ws/build/pointcloud_to_laserscan' returned '0': CMAKE_PREFIX_PATH=${CMAKE_PREFIX_PATH}:/home/ansl/px4_ros2_ws/install/usv_control_pkg:/home/ansl/px4_ros2_ws/install/ugv_collision_avoidance_lidar_example2:/home/ansl/px4_ros2_ws/install/ugv_collision_avoidance_lidar_example1:/opt/ros/humble /usr/bin/cmake --install /home/ansl/ca_ws/build/pointcloud_to_laserscan
[21.618s] Level 1:colcon.colcon_core.environment:checking '/home/ansl/ca_ws/install/pointcloud_to_laserscan' for CMake module files
[21.618s] Level 1:colcon.colcon_core.environment:checking '/home/ansl/ca_ws/install/pointcloud_to_laserscan' for CMake config files
[21.619s] Level 1:colcon.colcon_core.shell:create_environment_hook('pointcloud_to_laserscan', 'cmake_prefix_path')
[21.619s] INFO:colcon.colcon_core.shell:Creating environment hook '/home/ansl/ca_ws/install/pointcloud_to_laserscan/share/pointcloud_to_laserscan/hook/cmake_prefix_path.ps1'
[21.619s] INFO:colcon.colcon_core.shell:Creating environment descriptor '/home/ansl/ca_ws/install/pointcloud_to_laserscan/share/pointcloud_to_laserscan/hook/cmake_prefix_path.dsv'
[21.619s] INFO:colcon.colcon_core.shell:Creating environment hook '/home/ansl/ca_ws/install/pointcloud_to_laserscan/share/pointcloud_to_laserscan/hook/cmake_prefix_path.sh'
[21.620s] Level 1:colcon.colcon_core.environment:checking '/home/ansl/ca_ws/install/pointcloud_to_laserscan/lib'
[21.620s] Level 1:colcon.colcon_core.shell:create_environment_hook('pointcloud_to_laserscan', 'ld_library_path_lib')
[21.620s] INFO:colcon.colcon_core.shell:Creating environment hook '/home/ansl/ca_ws/install/pointcloud_to_laserscan/share/pointcloud_to_laserscan/hook/ld_library_path_lib.ps1'
[21.620s] INFO:colcon.colcon_core.shell:Creating environment descriptor '/home/ansl/ca_ws/install/pointcloud_to_laserscan/share/pointcloud_to_laserscan/hook/ld_library_path_lib.dsv'
[21.621s] INFO:colcon.colcon_core.shell:Creating environment hook '/home/ansl/ca_ws/install/pointcloud_to_laserscan/share/pointcloud_to_laserscan/hook/ld_library_path_lib.sh'
[21.621s] Level 1:colcon.colcon_core.environment:checking '/home/ansl/ca_ws/install/pointcloud_to_laserscan/bin'
[21.621s] Level 1:colcon.colcon_core.environment:checking '/home/ansl/ca_ws/install/pointcloud_to_laserscan/lib/pkgconfig/pointcloud_to_laserscan.pc'
[21.621s] Level 1:colcon.colcon_core.environment:checking '/home/ansl/ca_ws/install/pointcloud_to_laserscan/lib/python3.10/site-packages'
[21.621s] Level 1:colcon.colcon_core.environment:checking '/home/ansl/ca_ws/install/pointcloud_to_laserscan/bin'
[21.621s] INFO:colcon.colcon_core.shell:Creating package script '/home/ansl/ca_ws/install/pointcloud_to_laserscan/share/pointcloud_to_laserscan/package.ps1'
[21.622s] INFO:colcon.colcon_core.shell:Creating package descriptor '/home/ansl/ca_ws/install/pointcloud_to_laserscan/share/pointcloud_to_laserscan/package.dsv'
[21.623s] INFO:colcon.colcon_core.shell:Creating package script '/home/ansl/ca_ws/install/pointcloud_to_laserscan/share/pointcloud_to_laserscan/package.sh'
[21.623s] INFO:colcon.colcon_core.shell:Creating package script '/home/ansl/ca_ws/install/pointcloud_to_laserscan/share/pointcloud_to_laserscan/package.bash'
[21.623s] INFO:colcon.colcon_core.shell:Creating package script '/home/ansl/ca_ws/install/pointcloud_to_laserscan/share/pointcloud_to_laserscan/package.zsh'
[21.624s] Level 1:colcon.colcon_core.environment:create_file_with_runtime_dependencies(/home/ansl/ca_ws/install/pointcloud_to_laserscan/share/colcon-core/packages/pointcloud_to_laserscan)
[21.624s] Level 1:colcon.colcon_core.environment:create_environment_scripts_only(pointcloud_to_laserscan)
[21.624s] Level 1:colcon.colcon_core.environment:checking '/home/ansl/ca_ws/install/pointcloud_to_laserscan' for CMake module files
[21.625s] Level 1:colcon.colcon_core.environment:checking '/home/ansl/ca_ws/install/pointcloud_to_laserscan' for CMake config files
[21.625s] Level 1:colcon.colcon_core.shell:create_environment_hook('pointcloud_to_laserscan', 'cmake_prefix_path')
[21.625s] INFO:colcon.colcon_core.shell:Creating environment hook '/home/ansl/ca_ws/install/pointcloud_to_laserscan/share/pointcloud_to_laserscan/hook/cmake_prefix_path.ps1'
[21.625s] INFO:colcon.colcon_core.shell:Creating environment descriptor '/home/ansl/ca_ws/install/pointcloud_to_laserscan/share/pointcloud_to_laserscan/hook/cmake_prefix_path.dsv'
[21.625s] INFO:colcon.colcon_core.shell:Creating environment hook '/home/ansl/ca_ws/install/pointcloud_to_laserscan/share/pointcloud_to_laserscan/hook/cmake_prefix_path.sh'
[21.626s] Level 1:colcon.colcon_core.environment:checking '/home/ansl/ca_ws/install/pointcloud_to_laserscan/lib'
[21.626s] Level 1:colcon.colcon_core.shell:create_environment_hook('pointcloud_to_laserscan', 'ld_library_path_lib')
[21.626s] INFO:colcon.colcon_core.shell:Creating environment hook '/home/ansl/ca_ws/install/pointcloud_to_laserscan/share/pointcloud_to_laserscan/hook/ld_library_path_lib.ps1'
[21.626s] INFO:colcon.colcon_core.shell:Creating environment descriptor '/home/ansl/ca_ws/install/pointcloud_to_laserscan/share/pointcloud_to_laserscan/hook/ld_library_path_lib.dsv'
[21.626s] INFO:colcon.colcon_core.shell:Creating environment hook '/home/ansl/ca_ws/install/pointcloud_to_laserscan/share/pointcloud_to_laserscan/hook/ld_library_path_lib.sh'
[21.626s] Level 1:colcon.colcon_core.environment:checking '/home/ansl/ca_ws/install/pointcloud_to_laserscan/bin'
[21.626s] Level 1:colcon.colcon_core.environment:checking '/home/ansl/ca_ws/install/pointcloud_to_laserscan/lib/pkgconfig/pointcloud_to_laserscan.pc'
[21.627s] Level 1:colcon.colcon_core.environment:checking '/home/ansl/ca_ws/install/pointcloud_to_laserscan/lib/python3.10/site-packages'
[21.627s] Level 1:colcon.colcon_core.environment:checking '/home/ansl/ca_ws/install/pointcloud_to_laserscan/bin'
[21.627s] INFO:colcon.colcon_core.shell:Creating package script '/home/ansl/ca_ws/install/pointcloud_to_laserscan/share/pointcloud_to_laserscan/package.ps1'
[21.627s] INFO:colcon.colcon_core.shell:Creating package descriptor '/home/ansl/ca_ws/install/pointcloud_to_laserscan/share/pointcloud_to_laserscan/package.dsv'
[21.628s] INFO:colcon.colcon_core.shell:Creating package script '/home/ansl/ca_ws/install/pointcloud_to_laserscan/share/pointcloud_to_laserscan/package.sh'
[21.628s] INFO:colcon.colcon_core.shell:Creating package script '/home/ansl/ca_ws/install/pointcloud_to_laserscan/share/pointcloud_to_laserscan/package.bash'
[21.628s] INFO:colcon.colcon_core.shell:Creating package script '/home/ansl/ca_ws/install/pointcloud_to_laserscan/share/pointcloud_to_laserscan/package.zsh'
[21.628s] Level 1:colcon.colcon_core.environment:create_file_with_runtime_dependencies(/home/ansl/ca_ws/install/pointcloud_to_laserscan/share/colcon-core/packages/pointcloud_to_laserscan)
[158.029s] DEBUG:colcon.colcon_core.event_handler.log_command:Invoked command in '/home/ansl/ca_ws/build/px4_msgs' returned '0': CMAKE_PREFIX_PATH=${CMAKE_PREFIX_PATH}:/home/ansl/px4_ros2_ws/install/usv_control_pkg:/home/ansl/px4_ros2_ws/install/ugv_collision_avoidance_lidar_example2:/home/ansl/px4_ros2_ws/install/ugv_collision_avoidance_lidar_example1:/opt/ros/humble /usr/bin/cmake --build /home/ansl/ca_ws/build/px4_msgs -- -j8 -l8
[158.030s] DEBUG:colcon.colcon_core.event_handler.log_command:Invoking command in '/home/ansl/ca_ws/build/px4_msgs': CMAKE_PREFIX_PATH=${CMAKE_PREFIX_PATH}:/home/ansl/px4_ros2_ws/install/usv_control_pkg:/home/ansl/px4_ros2_ws/install/ugv_collision_avoidance_lidar_example2:/home/ansl/px4_ros2_ws/install/ugv_collision_avoidance_lidar_example1:/opt/ros/humble /usr/bin/cmake --install /home/ansl/ca_ws/build/px4_msgs
[176.221s] Level 1:colcon.colcon_core.environment:create_environment_scripts_only(px4_msgs)
[176.221s] Level 1:colcon.colcon_core.environment:checking '/home/ansl/ca_ws/install/px4_msgs' for CMake module files
[176.221s] DEBUG:colcon.colcon_core.event_handler.log_command:Invoked command in '/home/ansl/ca_ws/build/px4_msgs' returned '0': CMAKE_PREFIX_PATH=${CMAKE_PREFIX_PATH}:/home/ansl/px4_ros2_ws/install/usv_control_pkg:/home/ansl/px4_ros2_ws/install/ugv_collision_avoidance_lidar_example2:/home/ansl/px4_ros2_ws/install/ugv_collision_avoidance_lidar_example1:/opt/ros/humble /usr/bin/cmake --install /home/ansl/ca_ws/build/px4_msgs
[176.222s] Level 1:colcon.colcon_core.environment:checking '/home/ansl/ca_ws/install/px4_msgs' for CMake config files
[176.225s] Level 1:colcon.colcon_core.shell:create_environment_hook('px4_msgs', 'cmake_prefix_path')
[176.225s] INFO:colcon.colcon_core.shell:Creating environment hook '/home/ansl/ca_ws/install/px4_msgs/share/px4_msgs/hook/cmake_prefix_path.ps1'
[176.225s] INFO:colcon.colcon_core.shell:Creating environment descriptor '/home/ansl/ca_ws/install/px4_msgs/share/px4_msgs/hook/cmake_prefix_path.dsv'
[176.226s] INFO:colcon.colcon_core.shell:Creating environment hook '/home/ansl/ca_ws/install/px4_msgs/share/px4_msgs/hook/cmake_prefix_path.sh'
[176.226s] Level 1:colcon.colcon_core.environment:checking '/home/ansl/ca_ws/install/px4_msgs/lib'
[176.226s] Level 1:colcon.colcon_core.shell:create_environment_hook('px4_msgs', 'ld_library_path_lib')
[176.226s] INFO:colcon.colcon_core.shell:Creating environment hook '/home/ansl/ca_ws/install/px4_msgs/share/px4_msgs/hook/ld_library_path_lib.ps1'
[176.226s] INFO:colcon.colcon_core.shell:Creating environment descriptor '/home/ansl/ca_ws/install/px4_msgs/share/px4_msgs/hook/ld_library_path_lib.dsv'
[176.227s] INFO:colcon.colcon_core.shell:Creating environment hook '/home/ansl/ca_ws/install/px4_msgs/share/px4_msgs/hook/ld_library_path_lib.sh'
[176.227s] Level 1:colcon.colcon_core.environment:checking '/home/ansl/ca_ws/install/px4_msgs/bin'
[176.227s] Level 1:colcon.colcon_core.environment:checking '/home/ansl/ca_ws/install/px4_msgs/lib/pkgconfig/px4_msgs.pc'
[176.227s] Level 1:colcon.colcon_core.environment:checking '/home/ansl/ca_ws/install/px4_msgs/lib/python3.10/site-packages'
[176.227s] Level 1:colcon.colcon_core.environment:checking '/home/ansl/ca_ws/install/px4_msgs/bin'
[176.227s] INFO:colcon.colcon_core.shell:Creating package script '/home/ansl/ca_ws/install/px4_msgs/share/px4_msgs/package.ps1'
[176.228s] INFO:colcon.colcon_core.shell:Creating package descriptor '/home/ansl/ca_ws/install/px4_msgs/share/px4_msgs/package.dsv'
[176.228s] INFO:colcon.colcon_core.shell:Creating package script '/home/ansl/ca_ws/install/px4_msgs/share/px4_msgs/package.sh'
[176.228s] INFO:colcon.colcon_core.shell:Creating package script '/home/ansl/ca_ws/install/px4_msgs/share/px4_msgs/package.bash'
[176.228s] INFO:colcon.colcon_core.shell:Creating package script '/home/ansl/ca_ws/install/px4_msgs/share/px4_msgs/package.zsh'
[176.229s] Level 1:colcon.colcon_core.environment:create_file_with_runtime_dependencies(/home/ansl/ca_ws/install/px4_msgs/share/colcon-core/packages/px4_msgs)
[176.229s] Level 1:colcon.colcon_core.environment:create_environment_scripts_only(px4_msgs)
[176.229s] Level 1:colcon.colcon_core.environment:checking '/home/ansl/ca_ws/install/px4_msgs' for CMake module files
[176.229s] Level 1:colcon.colcon_core.environment:checking '/home/ansl/ca_ws/install/px4_msgs' for CMake config files
[176.232s] Level 1:colcon.colcon_core.shell:create_environment_hook('px4_msgs', 'cmake_prefix_path')
[176.232s] INFO:colcon.colcon_core.shell:Creating environment hook '/home/ansl/ca_ws/install/px4_msgs/share/px4_msgs/hook/cmake_prefix_path.ps1'
[176.233s] INFO:colcon.colcon_core.shell:Creating environment descriptor '/home/ansl/ca_ws/install/px4_msgs/share/px4_msgs/hook/cmake_prefix_path.dsv'
[176.233s] INFO:colcon.colcon_core.shell:Creating environment hook '/home/ansl/ca_ws/install/px4_msgs/share/px4_msgs/hook/cmake_prefix_path.sh'
[176.233s] Level 1:colcon.colcon_core.environment:checking '/home/ansl/ca_ws/install/px4_msgs/lib'
[176.233s] Level 1:colcon.colcon_core.shell:create_environment_hook('px4_msgs', 'ld_library_path_lib')
[176.233s] INFO:colcon.colcon_core.shell:Creating environment hook '/home/ansl/ca_ws/install/px4_msgs/share/px4_msgs/hook/ld_library_path_lib.ps1'
[176.233s] INFO:colcon.colcon_core.shell:Creating environment descriptor '/home/ansl/ca_ws/install/px4_msgs/share/px4_msgs/hook/ld_library_path_lib.dsv'
[176.234s] INFO:colcon.colcon_core.shell:Creating environment hook '/home/ansl/ca_ws/install/px4_msgs/share/px4_msgs/hook/ld_library_path_lib.sh'
[176.234s] Level 1:colcon.colcon_core.environment:checking '/home/ansl/ca_ws/install/px4_msgs/bin'
[176.234s] Level 1:colcon.colcon_core.environment:checking '/home/ansl/ca_ws/install/px4_msgs/lib/pkgconfig/px4_msgs.pc'
[176.234s] Level 1:colcon.colcon_core.environment:checking '/home/ansl/ca_ws/install/px4_msgs/lib/python3.10/site-packages'
[176.234s] Level 1:colcon.colcon_core.environment:checking '/home/ansl/ca_ws/install/px4_msgs/bin'
[176.234s] INFO:colcon.colcon_core.shell:Creating package script '/home/ansl/ca_ws/install/px4_msgs/share/px4_msgs/package.ps1'
[176.235s] INFO:colcon.colcon_core.shell:Creating package descriptor '/home/ansl/ca_ws/install/px4_msgs/share/px4_msgs/package.dsv'
[176.235s] INFO:colcon.colcon_core.shell:Creating package script '/home/ansl/ca_ws/install/px4_msgs/share/px4_msgs/package.sh'
[176.237s] INFO:colcon.colcon_core.shell:Creating package script '/home/ansl/ca_ws/install/px4_msgs/share/px4_msgs/package.bash'
[176.238s] INFO:colcon.colcon_core.shell:Creating package script '/home/ansl/ca_ws/install/px4_msgs/share/px4_msgs/package.zsh'
[176.238s] Level 1:colcon.colcon_core.environment:create_file_with_runtime_dependencies(/home/ansl/ca_ws/install/px4_msgs/share/colcon-core/packages/px4_msgs)
[176.238s] INFO:colcon.colcon_ros.task.ament_cmake.build:Building ROS package in '/home/ansl/ca_ws/src/px4_ros_com' with build type 'ament_cmake'
[176.238s] INFO:colcon.colcon_cmake.task.cmake.build:Building CMake package in '/home/ansl/ca_ws/src/px4_ros_com'
[176.238s] INFO:colcon.colcon_core.shell:Skip shell extension 'powershell' for command environment: Not usable outside of PowerShell
[176.238s] DEBUG:colcon.colcon_core.shell:Skip shell extension 'dsv' for command environment
[176.241s] INFO:colcon.colcon_ros.task.ament_python.build:Building ROS package in '/home/ansl/ca_ws/src/ugv_collision_avoidance_lidar_example1' with build type 'ament_python'
[176.241s] Level 1:colcon.colcon_core.shell:create_environment_hook('ugv_collision_avoidance_lidar_example1', 'ament_prefix_path')
[176.241s] INFO:colcon.colcon_core.shell:Creating environment hook '/home/ansl/ca_ws/install/ugv_collision_avoidance_lidar_example1/share/ugv_collision_avoidance_lidar_example1/hook/ament_prefix_path.ps1'
[176.242s] INFO:colcon.colcon_core.shell:Creating environment descriptor '/home/ansl/ca_ws/install/ugv_collision_avoidance_lidar_example1/share/ugv_collision_avoidance_lidar_example1/hook/ament_prefix_path.dsv'
[176.242s] INFO:colcon.colcon_core.shell:Creating environment hook '/home/ansl/ca_ws/install/ugv_collision_avoidance_lidar_example1/share/ugv_collision_avoidance_lidar_example1/hook/ament_prefix_path.sh'
[176.242s] INFO:colcon.colcon_core.shell:Skip shell extension 'powershell' for command environment: Not usable outside of PowerShell
[176.242s] DEBUG:colcon.colcon_core.shell:Skip shell extension 'dsv' for command environment
[176.244s] INFO:colcon.colcon_ros.task.ament_python.build:Building ROS package in '/home/ansl/ca_ws/src/ugv_collision_avoidance_lidar_example2' with build type 'ament_python'
[176.244s] Level 1:colcon.colcon_core.shell:create_environment_hook('ugv_collision_avoidance_lidar_example2', 'ament_prefix_path')
[176.244s] INFO:colcon.colcon_core.shell:Creating environment hook '/home/ansl/ca_ws/install/ugv_collision_avoidance_lidar_example2/share/ugv_collision_avoidance_lidar_example2/hook/ament_prefix_path.ps1'
[176.245s] INFO:colcon.colcon_core.shell:Creating environment descriptor '/home/ansl/ca_ws/install/ugv_collision_avoidance_lidar_example2/share/ugv_collision_avoidance_lidar_example2/hook/ament_prefix_path.dsv'
[176.245s] INFO:colcon.colcon_core.shell:Creating environment hook '/home/ansl/ca_ws/install/ugv_collision_avoidance_lidar_example2/share/ugv_collision_avoidance_lidar_example2/hook/ament_prefix_path.sh'
[176.245s] INFO:colcon.colcon_core.shell:Skip shell extension 'powershell' for command environment: Not usable outside of PowerShell
[176.245s] DEBUG:colcon.colcon_core.shell:Skip shell extension 'dsv' for command environment
[176.250s] DEBUG:colcon.colcon_core.event_handler.log_command:Invoking command in '/home/ansl/ca_ws/build/px4_ros_com': AMENT_PREFIX_PATH=/home/ansl/ca_ws/install/px4_msgs:${AMENT_PREFIX_PATH} CMAKE_PREFIX_PATH=/home/ansl/ca_ws/install/px4_msgs:/home/ansl/ca_ws/install/pointcloud_to_laserscan:/home/ansl/px4_ros2_ws/install/px4_ros_com:/home/ansl/px4_ros2_ws/install/px4_msgs:/home/ansl/px4_ros2_ws/install/pointcloud_to_laserscan:/home/ansl/ws_livox/install/livox_ros_driver2:/home/ansl/px4_ros2_ws/install/usv_control_pkg:/home/ansl/px4_ros2_ws/install/ugv_collision_avoidance_lidar_example2:/home/ansl/px4_ros2_ws/install/ugv_collision_avoidance_lidar_example1:/opt/ros/humble LD_LIBRARY_PATH=/home/ansl/ca_ws/install/px4_msgs/lib:${LD_LIBRARY_PATH} PYTHONPATH=/home/ansl/ca_ws/install/px4_msgs/local/lib/python3.10/dist-packages:${PYTHONPATH} /usr/bin/cmake /home/ansl/ca_ws/src/px4_ros_com -DAMENT_CMAKE_SYMLINK_INSTALL=1 -DCMAKE_INSTALL_PREFIX=/home/ansl/ca_ws/install/px4_ros_com
[176.431s] INFO:colcon.colcon_core.task.python.build:Building Python package in '/home/ansl/ca_ws/src/ugv_collision_avoidance_lidar_example1'
[176.431s] INFO:colcon.colcon_core.shell:Skip shell extension 'powershell' for command environment: Not usable outside of PowerShell
[176.431s] DEBUG:colcon.colcon_core.shell:Skip shell extension 'dsv' for command environment
[176.613s] INFO:colcon.colcon_core.task.python.build:Building Python package in '/home/ansl/ca_ws/src/ugv_collision_avoidance_lidar_example2'
[176.614s] INFO:colcon.colcon_core.shell:Skip shell extension 'powershell' for command environment: Not usable outside of PowerShell
[176.614s] DEBUG:colcon.colcon_core.shell:Skip shell extension 'dsv' for command environment
[176.858s] DEBUG:colcon.colcon_core.event_handler.log_command:Invoking command in '/home/ansl/ca_ws/build/ugv_collision_avoidance_lidar_example2': AMENT_PREFIX_PATH=/home/ansl/ca_ws/install/px4_msgs:${AMENT_PREFIX_PATH} CMAKE_PREFIX_PATH=/home/ansl/ca_ws/install/px4_msgs:${CMAKE_PREFIX_PATH} LD_LIBRARY_PATH=/home/ansl/ca_ws/install/px4_msgs/lib:${LD_LIBRARY_PATH} PYTHONPATH=/home/ansl/ca_ws/build/ugv_collision_avoidance_lidar_example2/prefix_override:/usr/lib/python3/dist-packages/colcon_core/task/python/colcon_distutils_commands:/home/ansl/ca_ws/install/ugv_collision_avoidance_lidar_example2/lib/python3.10/site-packages:/home/ansl/ca_ws/install/px4_msgs/local/lib/python3.10/dist-packages:${PYTHONPATH} /usr/bin/python3 -W ignore:setup.py install is deprecated -W ignore:easy_install command is deprecated setup.py develop --editable --build-directory /home/ansl/ca_ws/build/ugv_collision_avoidance_lidar_example2/build --no-deps symlink_data
[176.859s] DEBUG:colcon.colcon_core.event_handler.log_command:Invoking command in '/home/ansl/ca_ws/build/ugv_collision_avoidance_lidar_example1': AMENT_PREFIX_PATH=/home/ansl/ca_ws/install/px4_msgs:${AMENT_PREFIX_PATH} CMAKE_PREFIX_PATH=/home/ansl/ca_ws/install/px4_msgs:${CMAKE_PREFIX_PATH} LD_LIBRARY_PATH=/home/ansl/ca_ws/install/px4_msgs/lib:${LD_LIBRARY_PATH} PYTHONPATH=/home/ansl/ca_ws/build/ugv_collision_avoidance_lidar_example1/prefix_override:/usr/lib/python3/dist-packages/colcon_core/task/python/colcon_distutils_commands:/home/ansl/ca_ws/install/ugv_collision_avoidance_lidar_example1/lib/python3.10/site-packages:/home/ansl/ca_ws/install/px4_msgs/local/lib/python3.10/dist-packages:${PYTHONPATH} /usr/bin/python3 -W ignore:setup.py install is deprecated -W ignore:easy_install command is deprecated setup.py develop --editable --build-directory /home/ansl/ca_ws/build/ugv_collision_avoidance_lidar_example1/build --no-deps symlink_data
[177.138s] DEBUG:colcon.colcon_core.event_handler.log_command:Invoked command in '/home/ansl/ca_ws/build/px4_ros_com' returned '0': AMENT_PREFIX_PATH=/home/ansl/ca_ws/install/px4_msgs:${AMENT_PREFIX_PATH} CMAKE_PREFIX_PATH=/home/ansl/ca_ws/install/px4_msgs:/home/ansl/ca_ws/install/pointcloud_to_laserscan:/home/ansl/px4_ros2_ws/install/px4_ros_com:/home/ansl/px4_ros2_ws/install/px4_msgs:/home/ansl/px4_ros2_ws/install/pointcloud_to_laserscan:/home/ansl/ws_livox/install/livox_ros_driver2:/home/ansl/px4_ros2_ws/install/usv_control_pkg:/home/ansl/px4_ros2_ws/install/ugv_collision_avoidance_lidar_example2:/home/ansl/px4_ros2_ws/install/ugv_collision_avoidance_lidar_example1:/opt/ros/humble LD_LIBRARY_PATH=/home/ansl/ca_ws/install/px4_msgs/lib:${LD_LIBRARY_PATH} PYTHONPATH=/home/ansl/ca_ws/install/px4_msgs/local/lib/python3.10/dist-packages:${PYTHONPATH} /usr/bin/cmake /home/ansl/ca_ws/src/px4_ros_com -DAMENT_CMAKE_SYMLINK_INSTALL=1 -DCMAKE_INSTALL_PREFIX=/home/ansl/ca_ws/install/px4_ros_com
[177.139s] DEBUG:colcon.colcon_core.event_handler.log_command:Invoking command in '/home/ansl/ca_ws/build/px4_ros_com': AMENT_PREFIX_PATH=/home/ansl/ca_ws/install/px4_msgs:${AMENT_PREFIX_PATH} CMAKE_PREFIX_PATH=/home/ansl/ca_ws/install/px4_msgs:/home/ansl/ca_ws/install/pointcloud_to_laserscan:/home/ansl/px4_ros2_ws/install/px4_ros_com:/home/ansl/px4_ros2_ws/install/px4_msgs:/home/ansl/px4_ros2_ws/install/pointcloud_to_laserscan:/home/ansl/ws_livox/install/livox_ros_driver2:/home/ansl/px4_ros2_ws/install/usv_control_pkg:/home/ansl/px4_ros2_ws/install/ugv_collision_avoidance_lidar_example2:/home/ansl/px4_ros2_ws/install/ugv_collision_avoidance_lidar_example1:/opt/ros/humble LD_LIBRARY_PATH=/home/ansl/ca_ws/install/px4_msgs/lib:${LD_LIBRARY_PATH} PYTHONPATH=/home/ansl/ca_ws/install/px4_msgs/local/lib/python3.10/dist-packages:${PYTHONPATH} /usr/bin/cmake --build /home/ansl/ca_ws/build/px4_ros_com -- -j8 -l8
[177.192s] Level 1:colcon.colcon_core.shell:create_environment_hook('ugv_collision_avoidance_lidar_example2', 'pythonpath_develop')
[177.192s] INFO:colcon.colcon_core.shell:Creating environment hook '/home/ansl/ca_ws/build/ugv_collision_avoidance_lidar_example2/share/ugv_collision_avoidance_lidar_example2/hook/pythonpath_develop.ps1'
[177.193s] DEBUG:colcon.colcon_core.event_handler.log_command:Invoked command in '/home/ansl/ca_ws/build/ugv_collision_avoidance_lidar_example2' returned '0': AMENT_PREFIX_PATH=/home/ansl/ca_ws/install/px4_msgs:${AMENT_PREFIX_PATH} CMAKE_PREFIX_PATH=/home/ansl/ca_ws/install/px4_msgs:${CMAKE_PREFIX_PATH} LD_LIBRARY_PATH=/home/ansl/ca_ws/install/px4_msgs/lib:${LD_LIBRARY_PATH} PYTHONPATH=/home/ansl/ca_ws/build/ugv_collision_avoidance_lidar_example2/prefix_override:/usr/lib/python3/dist-packages/colcon_core/task/python/colcon_distutils_commands:/home/ansl/ca_ws/install/ugv_collision_avoidance_lidar_example2/lib/python3.10/site-packages:/home/ansl/ca_ws/install/px4_msgs/local/lib/python3.10/dist-packages:${PYTHONPATH} /usr/bin/python3 -W ignore:setup.py install is deprecated -W ignore:easy_install command is deprecated setup.py develop --editable --build-directory /home/ansl/ca_ws/build/ugv_collision_avoidance_lidar_example2/build --no-deps symlink_data
[177.195s] INFO:colcon.colcon_core.shell:Creating environment descriptor '/home/ansl/ca_ws/build/ugv_collision_avoidance_lidar_example2/share/ugv_collision_avoidance_lidar_example2/hook/pythonpath_develop.dsv'
[177.196s] INFO:colcon.colcon_core.shell:Creating environment hook '/home/ansl/ca_ws/build/ugv_collision_avoidance_lidar_example2/share/ugv_collision_avoidance_lidar_example2/hook/pythonpath_develop.sh'
[177.196s] Level 1:colcon.colcon_core.environment:checking '/home/ansl/ca_ws/install/ugv_collision_avoidance_lidar_example2' for CMake module files
[177.197s] Level 1:colcon.colcon_core.environment:checking '/home/ansl/ca_ws/install/ugv_collision_avoidance_lidar_example2' for CMake config files
[177.197s] Level 1:colcon.colcon_core.environment:checking '/home/ansl/ca_ws/install/ugv_collision_avoidance_lidar_example2/lib'
[177.197s] Level 1:colcon.colcon_core.environment:checking '/home/ansl/ca_ws/install/ugv_collision_avoidance_lidar_example2/bin'
[177.197s] Level 1:colcon.colcon_core.environment:checking '/home/ansl/ca_ws/install/ugv_collision_avoidance_lidar_example2/lib/pkgconfig/ugv_collision_avoidance_lidar_example2.pc'
[177.197s] Level 1:colcon.colcon_core.environment:checking '/home/ansl/ca_ws/install/ugv_collision_avoidance_lidar_example2/lib/python3.10/site-packages'
[177.198s] Level 1:colcon.colcon_core.shell:create_environment_hook('ugv_collision_avoidance_lidar_example2', 'pythonpath')
[177.202s] INFO:colcon.colcon_core.shell:Creating environment hook '/home/ansl/ca_ws/install/ugv_collision_avoidance_lidar_example2/share/ugv_collision_avoidance_lidar_example2/hook/pythonpath.ps1'
[177.202s] INFO:colcon.colcon_core.shell:Creating environment descriptor '/home/ansl/ca_ws/install/ugv_collision_avoidance_lidar_example2/share/ugv_collision_avoidance_lidar_example2/hook/pythonpath.dsv'
[177.203s] INFO:colcon.colcon_core.shell:Creating environment hook '/home/ansl/ca_ws/install/ugv_collision_avoidance_lidar_example2/share/ugv_collision_avoidance_lidar_example2/hook/pythonpath.sh'
[177.203s] Level 1:colcon.colcon_core.environment:checking '/home/ansl/ca_ws/install/ugv_collision_avoidance_lidar_example2/bin'
[177.203s] Level 1:colcon.colcon_core.environment:create_environment_scripts_only(ugv_collision_avoidance_lidar_example2)
[177.204s] INFO:colcon.colcon_core.shell:Creating package script '/home/ansl/ca_ws/install/ugv_collision_avoidance_lidar_example2/share/ugv_collision_avoidance_lidar_example2/package.ps1'
[177.205s] INFO:colcon.colcon_core.shell:Creating package descriptor '/home/ansl/ca_ws/install/ugv_collision_avoidance_lidar_example2/share/ugv_collision_avoidance_lidar_example2/package.dsv'
[177.208s] INFO:colcon.colcon_core.shell:Creating package script '/home/ansl/ca_ws/install/ugv_collision_avoidance_lidar_example2/share/ugv_collision_avoidance_lidar_example2/package.sh'
[177.209s] INFO:colcon.colcon_core.shell:Creating package script '/home/ansl/ca_ws/install/ugv_collision_avoidance_lidar_example2/share/ugv_collision_avoidance_lidar_example2/package.bash'
[177.209s] INFO:colcon.colcon_core.shell:Creating package script '/home/ansl/ca_ws/install/ugv_collision_avoidance_lidar_example2/share/ugv_collision_avoidance_lidar_example2/package.zsh'
[177.209s] Level 1:colcon.colcon_core.environment:create_file_with_runtime_dependencies(/home/ansl/ca_ws/install/ugv_collision_avoidance_lidar_example2/share/colcon-core/packages/ugv_collision_avoidance_lidar_example2)
[177.284s] Level 1:colcon.colcon_core.shell:create_environment_hook('ugv_collision_avoidance_lidar_example1', 'pythonpath_develop')
[177.285s] DEBUG:colcon.colcon_core.event_handler.log_command:Invoked command in '/home/ansl/ca_ws/build/ugv_collision_avoidance_lidar_example1' returned '0': AMENT_PREFIX_PATH=/home/ansl/ca_ws/install/px4_msgs:${AMENT_PREFIX_PATH} CMAKE_PREFIX_PATH=/home/ansl/ca_ws/install/px4_msgs:${CMAKE_PREFIX_PATH} LD_LIBRARY_PATH=/home/ansl/ca_ws/install/px4_msgs/lib:${LD_LIBRARY_PATH} PYTHONPATH=/home/ansl/ca_ws/build/ugv_collision_avoidance_lidar_example1/prefix_override:/usr/lib/python3/dist-packages/colcon_core/task/python/colcon_distutils_commands:/home/ansl/ca_ws/install/ugv_collision_avoidance_lidar_example1/lib/python3.10/site-packages:/home/ansl/ca_ws/install/px4_msgs/local/lib/python3.10/dist-packages:${PYTHONPATH} /usr/bin/python3 -W ignore:setup.py install is deprecated -W ignore:easy_install command is deprecated setup.py develop --editable --build-directory /home/ansl/ca_ws/build/ugv_collision_avoidance_lidar_example1/build --no-deps symlink_data
[177.285s] INFO:colcon.colcon_core.shell:Creating environment hook '/home/ansl/ca_ws/build/ugv_collision_avoidance_lidar_example1/share/ugv_collision_avoidance_lidar_example1/hook/pythonpath_develop.ps1'
[177.286s] INFO:colcon.colcon_core.shell:Creating environment descriptor '/home/ansl/ca_ws/build/ugv_collision_avoidance_lidar_example1/share/ugv_collision_avoidance_lidar_example1/hook/pythonpath_develop.dsv'
[177.286s] INFO:colcon.colcon_core.shell:Creating environment hook '/home/ansl/ca_ws/build/ugv_collision_avoidance_lidar_example1/share/ugv_collision_avoidance_lidar_example1/hook/pythonpath_develop.sh'
[177.287s] Level 1:colcon.colcon_core.environment:checking '/home/ansl/ca_ws/install/ugv_collision_avoidance_lidar_example1' for CMake module files
[177.287s] Level 1:colcon.colcon_core.environment:checking '/home/ansl/ca_ws/install/ugv_collision_avoidance_lidar_example1' for CMake config files
[177.287s] Level 1:colcon.colcon_core.environment:checking '/home/ansl/ca_ws/install/ugv_collision_avoidance_lidar_example1/lib'
[177.287s] Level 1:colcon.colcon_core.environment:checking '/home/ansl/ca_ws/install/ugv_collision_avoidance_lidar_example1/bin'
[177.287s] Level 1:colcon.colcon_core.environment:checking '/home/ansl/ca_ws/install/ugv_collision_avoidance_lidar_example1/lib/pkgconfig/ugv_collision_avoidance_lidar_example1.pc'
[177.288s] Level 1:colcon.colcon_core.environment:checking '/home/ansl/ca_ws/install/ugv_collision_avoidance_lidar_example1/lib/python3.10/site-packages'
[177.288s] Level 1:colcon.colcon_core.shell:create_environment_hook('ugv_collision_avoidance_lidar_example1', 'pythonpath')
[177.288s] INFO:colcon.colcon_core.shell:Creating environment hook '/home/ansl/ca_ws/install/ugv_collision_avoidance_lidar_example1/share/ugv_collision_avoidance_lidar_example1/hook/pythonpath.ps1'
[177.288s] INFO:colcon.colcon_core.shell:Creating environment descriptor '/home/ansl/ca_ws/install/ugv_collision_avoidance_lidar_example1/share/ugv_collision_avoidance_lidar_example1/hook/pythonpath.dsv'
[177.289s] INFO:colcon.colcon_core.shell:Creating environment hook '/home/ansl/ca_ws/install/ugv_collision_avoidance_lidar_example1/share/ugv_collision_avoidance_lidar_example1/hook/pythonpath.sh'
[177.289s] Level 1:colcon.colcon_core.environment:checking '/home/ansl/ca_ws/install/ugv_collision_avoidance_lidar_example1/bin'
[177.289s] Level 1:colcon.colcon_core.environment:create_environment_scripts_only(ugv_collision_avoidance_lidar_example1)
[177.290s] INFO:colcon.colcon_core.shell:Creating package script '/home/ansl/ca_ws/install/ugv_collision_avoidance_lidar_example1/share/ugv_collision_avoidance_lidar_example1/package.ps1'
[177.290s] INFO:colcon.colcon_core.shell:Creating package descriptor '/home/ansl/ca_ws/install/ugv_collision_avoidance_lidar_example1/share/ugv_collision_avoidance_lidar_example1/package.dsv'
[177.291s] INFO:colcon.colcon_core.shell:Creating package script '/home/ansl/ca_ws/install/ugv_collision_avoidance_lidar_example1/share/ugv_collision_avoidance_lidar_example1/package.sh'
[177.291s] INFO:colcon.colcon_core.shell:Creating package script '/home/ansl/ca_ws/install/ugv_collision_avoidance_lidar_example1/share/ugv_collision_avoidance_lidar_example1/package.bash'
[177.292s] INFO:colcon.colcon_core.shell:Creating package script '/home/ansl/ca_ws/install/ugv_collision_avoidance_lidar_example1/share/ugv_collision_avoidance_lidar_example1/package.zsh'
[177.292s] Level 1:colcon.colcon_core.environment:create_file_with_runtime_dependencies(/home/ansl/ca_ws/install/ugv_collision_avoidance_lidar_example1/share/colcon-core/packages/ugv_collision_avoidance_lidar_example1)
[185.052s] DEBUG:colcon.colcon_core.event_handler.log_command:Invoked command in '/home/ansl/ca_ws/build/px4_ros_com' returned '0': AMENT_PREFIX_PATH=/home/ansl/ca_ws/install/px4_msgs:${AMENT_PREFIX_PATH} CMAKE_PREFIX_PATH=/home/ansl/ca_ws/install/px4_msgs:/home/ansl/ca_ws/install/pointcloud_to_laserscan:/home/ansl/px4_ros2_ws/install/px4_ros_com:/home/ansl/px4_ros2_ws/install/px4_msgs:/home/ansl/px4_ros2_ws/install/pointcloud_to_laserscan:/home/ansl/ws_livox/install/livox_ros_driver2:/home/ansl/px4_ros2_ws/install/usv_control_pkg:/home/ansl/px4_ros2_ws/install/ugv_collision_avoidance_lidar_example2:/home/ansl/px4_ros2_ws/install/ugv_collision_avoidance_lidar_example1:/opt/ros/humble LD_LIBRARY_PATH=/home/ansl/ca_ws/install/px4_msgs/lib:${LD_LIBRARY_PATH} PYTHONPATH=/home/ansl/ca_ws/install/px4_msgs/local/lib/python3.10/dist-packages:${PYTHONPATH} /usr/bin/cmake --build /home/ansl/ca_ws/build/px4_ros_com -- -j8 -l8
[185.053s] DEBUG:colcon.colcon_core.event_handler.log_command:Invoking command in '/home/ansl/ca_ws/build/px4_ros_com': AMENT_PREFIX_PATH=/home/ansl/ca_ws/install/px4_msgs:${AMENT_PREFIX_PATH} CMAKE_PREFIX_PATH=/home/ansl/ca_ws/install/px4_msgs:/home/ansl/ca_ws/install/pointcloud_to_laserscan:/home/ansl/px4_ros2_ws/install/px4_ros_com:/home/ansl/px4_ros2_ws/install/px4_msgs:/home/ansl/px4_ros2_ws/install/pointcloud_to_laserscan:/home/ansl/ws_livox/install/livox_ros_driver2:/home/ansl/px4_ros2_ws/install/usv_control_pkg:/home/ansl/px4_ros2_ws/install/ugv_collision_avoidance_lidar_example2:/home/ansl/px4_ros2_ws/install/ugv_collision_avoidance_lidar_example1:/opt/ros/humble LD_LIBRARY_PATH=/home/ansl/ca_ws/install/px4_msgs/lib:${LD_LIBRARY_PATH} PYTHONPATH=/home/ansl/ca_ws/install/px4_msgs/local/lib/python3.10/dist-packages:${PYTHONPATH} /usr/bin/cmake --install /home/ansl/ca_ws/build/px4_ros_com
[185.340s] Level 1:colcon.colcon_core.environment:create_environment_scripts_only(px4_ros_com)
[185.341s] Level 1:colcon.colcon_core.environment:checking '/home/ansl/ca_ws/install/px4_ros_com' for CMake module files
[185.341s] DEBUG:colcon.colcon_core.event_handler.log_command:Invoked command in '/home/ansl/ca_ws/build/px4_ros_com' returned '0': AMENT_PREFIX_PATH=/home/ansl/ca_ws/install/px4_msgs:${AMENT_PREFIX_PATH} CMAKE_PREFIX_PATH=/home/ansl/ca_ws/install/px4_msgs:/home/ansl/ca_ws/install/pointcloud_to_laserscan:/home/ansl/px4_ros2_ws/install/px4_ros_com:/home/ansl/px4_ros2_ws/install/px4_msgs:/home/ansl/px4_ros2_ws/install/pointcloud_to_laserscan:/home/ansl/ws_livox/install/livox_ros_driver2:/home/ansl/px4_ros2_ws/install/usv_control_pkg:/home/ansl/px4_ros2_ws/install/ugv_collision_avoidance_lidar_example2:/home/ansl/px4_ros2_ws/install/ugv_collision_avoidance_lidar_example1:/opt/ros/humble LD_LIBRARY_PATH=/home/ansl/ca_ws/install/px4_msgs/lib:${LD_LIBRARY_PATH} PYTHONPATH=/home/ansl/ca_ws/install/px4_msgs/local/lib/python3.10/dist-packages:${PYTHONPATH} /usr/bin/cmake --install /home/ansl/ca_ws/build/px4_ros_com
[185.341s] Level 1:colcon.colcon_core.environment:checking '/home/ansl/ca_ws/install/px4_ros_com' for CMake config files
[185.342s] Level 1:colcon.colcon_core.shell:create_environment_hook('px4_ros_com', 'cmake_prefix_path')
[185.342s] INFO:colcon.colcon_core.shell:Creating environment hook '/home/ansl/ca_ws/install/px4_ros_com/share/px4_ros_com/hook/cmake_prefix_path.ps1'
[185.342s] INFO:colcon.colcon_core.shell:Creating environment descriptor '/home/ansl/ca_ws/install/px4_ros_com/share/px4_ros_com/hook/cmake_prefix_path.dsv'
[185.342s] INFO:colcon.colcon_core.shell:Creating environment hook '/home/ansl/ca_ws/install/px4_ros_com/share/px4_ros_com/hook/cmake_prefix_path.sh'
[185.343s] Level 1:colcon.colcon_core.environment:checking '/home/ansl/ca_ws/install/px4_ros_com/lib'
[185.343s] Level 1:colcon.colcon_core.shell:create_environment_hook('px4_ros_com', 'ld_library_path_lib')
[185.343s] INFO:colcon.colcon_core.shell:Creating environment hook '/home/ansl/ca_ws/install/px4_ros_com/share/px4_ros_com/hook/ld_library_path_lib.ps1'
[185.343s] INFO:colcon.colcon_core.shell:Creating environment descriptor '/home/ansl/ca_ws/install/px4_ros_com/share/px4_ros_com/hook/ld_library_path_lib.dsv'
[185.343s] INFO:colcon.colcon_core.shell:Creating environment hook '/home/ansl/ca_ws/install/px4_ros_com/share/px4_ros_com/hook/ld_library_path_lib.sh'
[185.344s] Level 1:colcon.colcon_core.environment:checking '/home/ansl/ca_ws/install/px4_ros_com/bin'
[185.344s] Level 1:colcon.colcon_core.environment:checking '/home/ansl/ca_ws/install/px4_ros_com/lib/pkgconfig/px4_ros_com.pc'
[185.344s] Level 1:colcon.colcon_core.environment:checking '/home/ansl/ca_ws/install/px4_ros_com/lib/python3.10/site-packages'
[185.344s] Level 1:colcon.colcon_core.environment:checking '/home/ansl/ca_ws/install/px4_ros_com/bin'
[185.344s] INFO:colcon.colcon_core.shell:Creating package script '/home/ansl/ca_ws/install/px4_ros_com/share/px4_ros_com/package.ps1'
[185.345s] INFO:colcon.colcon_core.shell:Creating package descriptor '/home/ansl/ca_ws/install/px4_ros_com/share/px4_ros_com/package.dsv'
[185.345s] INFO:colcon.colcon_core.shell:Creating package script '/home/ansl/ca_ws/install/px4_ros_com/share/px4_ros_com/package.sh'
[185.345s] INFO:colcon.colcon_core.shell:Creating package script '/home/ansl/ca_ws/install/px4_ros_com/share/px4_ros_com/package.bash'
[185.346s] INFO:colcon.colcon_core.shell:Creating package script '/home/ansl/ca_ws/install/px4_ros_com/share/px4_ros_com/package.zsh'
[185.346s] Level 1:colcon.colcon_core.environment:create_file_with_runtime_dependencies(/home/ansl/ca_ws/install/px4_ros_com/share/colcon-core/packages/px4_ros_com)
[185.346s] Level 1:colcon.colcon_core.environment:create_environment_scripts_only(px4_ros_com)
[185.346s] Level 1:colcon.colcon_core.environment:checking '/home/ansl/ca_ws/install/px4_ros_com' for CMake module files
[185.347s] Level 1:colcon.colcon_core.environment:checking '/home/ansl/ca_ws/install/px4_ros_com' for CMake config files
[185.347s] Level 1:colcon.colcon_core.shell:create_environment_hook('px4_ros_com', 'cmake_prefix_path')
[185.347s] INFO:colcon.colcon_core.shell:Creating environment hook '/home/ansl/ca_ws/install/px4_ros_com/share/px4_ros_com/hook/cmake_prefix_path.ps1'
[185.347s] INFO:colcon.colcon_core.shell:Creating environment descriptor '/home/ansl/ca_ws/install/px4_ros_com/share/px4_ros_com/hook/cmake_prefix_path.dsv'
[185.348s] INFO:colcon.colcon_core.shell:Creating environment hook '/home/ansl/ca_ws/install/px4_ros_com/share/px4_ros_com/hook/cmake_prefix_path.sh'
[185.348s] Level 1:colcon.colcon_core.environment:checking '/home/ansl/ca_ws/install/px4_ros_com/lib'
[185.348s] Level 1:colcon.colcon_core.shell:create_environment_hook('px4_ros_com', 'ld_library_path_lib')
[185.348s] INFO:colcon.colcon_core.shell:Creating environment hook '/home/ansl/ca_ws/install/px4_ros_com/share/px4_ros_com/hook/ld_library_path_lib.ps1'
[185.348s] INFO:colcon.colcon_core.shell:Creating environment descriptor '/home/ansl/ca_ws/install/px4_ros_com/share/px4_ros_com/hook/ld_library_path_lib.dsv'
[185.349s] INFO:colcon.colcon_core.shell:Creating environment hook '/home/ansl/ca_ws/install/px4_ros_com/share/px4_ros_com/hook/ld_library_path_lib.sh'
[185.349s] Level 1:colcon.colcon_core.environment:checking '/home/ansl/ca_ws/install/px4_ros_com/bin'
[185.349s] Level 1:colcon.colcon_core.environment:checking '/home/ansl/ca_ws/install/px4_ros_com/lib/pkgconfig/px4_ros_com.pc'
[185.349s] Level 1:colcon.colcon_core.environment:checking '/home/ansl/ca_ws/install/px4_ros_com/lib/python3.10/site-packages'
[185.349s] Level 1:colcon.colcon_core.environment:checking '/home/ansl/ca_ws/install/px4_ros_com/bin'
[185.350s] INFO:colcon.colcon_core.shell:Creating package script '/home/ansl/ca_ws/install/px4_ros_com/share/px4_ros_com/package.ps1'
[185.350s] INFO:colcon.colcon_core.shell:Creating package descriptor '/home/ansl/ca_ws/install/px4_ros_com/share/px4_ros_com/package.dsv'
[185.350s] INFO:colcon.colcon_core.shell:Creating package script '/home/ansl/ca_ws/install/px4_ros_com/share/px4_ros_com/package.sh'
[185.351s] INFO:colcon.colcon_core.shell:Creating package script '/home/ansl/ca_ws/install/px4_ros_com/share/px4_ros_com/package.bash'
[185.351s] INFO:colcon.colcon_core.shell:Creating package script '/home/ansl/ca_ws/install/px4_ros_com/share/px4_ros_com/package.zsh'
[185.351s] Level 1:colcon.colcon_core.environment:create_file_with_runtime_dependencies(/home/ansl/ca_ws/install/px4_ros_com/share/colcon-core/packages/px4_ros_com)
[185.351s] DEBUG:colcon.colcon_parallel_executor.executor.parallel:closing loop
[185.351s] DEBUG:colcon.colcon_parallel_executor.executor.parallel:loop closed
[185.352s] DEBUG:colcon.colcon_parallel_executor.executor.parallel:run_until_complete finished with '0'
[185.352s] DEBUG:colcon.colcon_core.event_reactor:joining thread
[185.352s] DEBUG:colcon.colcon_core.event_reactor:joined thread
[185.352s] INFO:colcon.colcon_core.shell:Creating prefix script '/home/ansl/ca_ws/install/local_setup.ps1'
[185.353s] INFO:colcon.colcon_core.shell:Creating prefix util module '/home/ansl/ca_ws/install/_local_setup_util_ps1.py'
[185.354s] INFO:colcon.colcon_core.shell:Creating prefix chain script '/home/ansl/ca_ws/install/setup.ps1'
[185.355s] INFO:colcon.colcon_core.shell:Creating prefix script '/home/ansl/ca_ws/install/local_setup.sh'
[185.355s] INFO:colcon.colcon_core.shell:Creating prefix util module '/home/ansl/ca_ws/install/_local_setup_util_sh.py'
[185.356s] INFO:colcon.colcon_core.shell:Creating prefix chain script '/home/ansl/ca_ws/install/setup.sh'
[185.356s] INFO:colcon.colcon_core.shell:Creating prefix script '/home/ansl/ca_ws/install/local_setup.bash'
[185.357s] INFO:colcon.colcon_core.shell:Creating prefix chain script '/home/ansl/ca_ws/install/setup.bash'
[185.358s] INFO:colcon.colcon_core.shell:Creating prefix script '/home/ansl/ca_ws/install/local_setup.zsh'
[185.358s] INFO:colcon.colcon_core.shell:Creating prefix chain script '/home/ansl/ca_ws/install/setup.zsh'
