[0.063s] DEBUG:colcon:Command line arguments: ['/usr/bin/colcon', 'build', '--symlink-install', '--packages-select', 'pointcloud_to_laserscan', 'ugv_collision_avoidance_lidar_example2']
[0.063s] DEBUG:colcon:Parsed command line arguments: Namespace(log_base=None, log_level=None, verb_name='build', build_base='build', install_base='install', merge_install=False, symlink_install=True, test_result_base=None, continue_on_error=False, executor='parallel', parallel_workers=8, event_handlers=None, ignore_user_meta=False, metas=['./colcon.meta'], base_paths=['.'], packages_ignore=None, packages_ignore_regex=None, paths=None, packages_up_to=None, packages_up_to_regex=None, packages_above=None, packages_above_and_dependencies=None, packages_above_depth=None, packages_select_by_dep=None, packages_skip_by_dep=None, packages_skip_up_to=None, packages_select_build_failed=False, packages_skip_build_finished=False, packages_select_test_failures=False, packages_skip_test_passed=False, packages_select=['pointcloud_to_laserscan', 'ugv_collision_avoidance_lidar_example2'], packages_skip=None, packages_select_regex=None, packages_skip_regex=None, packages_start=None, packages_end=None, allow_overriding=[], cmake_args=None, cmake_target=None, cmake_target_skip_unavailable=False, cmake_clean_cache=False, cmake_clean_first=False, cmake_force_configure=False, ament_cmake_args=None, catkin_cmake_args=None, catkin_skip_building_tests=False, mixin_files=None, mixin=None, verb_parser=<colcon_mixin.mixin.mixin_argument.MixinArgumentDecorator object at 0x74c2f1f1d690>, verb_extension=<colcon_core.verb.build.BuildVerb object at 0x74c2f20db040>, main=<bound method BuildVerb.main of <colcon_core.verb.build.BuildVerb object at 0x74c2f20db040>>, mixin_verb=('build',))
[0.166s] Level 1:colcon.colcon_core.package_discovery:discover_packages(colcon_meta) check parameters
[0.166s] Level 1:colcon.colcon_core.package_discovery:discover_packages(recursive) check parameters
[0.166s] Level 1:colcon.colcon_core.package_discovery:discover_packages(ignore) check parameters
[0.167s] Level 1:colcon.colcon_core.package_discovery:discover_packages(path) check parameters
[0.167s] Level 1:colcon.colcon_core.package_discovery:discover_packages(colcon_meta) discover
[0.167s] Level 1:colcon.colcon_core.package_discovery:discover_packages(recursive) discover
[0.167s] INFO:colcon.colcon_core.package_discovery:Crawling recursively for packages in '/home/ansl/ca_ws'
[0.167s] Level 1:colcon.colcon_core.package_identification:_identify(.) by extensions ['ignore', 'ignore_ament_install']
[0.167s] Level 1:colcon.colcon_core.package_identification:_identify(.) by extension 'ignore'
[0.167s] Level 1:colcon.colcon_core.package_identification:_identify(.) by extension 'ignore_ament_install'
[0.167s] Level 1:colcon.colcon_core.package_identification:_identify(.) by extensions ['colcon_pkg']
[0.167s] Level 1:colcon.colcon_core.package_identification:_identify(.) by extension 'colcon_pkg'
[0.167s] Level 1:colcon.colcon_core.package_identification:_identify(.) by extensions ['colcon_meta']
[0.167s] Level 1:colcon.colcon_core.package_identification:_identify(.) by extension 'colcon_meta'
[0.167s] Level 1:colcon.colcon_core.package_identification:_identify(.) by extensions ['ros']
[0.167s] Level 1:colcon.colcon_core.package_identification:_identify(.) by extension 'ros'
[0.174s] Level 1:colcon.colcon_core.package_identification:_identify(.) by extensions ['cmake', 'python']
[0.174s] Level 1:colcon.colcon_core.package_identification:_identify(.) by extension 'cmake'
[0.174s] Level 1:colcon.colcon_core.package_identification:_identify(.) by extension 'python'
[0.174s] Level 1:colcon.colcon_core.package_identification:_identify(.) by extensions ['python_setup_py']
[0.174s] Level 1:colcon.colcon_core.package_identification:_identify(.) by extension 'python_setup_py'
[0.174s] Level 1:colcon.colcon_core.package_identification:_identify(build) by extensions ['ignore', 'ignore_ament_install']
[0.174s] Level 1:colcon.colcon_core.package_identification:_identify(build) by extension 'ignore'
[0.174s] Level 1:colcon.colcon_core.package_identification:_identify(build) ignored
[0.174s] Level 1:colcon.colcon_core.package_identification:_identify(install) by extensions ['ignore', 'ignore_ament_install']
[0.174s] Level 1:colcon.colcon_core.package_identification:_identify(install) by extension 'ignore'
[0.174s] Level 1:colcon.colcon_core.package_identification:_identify(install) ignored
[0.174s] Level 1:colcon.colcon_core.package_identification:_identify(log) by extensions ['ignore', 'ignore_ament_install']
[0.174s] Level 1:colcon.colcon_core.package_identification:_identify(log) by extension 'ignore'
[0.174s] Level 1:colcon.colcon_core.package_identification:_identify(log) ignored
[0.174s] Level 1:colcon.colcon_core.package_identification:_identify(src) by extensions ['ignore', 'ignore_ament_install']
[0.174s] Level 1:colcon.colcon_core.package_identification:_identify(src) by extension 'ignore'
[0.174s] Level 1:colcon.colcon_core.package_identification:_identify(src) by extension 'ignore_ament_install'
[0.174s] Level 1:colcon.colcon_core.package_identification:_identify(src) by extensions ['colcon_pkg']
[0.175s] Level 1:colcon.colcon_core.package_identification:_identify(src) by extension 'colcon_pkg'
[0.175s] Level 1:colcon.colcon_core.package_identification:_identify(src) by extensions ['colcon_meta']
[0.175s] Level 1:colcon.colcon_core.package_identification:_identify(src) by extension 'colcon_meta'
[0.175s] Level 1:colcon.colcon_core.package_identification:_identify(src) by extensions ['ros']
[0.175s] Level 1:colcon.colcon_core.package_identification:_identify(src) by extension 'ros'
[0.175s] Level 1:colcon.colcon_core.package_identification:_identify(src) by extensions ['cmake', 'python']
[0.175s] Level 1:colcon.colcon_core.package_identification:_identify(src) by extension 'cmake'
[0.175s] Level 1:colcon.colcon_core.package_identification:_identify(src) by extension 'python'
[0.175s] Level 1:colcon.colcon_core.package_identification:_identify(src) by extensions ['python_setup_py']
[0.175s] Level 1:colcon.colcon_core.package_identification:_identify(src) by extension 'python_setup_py'
[0.175s] Level 1:colcon.colcon_core.package_identification:_identify(src/pointcloud_to_laserscan) by extensions ['ignore', 'ignore_ament_install']
[0.175s] Level 1:colcon.colcon_core.package_identification:_identify(src/pointcloud_to_laserscan) by extension 'ignore'
[0.175s] Level 1:colcon.colcon_core.package_identification:_identify(src/pointcloud_to_laserscan) by extension 'ignore_ament_install'
[0.175s] Level 1:colcon.colcon_core.package_identification:_identify(src/pointcloud_to_laserscan) by extensions ['colcon_pkg']
[0.175s] Level 1:colcon.colcon_core.package_identification:_identify(src/pointcloud_to_laserscan) by extension 'colcon_pkg'
[0.175s] Level 1:colcon.colcon_core.package_identification:_identify(src/pointcloud_to_laserscan) by extensions ['colcon_meta']
[0.175s] Level 1:colcon.colcon_core.package_identification:_identify(src/pointcloud_to_laserscan) by extension 'colcon_meta'
[0.175s] Level 1:colcon.colcon_core.package_identification:_identify(src/pointcloud_to_laserscan) by extensions ['ros']
[0.175s] Level 1:colcon.colcon_core.package_identification:_identify(src/pointcloud_to_laserscan) by extension 'ros'
[0.183s] DEBUG:colcon.colcon_core.package_identification:Package 'src/pointcloud_to_laserscan' with type 'ros.ament_cmake' and name 'pointcloud_to_laserscan'
[0.183s] Level 1:colcon.colcon_core.package_identification:_identify(src/px4_msgs) by extensions ['ignore', 'ignore_ament_install']
[0.183s] Level 1:colcon.colcon_core.package_identification:_identify(src/px4_msgs) by extension 'ignore'
[0.183s] Level 1:colcon.colcon_core.package_identification:_identify(src/px4_msgs) by extension 'ignore_ament_install'
[0.183s] Level 1:colcon.colcon_core.package_identification:_identify(src/px4_msgs) by extensions ['colcon_pkg']
[0.183s] Level 1:colcon.colcon_core.package_identification:_identify(src/px4_msgs) by extension 'colcon_pkg'
[0.183s] Level 1:colcon.colcon_core.package_identification:_identify(src/px4_msgs) by extensions ['colcon_meta']
[0.183s] Level 1:colcon.colcon_core.package_identification:_identify(src/px4_msgs) by extension 'colcon_meta'
[0.183s] Level 1:colcon.colcon_core.package_identification:_identify(src/px4_msgs) by extensions ['ros']
[0.183s] Level 1:colcon.colcon_core.package_identification:_identify(src/px4_msgs) by extension 'ros'
[0.184s] DEBUG:colcon.colcon_core.package_identification:Package 'src/px4_msgs' with type 'ros.ament_cmake' and name 'px4_msgs'
[0.184s] Level 1:colcon.colcon_core.package_identification:_identify(src/px4_ros_com) by extensions ['ignore', 'ignore_ament_install']
[0.184s] Level 1:colcon.colcon_core.package_identification:_identify(src/px4_ros_com) by extension 'ignore'
[0.184s] Level 1:colcon.colcon_core.package_identification:_identify(src/px4_ros_com) by extension 'ignore_ament_install'
[0.184s] Level 1:colcon.colcon_core.package_identification:_identify(src/px4_ros_com) by extensions ['colcon_pkg']
[0.184s] Level 1:colcon.colcon_core.package_identification:_identify(src/px4_ros_com) by extension 'colcon_pkg'
[0.184s] Level 1:colcon.colcon_core.package_identification:_identify(src/px4_ros_com) by extensions ['colcon_meta']
[0.184s] Level 1:colcon.colcon_core.package_identification:_identify(src/px4_ros_com) by extension 'colcon_meta'
[0.184s] Level 1:colcon.colcon_core.package_identification:_identify(src/px4_ros_com) by extensions ['ros']
[0.184s] Level 1:colcon.colcon_core.package_identification:_identify(src/px4_ros_com) by extension 'ros'
[0.184s] DEBUG:colcon.colcon_core.package_identification:Failed to parse potential ROS package manifest in'src/px4_ros_com': Error(s) in package 'src/px4_ros_com/package.xml':
The manifest contains invalid XML:
no element found: line 1, column 0
[0.184s] Level 1:colcon.colcon_core.package_identification:_identify(src/px4_ros_com) by extensions ['cmake', 'python']
[0.184s] Level 1:colcon.colcon_core.package_identification:_identify(src/px4_ros_com) by extension 'cmake'
[0.185s] Level 1:colcon.colcon_core.package_identification:_identify(src/px4_ros_com) by extension 'python'
[0.185s] DEBUG:colcon.colcon_core.package_identification:Package 'src/px4_ros_com' with type 'cmake' and name 'px4_ros_com'
[0.185s] Level 1:colcon.colcon_core.package_identification:_identify(src/ugv_collision_avoidance_lidar_example1) by extensions ['ignore', 'ignore_ament_install']
[0.185s] Level 1:colcon.colcon_core.package_identification:_identify(src/ugv_collision_avoidance_lidar_example1) by extension 'ignore'
[0.185s] Level 1:colcon.colcon_core.package_identification:_identify(src/ugv_collision_avoidance_lidar_example1) by extension 'ignore_ament_install'
[0.185s] Level 1:colcon.colcon_core.package_identification:_identify(src/ugv_collision_avoidance_lidar_example1) by extensions ['colcon_pkg']
[0.185s] Level 1:colcon.colcon_core.package_identification:_identify(src/ugv_collision_avoidance_lidar_example1) by extension 'colcon_pkg'
[0.185s] Level 1:colcon.colcon_core.package_identification:_identify(src/ugv_collision_avoidance_lidar_example1) by extensions ['colcon_meta']
[0.185s] Level 1:colcon.colcon_core.package_identification:_identify(src/ugv_collision_avoidance_lidar_example1) by extension 'colcon_meta'
[0.185s] Level 1:colcon.colcon_core.package_identification:_identify(src/ugv_collision_avoidance_lidar_example1) by extensions ['ros']
[0.185s] Level 1:colcon.colcon_core.package_identification:_identify(src/ugv_collision_avoidance_lidar_example1) by extension 'ros'
[0.185s] DEBUG:colcon.colcon_core.package_identification:Failed to parse potential ROS package manifest in'src/ugv_collision_avoidance_lidar_example1': Error(s) in package 'src/ugv_collision_avoidance_lidar_example1/package.xml':
The manifest contains invalid XML:
no element found: line 1, column 0
[0.185s] Level 1:colcon.colcon_core.package_identification:_identify(src/ugv_collision_avoidance_lidar_example1) by extensions ['cmake', 'python']
[0.185s] Level 1:colcon.colcon_core.package_identification:_identify(src/ugv_collision_avoidance_lidar_example1) by extension 'cmake'
[0.185s] Level 1:colcon.colcon_core.package_identification:_identify(src/ugv_collision_avoidance_lidar_example1) by extension 'python'
[0.185s] DEBUG:colcon.colcon_core.package_identification:Python package in 'src/ugv_collision_avoidance_lidar_example1' passes arguments to the setup() function which requires a different identification extension than 'python'
[0.185s] Level 1:colcon.colcon_core.package_identification:_identify(src/ugv_collision_avoidance_lidar_example1) by extensions ['python_setup_py']
[0.185s] Level 1:colcon.colcon_core.package_identification:_identify(src/ugv_collision_avoidance_lidar_example1) by extension 'python_setup_py'
[0.344s] ERROR:colcon.colcon_core.package_identification:Exception in package identification extension 'python_setup_py' in 'src/ugv_collision_avoidance_lidar_example1': Command '['/usr/bin/python3', '-c', 'import sys;from contextlib import suppress;exec("with suppress(ImportError):    from setuptools.extern.packaging.specifiers    import SpecifierSet");exec("with suppress(ImportError):    from packaging.specifiers import SpecifierSet");from distutils.core import run_setup;dist = run_setup(    \'setup.py\', script_args=(\'--dry-run\',), stop_after=\'config\');skip_keys = (\'cmdclass\', \'distclass\', \'ext_modules\', \'metadata\');data = {    key: value for key, value in dist.__dict__.items()     if (        not key.startswith(\'_\') and         not callable(value) and         key not in skip_keys and         key not in dist.display_option_names    )};data[\'metadata\'] = {    k: v for k, v in dist.metadata.__dict__.items()     if k not in (\'license_files\', \'provides_extras\')};sys.stdout.buffer.write(repr(data).encode(\'utf-8\'))']' returned non-zero exit status 1.
Traceback (most recent call last):
  File "/usr/lib/python3/dist-packages/colcon_core/package_identification/__init__.py", line 144, in _identify
    retval = extension.identify(_reused_descriptor_instance)
  File "/usr/lib/python3/dist-packages/colcon_python_setup_py/package_identification/python_setup_py.py", line 48, in identify
    config = get_setup_information(setup_py)
  File "/usr/lib/python3/dist-packages/colcon_python_setup_py/package_identification/python_setup_py.py", line 249, in get_setup_information
    _setup_information_cache[hashable_env] = _get_setup_information(
  File "/usr/lib/python3/dist-packages/colcon_python_setup_py/package_identification/python_setup_py.py", line 296, in _get_setup_information
    result = subprocess.run(
  File "/usr/lib/python3.10/subprocess.py", line 526, in run
    raise CalledProcessError(retcode, process.args,
subprocess.CalledProcessError: Command '['/usr/bin/python3', '-c', 'import sys;from contextlib import suppress;exec("with suppress(ImportError):    from setuptools.extern.packaging.specifiers    import SpecifierSet");exec("with suppress(ImportError):    from packaging.specifiers import SpecifierSet");from distutils.core import run_setup;dist = run_setup(    \'setup.py\', script_args=(\'--dry-run\',), stop_after=\'config\');skip_keys = (\'cmdclass\', \'distclass\', \'ext_modules\', \'metadata\');data = {    key: value for key, value in dist.__dict__.items()     if (        not key.startswith(\'_\') and         not callable(value) and         key not in skip_keys and         key not in dist.display_option_names    )};data[\'metadata\'] = {    k: v for k, v in dist.metadata.__dict__.items()     if k not in (\'license_files\', \'provides_extras\')};sys.stdout.buffer.write(repr(data).encode(\'utf-8\'))']' returned non-zero exit status 1.

[0.344s] Level 1:colcon.colcon_core.package_identification:_identify(src/ugv_collision_avoidance_lidar_example1/resource) by extensions ['ignore', 'ignore_ament_install']
[0.344s] Level 1:colcon.colcon_core.package_identification:_identify(src/ugv_collision_avoidance_lidar_example1/resource) by extension 'ignore'
[0.344s] Level 1:colcon.colcon_core.package_identification:_identify(src/ugv_collision_avoidance_lidar_example1/resource) by extension 'ignore_ament_install'
[0.344s] Level 1:colcon.colcon_core.package_identification:_identify(src/ugv_collision_avoidance_lidar_example1/resource) by extensions ['colcon_pkg']
[0.344s] Level 1:colcon.colcon_core.package_identification:_identify(src/ugv_collision_avoidance_lidar_example1/resource) by extension 'colcon_pkg'
[0.344s] Level 1:colcon.colcon_core.package_identification:_identify(src/ugv_collision_avoidance_lidar_example1/resource) by extensions ['colcon_meta']
[0.344s] Level 1:colcon.colcon_core.package_identification:_identify(src/ugv_collision_avoidance_lidar_example1/resource) by extension 'colcon_meta'
[0.344s] Level 1:colcon.colcon_core.package_identification:_identify(src/ugv_collision_avoidance_lidar_example1/resource) by extensions ['ros']
[0.344s] Level 1:colcon.colcon_core.package_identification:_identify(src/ugv_collision_avoidance_lidar_example1/resource) by extension 'ros'
[0.345s] Level 1:colcon.colcon_core.package_identification:_identify(src/ugv_collision_avoidance_lidar_example1/resource) by extensions ['cmake', 'python']
[0.345s] Level 1:colcon.colcon_core.package_identification:_identify(src/ugv_collision_avoidance_lidar_example1/resource) by extension 'cmake'
[0.345s] Level 1:colcon.colcon_core.package_identification:_identify(src/ugv_collision_avoidance_lidar_example1/resource) by extension 'python'
[0.345s] Level 1:colcon.colcon_core.package_identification:_identify(src/ugv_collision_avoidance_lidar_example1/resource) by extensions ['python_setup_py']
[0.345s] Level 1:colcon.colcon_core.package_identification:_identify(src/ugv_collision_avoidance_lidar_example1/resource) by extension 'python_setup_py'
[0.345s] Level 1:colcon.colcon_core.package_identification:_identify(src/ugv_collision_avoidance_lidar_example1/test) by extensions ['ignore', 'ignore_ament_install']
[0.345s] Level 1:colcon.colcon_core.package_identification:_identify(src/ugv_collision_avoidance_lidar_example1/test) by extension 'ignore'
[0.345s] Level 1:colcon.colcon_core.package_identification:_identify(src/ugv_collision_avoidance_lidar_example1/test) by extension 'ignore_ament_install'
[0.345s] Level 1:colcon.colcon_core.package_identification:_identify(src/ugv_collision_avoidance_lidar_example1/test) by extensions ['colcon_pkg']
[0.345s] Level 1:colcon.colcon_core.package_identification:_identify(src/ugv_collision_avoidance_lidar_example1/test) by extension 'colcon_pkg'
[0.345s] Level 1:colcon.colcon_core.package_identification:_identify(src/ugv_collision_avoidance_lidar_example1/test) by extensions ['colcon_meta']
[0.345s] Level 1:colcon.colcon_core.package_identification:_identify(src/ugv_collision_avoidance_lidar_example1/test) by extension 'colcon_meta'
[0.345s] Level 1:colcon.colcon_core.package_identification:_identify(src/ugv_collision_avoidance_lidar_example1/test) by extensions ['ros']
[0.345s] Level 1:colcon.colcon_core.package_identification:_identify(src/ugv_collision_avoidance_lidar_example1/test) by extension 'ros'
[0.345s] Level 1:colcon.colcon_core.package_identification:_identify(src/ugv_collision_avoidance_lidar_example1/test) by extensions ['cmake', 'python']
[0.345s] Level 1:colcon.colcon_core.package_identification:_identify(src/ugv_collision_avoidance_lidar_example1/test) by extension 'cmake'
[0.345s] Level 1:colcon.colcon_core.package_identification:_identify(src/ugv_collision_avoidance_lidar_example1/test) by extension 'python'
[0.345s] Level 1:colcon.colcon_core.package_identification:_identify(src/ugv_collision_avoidance_lidar_example1/test) by extensions ['python_setup_py']
[0.345s] Level 1:colcon.colcon_core.package_identification:_identify(src/ugv_collision_avoidance_lidar_example1/test) by extension 'python_setup_py'
[0.345s] Level 1:colcon.colcon_core.package_identification:_identify(src/ugv_collision_avoidance_lidar_example1/ugv_collision_avoidance_lidar_example1) by extensions ['ignore', 'ignore_ament_install']
[0.345s] Level 1:colcon.colcon_core.package_identification:_identify(src/ugv_collision_avoidance_lidar_example1/ugv_collision_avoidance_lidar_example1) by extension 'ignore'
[0.345s] Level 1:colcon.colcon_core.package_identification:_identify(src/ugv_collision_avoidance_lidar_example1/ugv_collision_avoidance_lidar_example1) by extension 'ignore_ament_install'
[0.345s] Level 1:colcon.colcon_core.package_identification:_identify(src/ugv_collision_avoidance_lidar_example1/ugv_collision_avoidance_lidar_example1) by extensions ['colcon_pkg']
[0.345s] Level 1:colcon.colcon_core.package_identification:_identify(src/ugv_collision_avoidance_lidar_example1/ugv_collision_avoidance_lidar_example1) by extension 'colcon_pkg'
[0.345s] Level 1:colcon.colcon_core.package_identification:_identify(src/ugv_collision_avoidance_lidar_example1/ugv_collision_avoidance_lidar_example1) by extensions ['colcon_meta']
[0.345s] Level 1:colcon.colcon_core.package_identification:_identify(src/ugv_collision_avoidance_lidar_example1/ugv_collision_avoidance_lidar_example1) by extension 'colcon_meta'
[0.345s] Level 1:colcon.colcon_core.package_identification:_identify(src/ugv_collision_avoidance_lidar_example1/ugv_collision_avoidance_lidar_example1) by extensions ['ros']
[0.345s] Level 1:colcon.colcon_core.package_identification:_identify(src/ugv_collision_avoidance_lidar_example1/ugv_collision_avoidance_lidar_example1) by extension 'ros'
[0.345s] Level 1:colcon.colcon_core.package_identification:_identify(src/ugv_collision_avoidance_lidar_example1/ugv_collision_avoidance_lidar_example1) by extensions ['cmake', 'python']
[0.345s] Level 1:colcon.colcon_core.package_identification:_identify(src/ugv_collision_avoidance_lidar_example1/ugv_collision_avoidance_lidar_example1) by extension 'cmake'
[0.345s] Level 1:colcon.colcon_core.package_identification:_identify(src/ugv_collision_avoidance_lidar_example1/ugv_collision_avoidance_lidar_example1) by extension 'python'
[0.345s] Level 1:colcon.colcon_core.package_identification:_identify(src/ugv_collision_avoidance_lidar_example1/ugv_collision_avoidance_lidar_example1) by extensions ['python_setup_py']
[0.345s] Level 1:colcon.colcon_core.package_identification:_identify(src/ugv_collision_avoidance_lidar_example1/ugv_collision_avoidance_lidar_example1) by extension 'python_setup_py'
[0.346s] Level 1:colcon.colcon_core.package_identification:_identify(src/ugv_collision_avoidance_lidar_example2) by extensions ['ignore', 'ignore_ament_install']
[0.346s] Level 1:colcon.colcon_core.package_identification:_identify(src/ugv_collision_avoidance_lidar_example2) by extension 'ignore'
[0.346s] Level 1:colcon.colcon_core.package_identification:_identify(src/ugv_collision_avoidance_lidar_example2) by extension 'ignore_ament_install'
[0.346s] Level 1:colcon.colcon_core.package_identification:_identify(src/ugv_collision_avoidance_lidar_example2) by extensions ['colcon_pkg']
[0.346s] Level 1:colcon.colcon_core.package_identification:_identify(src/ugv_collision_avoidance_lidar_example2) by extension 'colcon_pkg'
[0.346s] Level 1:colcon.colcon_core.package_identification:_identify(src/ugv_collision_avoidance_lidar_example2) by extensions ['colcon_meta']
[0.346s] Level 1:colcon.colcon_core.package_identification:_identify(src/ugv_collision_avoidance_lidar_example2) by extension 'colcon_meta'
[0.346s] Level 1:colcon.colcon_core.package_identification:_identify(src/ugv_collision_avoidance_lidar_example2) by extensions ['ros']
[0.346s] Level 1:colcon.colcon_core.package_identification:_identify(src/ugv_collision_avoidance_lidar_example2) by extension 'ros'
[0.346s] DEBUG:colcon.colcon_core.package_identification:Failed to parse potential ROS package manifest in'src/ugv_collision_avoidance_lidar_example2': Error(s) in package 'src/ugv_collision_avoidance_lidar_example2/package.xml':
The manifest contains invalid XML:
no element found: line 1, column 0
[0.346s] Level 1:colcon.colcon_core.package_identification:_identify(src/ugv_collision_avoidance_lidar_example2) by extensions ['cmake', 'python']
[0.346s] Level 1:colcon.colcon_core.package_identification:_identify(src/ugv_collision_avoidance_lidar_example2) by extension 'cmake'
[0.346s] Level 1:colcon.colcon_core.package_identification:_identify(src/ugv_collision_avoidance_lidar_example2) by extension 'python'
[0.346s] DEBUG:colcon.colcon_core.package_identification:Python package in 'src/ugv_collision_avoidance_lidar_example2' passes arguments to the setup() function which requires a different identification extension than 'python'
[0.346s] Level 1:colcon.colcon_core.package_identification:_identify(src/ugv_collision_avoidance_lidar_example2) by extensions ['python_setup_py']
[0.346s] Level 1:colcon.colcon_core.package_identification:_identify(src/ugv_collision_avoidance_lidar_example2) by extension 'python_setup_py'
[0.498s] ERROR:colcon.colcon_core.package_identification:Exception in package identification extension 'python_setup_py' in 'src/ugv_collision_avoidance_lidar_example2': Command '['/usr/bin/python3', '-c', 'import sys;from contextlib import suppress;exec("with suppress(ImportError):    from setuptools.extern.packaging.specifiers    import SpecifierSet");exec("with suppress(ImportError):    from packaging.specifiers import SpecifierSet");from distutils.core import run_setup;dist = run_setup(    \'setup.py\', script_args=(\'--dry-run\',), stop_after=\'config\');skip_keys = (\'cmdclass\', \'distclass\', \'ext_modules\', \'metadata\');data = {    key: value for key, value in dist.__dict__.items()     if (        not key.startswith(\'_\') and         not callable(value) and         key not in skip_keys and         key not in dist.display_option_names    )};data[\'metadata\'] = {    k: v for k, v in dist.metadata.__dict__.items()     if k not in (\'license_files\', \'provides_extras\')};sys.stdout.buffer.write(repr(data).encode(\'utf-8\'))']' returned non-zero exit status 1.
Traceback (most recent call last):
  File "/usr/lib/python3/dist-packages/colcon_core/package_identification/__init__.py", line 144, in _identify
    retval = extension.identify(_reused_descriptor_instance)
  File "/usr/lib/python3/dist-packages/colcon_python_setup_py/package_identification/python_setup_py.py", line 48, in identify
    config = get_setup_information(setup_py)
  File "/usr/lib/python3/dist-packages/colcon_python_setup_py/package_identification/python_setup_py.py", line 249, in get_setup_information
    _setup_information_cache[hashable_env] = _get_setup_information(
  File "/usr/lib/python3/dist-packages/colcon_python_setup_py/package_identification/python_setup_py.py", line 296, in _get_setup_information
    result = subprocess.run(
  File "/usr/lib/python3.10/subprocess.py", line 526, in run
    raise CalledProcessError(retcode, process.args,
subprocess.CalledProcessError: Command '['/usr/bin/python3', '-c', 'import sys;from contextlib import suppress;exec("with suppress(ImportError):    from setuptools.extern.packaging.specifiers    import SpecifierSet");exec("with suppress(ImportError):    from packaging.specifiers import SpecifierSet");from distutils.core import run_setup;dist = run_setup(    \'setup.py\', script_args=(\'--dry-run\',), stop_after=\'config\');skip_keys = (\'cmdclass\', \'distclass\', \'ext_modules\', \'metadata\');data = {    key: value for key, value in dist.__dict__.items()     if (        not key.startswith(\'_\') and         not callable(value) and         key not in skip_keys and         key not in dist.display_option_names    )};data[\'metadata\'] = {    k: v for k, v in dist.metadata.__dict__.items()     if k not in (\'license_files\', \'provides_extras\')};sys.stdout.buffer.write(repr(data).encode(\'utf-8\'))']' returned non-zero exit status 1.

[0.498s] Level 1:colcon.colcon_core.package_identification:_identify(src/ugv_collision_avoidance_lidar_example2/launch) by extensions ['ignore', 'ignore_ament_install']
[0.498s] Level 1:colcon.colcon_core.package_identification:_identify(src/ugv_collision_avoidance_lidar_example2/launch) by extension 'ignore'
[0.498s] Level 1:colcon.colcon_core.package_identification:_identify(src/ugv_collision_avoidance_lidar_example2/launch) by extension 'ignore_ament_install'
[0.498s] Level 1:colcon.colcon_core.package_identification:_identify(src/ugv_collision_avoidance_lidar_example2/launch) by extensions ['colcon_pkg']
[0.498s] Level 1:colcon.colcon_core.package_identification:_identify(src/ugv_collision_avoidance_lidar_example2/launch) by extension 'colcon_pkg'
[0.499s] Level 1:colcon.colcon_core.package_identification:_identify(src/ugv_collision_avoidance_lidar_example2/launch) by extensions ['colcon_meta']
[0.499s] Level 1:colcon.colcon_core.package_identification:_identify(src/ugv_collision_avoidance_lidar_example2/launch) by extension 'colcon_meta'
[0.499s] Level 1:colcon.colcon_core.package_identification:_identify(src/ugv_collision_avoidance_lidar_example2/launch) by extensions ['ros']
[0.499s] Level 1:colcon.colcon_core.package_identification:_identify(src/ugv_collision_avoidance_lidar_example2/launch) by extension 'ros'
[0.499s] Level 1:colcon.colcon_core.package_identification:_identify(src/ugv_collision_avoidance_lidar_example2/launch) by extensions ['cmake', 'python']
[0.499s] Level 1:colcon.colcon_core.package_identification:_identify(src/ugv_collision_avoidance_lidar_example2/launch) by extension 'cmake'
[0.499s] Level 1:colcon.colcon_core.package_identification:_identify(src/ugv_collision_avoidance_lidar_example2/launch) by extension 'python'
[0.499s] Level 1:colcon.colcon_core.package_identification:_identify(src/ugv_collision_avoidance_lidar_example2/launch) by extensions ['python_setup_py']
[0.499s] Level 1:colcon.colcon_core.package_identification:_identify(src/ugv_collision_avoidance_lidar_example2/launch) by extension 'python_setup_py'
[0.499s] Level 1:colcon.colcon_core.package_identification:_identify(src/ugv_collision_avoidance_lidar_example2/resource) by extensions ['ignore', 'ignore_ament_install']
[0.499s] Level 1:colcon.colcon_core.package_identification:_identify(src/ugv_collision_avoidance_lidar_example2/resource) by extension 'ignore'
[0.499s] Level 1:colcon.colcon_core.package_identification:_identify(src/ugv_collision_avoidance_lidar_example2/resource) by extension 'ignore_ament_install'
[0.499s] Level 1:colcon.colcon_core.package_identification:_identify(src/ugv_collision_avoidance_lidar_example2/resource) by extensions ['colcon_pkg']
[0.499s] Level 1:colcon.colcon_core.package_identification:_identify(src/ugv_collision_avoidance_lidar_example2/resource) by extension 'colcon_pkg'
[0.499s] Level 1:colcon.colcon_core.package_identification:_identify(src/ugv_collision_avoidance_lidar_example2/resource) by extensions ['colcon_meta']
[0.499s] Level 1:colcon.colcon_core.package_identification:_identify(src/ugv_collision_avoidance_lidar_example2/resource) by extension 'colcon_meta'
[0.499s] Level 1:colcon.colcon_core.package_identification:_identify(src/ugv_collision_avoidance_lidar_example2/resource) by extensions ['ros']
[0.499s] Level 1:colcon.colcon_core.package_identification:_identify(src/ugv_collision_avoidance_lidar_example2/resource) by extension 'ros'
[0.499s] Level 1:colcon.colcon_core.package_identification:_identify(src/ugv_collision_avoidance_lidar_example2/resource) by extensions ['cmake', 'python']
[0.499s] Level 1:colcon.colcon_core.package_identification:_identify(src/ugv_collision_avoidance_lidar_example2/resource) by extension 'cmake'
[0.499s] Level 1:colcon.colcon_core.package_identification:_identify(src/ugv_collision_avoidance_lidar_example2/resource) by extension 'python'
[0.499s] Level 1:colcon.colcon_core.package_identification:_identify(src/ugv_collision_avoidance_lidar_example2/resource) by extensions ['python_setup_py']
[0.499s] Level 1:colcon.colcon_core.package_identification:_identify(src/ugv_collision_avoidance_lidar_example2/resource) by extension 'python_setup_py'
[0.499s] Level 1:colcon.colcon_core.package_identification:_identify(src/ugv_collision_avoidance_lidar_example2/test) by extensions ['ignore', 'ignore_ament_install']
[0.499s] Level 1:colcon.colcon_core.package_identification:_identify(src/ugv_collision_avoidance_lidar_example2/test) by extension 'ignore'
[0.499s] Level 1:colcon.colcon_core.package_identification:_identify(src/ugv_collision_avoidance_lidar_example2/test) by extension 'ignore_ament_install'
[0.499s] Level 1:colcon.colcon_core.package_identification:_identify(src/ugv_collision_avoidance_lidar_example2/test) by extensions ['colcon_pkg']
[0.499s] Level 1:colcon.colcon_core.package_identification:_identify(src/ugv_collision_avoidance_lidar_example2/test) by extension 'colcon_pkg'
[0.499s] Level 1:colcon.colcon_core.package_identification:_identify(src/ugv_collision_avoidance_lidar_example2/test) by extensions ['colcon_meta']
[0.499s] Level 1:colcon.colcon_core.package_identification:_identify(src/ugv_collision_avoidance_lidar_example2/test) by extension 'colcon_meta'
[0.499s] Level 1:colcon.colcon_core.package_identification:_identify(src/ugv_collision_avoidance_lidar_example2/test) by extensions ['ros']
[0.499s] Level 1:colcon.colcon_core.package_identification:_identify(src/ugv_collision_avoidance_lidar_example2/test) by extension 'ros'
[0.499s] Level 1:colcon.colcon_core.package_identification:_identify(src/ugv_collision_avoidance_lidar_example2/test) by extensions ['cmake', 'python']
[0.500s] Level 1:colcon.colcon_core.package_identification:_identify(src/ugv_collision_avoidance_lidar_example2/test) by extension 'cmake'
[0.500s] Level 1:colcon.colcon_core.package_identification:_identify(src/ugv_collision_avoidance_lidar_example2/test) by extension 'python'
[0.500s] Level 1:colcon.colcon_core.package_identification:_identify(src/ugv_collision_avoidance_lidar_example2/test) by extensions ['python_setup_py']
[0.500s] Level 1:colcon.colcon_core.package_identification:_identify(src/ugv_collision_avoidance_lidar_example2/test) by extension 'python_setup_py'
[0.500s] Level 1:colcon.colcon_core.package_identification:_identify(src/ugv_collision_avoidance_lidar_example2/ugv_collision_avoidance_lidar_example2) by extensions ['ignore', 'ignore_ament_install']
[0.500s] Level 1:colcon.colcon_core.package_identification:_identify(src/ugv_collision_avoidance_lidar_example2/ugv_collision_avoidance_lidar_example2) by extension 'ignore'
[0.500s] Level 1:colcon.colcon_core.package_identification:_identify(src/ugv_collision_avoidance_lidar_example2/ugv_collision_avoidance_lidar_example2) by extension 'ignore_ament_install'
[0.500s] Level 1:colcon.colcon_core.package_identification:_identify(src/ugv_collision_avoidance_lidar_example2/ugv_collision_avoidance_lidar_example2) by extensions ['colcon_pkg']
[0.500s] Level 1:colcon.colcon_core.package_identification:_identify(src/ugv_collision_avoidance_lidar_example2/ugv_collision_avoidance_lidar_example2) by extension 'colcon_pkg'
[0.500s] Level 1:colcon.colcon_core.package_identification:_identify(src/ugv_collision_avoidance_lidar_example2/ugv_collision_avoidance_lidar_example2) by extensions ['colcon_meta']
[0.500s] Level 1:colcon.colcon_core.package_identification:_identify(src/ugv_collision_avoidance_lidar_example2/ugv_collision_avoidance_lidar_example2) by extension 'colcon_meta'
[0.500s] Level 1:colcon.colcon_core.package_identification:_identify(src/ugv_collision_avoidance_lidar_example2/ugv_collision_avoidance_lidar_example2) by extensions ['ros']
[0.500s] Level 1:colcon.colcon_core.package_identification:_identify(src/ugv_collision_avoidance_lidar_example2/ugv_collision_avoidance_lidar_example2) by extension 'ros'
[0.500s] Level 1:colcon.colcon_core.package_identification:_identify(src/ugv_collision_avoidance_lidar_example2/ugv_collision_avoidance_lidar_example2) by extensions ['cmake', 'python']
[0.500s] Level 1:colcon.colcon_core.package_identification:_identify(src/ugv_collision_avoidance_lidar_example2/ugv_collision_avoidance_lidar_example2) by extension 'cmake'
[0.500s] Level 1:colcon.colcon_core.package_identification:_identify(src/ugv_collision_avoidance_lidar_example2/ugv_collision_avoidance_lidar_example2) by extension 'python'
[0.500s] Level 1:colcon.colcon_core.package_identification:_identify(src/ugv_collision_avoidance_lidar_example2/ugv_collision_avoidance_lidar_example2) by extensions ['python_setup_py']
[0.500s] Level 1:colcon.colcon_core.package_identification:_identify(src/ugv_collision_avoidance_lidar_example2/ugv_collision_avoidance_lidar_example2) by extension 'python_setup_py'
[0.500s] Level 1:colcon.colcon_core.package_identification:_identify(src/ugv_collision_avoidance_lidar_example2/ugv_collision_avoidance_lidar_example2/__pycache__) by extensions ['ignore', 'ignore_ament_install']
[0.500s] Level 1:colcon.colcon_core.package_identification:_identify(src/ugv_collision_avoidance_lidar_example2/ugv_collision_avoidance_lidar_example2/__pycache__) by extension 'ignore'
[0.500s] Level 1:colcon.colcon_core.package_identification:_identify(src/ugv_collision_avoidance_lidar_example2/ugv_collision_avoidance_lidar_example2/__pycache__) by extension 'ignore_ament_install'
[0.500s] Level 1:colcon.colcon_core.package_identification:_identify(src/ugv_collision_avoidance_lidar_example2/ugv_collision_avoidance_lidar_example2/__pycache__) by extensions ['colcon_pkg']
[0.500s] Level 1:colcon.colcon_core.package_identification:_identify(src/ugv_collision_avoidance_lidar_example2/ugv_collision_avoidance_lidar_example2/__pycache__) by extension 'colcon_pkg'
[0.500s] Level 1:colcon.colcon_core.package_identification:_identify(src/ugv_collision_avoidance_lidar_example2/ugv_collision_avoidance_lidar_example2/__pycache__) by extensions ['colcon_meta']
[0.500s] Level 1:colcon.colcon_core.package_identification:_identify(src/ugv_collision_avoidance_lidar_example2/ugv_collision_avoidance_lidar_example2/__pycache__) by extension 'colcon_meta'
[0.500s] Level 1:colcon.colcon_core.package_identification:_identify(src/ugv_collision_avoidance_lidar_example2/ugv_collision_avoidance_lidar_example2/__pycache__) by extensions ['ros']
[0.500s] Level 1:colcon.colcon_core.package_identification:_identify(src/ugv_collision_avoidance_lidar_example2/ugv_collision_avoidance_lidar_example2/__pycache__) by extension 'ros'
[0.500s] Level 1:colcon.colcon_core.package_identification:_identify(src/ugv_collision_avoidance_lidar_example2/ugv_collision_avoidance_lidar_example2/__pycache__) by extensions ['cmake', 'python']
[0.500s] Level 1:colcon.colcon_core.package_identification:_identify(src/ugv_collision_avoidance_lidar_example2/ugv_collision_avoidance_lidar_example2/__pycache__) by extension 'cmake'
[0.500s] Level 1:colcon.colcon_core.package_identification:_identify(src/ugv_collision_avoidance_lidar_example2/ugv_collision_avoidance_lidar_example2/__pycache__) by extension 'python'
[0.500s] Level 1:colcon.colcon_core.package_identification:_identify(src/ugv_collision_avoidance_lidar_example2/ugv_collision_avoidance_lidar_example2/__pycache__) by extensions ['python_setup_py']
[0.500s] Level 1:colcon.colcon_core.package_identification:_identify(src/ugv_collision_avoidance_lidar_example2/ugv_collision_avoidance_lidar_example2/__pycache__) by extension 'python_setup_py'
[0.500s] Level 1:colcon.colcon_core.package_identification:_identify(src/usv_control_pkg) by extensions ['ignore', 'ignore_ament_install']
[0.500s] Level 1:colcon.colcon_core.package_identification:_identify(src/usv_control_pkg) by extension 'ignore'
[0.500s] Level 1:colcon.colcon_core.package_identification:_identify(src/usv_control_pkg) by extension 'ignore_ament_install'
[0.500s] Level 1:colcon.colcon_core.package_identification:_identify(src/usv_control_pkg) by extensions ['colcon_pkg']
[0.501s] Level 1:colcon.colcon_core.package_identification:_identify(src/usv_control_pkg) by extension 'colcon_pkg'
[0.501s] Level 1:colcon.colcon_core.package_identification:_identify(src/usv_control_pkg) by extensions ['colcon_meta']
[0.501s] Level 1:colcon.colcon_core.package_identification:_identify(src/usv_control_pkg) by extension 'colcon_meta'
[0.501s] Level 1:colcon.colcon_core.package_identification:_identify(src/usv_control_pkg) by extensions ['ros']
[0.501s] Level 1:colcon.colcon_core.package_identification:_identify(src/usv_control_pkg) by extension 'ros'
[0.501s] DEBUG:colcon.colcon_core.package_identification:Failed to parse potential ROS package manifest in'src/usv_control_pkg': Error(s) in package 'src/usv_control_pkg/package.xml':
The manifest contains invalid XML:
no element found: line 1, column 0
[0.501s] Level 1:colcon.colcon_core.package_identification:_identify(src/usv_control_pkg) by extensions ['cmake', 'python']
[0.501s] Level 1:colcon.colcon_core.package_identification:_identify(src/usv_control_pkg) by extension 'cmake'
[0.501s] Level 1:colcon.colcon_core.package_identification:_identify(src/usv_control_pkg) by extension 'python'
[0.501s] DEBUG:colcon.colcon_core.package_identification:Python package in 'src/usv_control_pkg' passes arguments to the setup() function which requires a different identification extension than 'python'
[0.501s] Level 1:colcon.colcon_core.package_identification:_identify(src/usv_control_pkg) by extensions ['python_setup_py']
[0.501s] Level 1:colcon.colcon_core.package_identification:_identify(src/usv_control_pkg) by extension 'python_setup_py'
[0.652s] ERROR:colcon.colcon_core.package_identification:Exception in package identification extension 'python_setup_py' in 'src/usv_control_pkg': Command '['/usr/bin/python3', '-c', 'import sys;from contextlib import suppress;exec("with suppress(ImportError):    from setuptools.extern.packaging.specifiers    import SpecifierSet");exec("with suppress(ImportError):    from packaging.specifiers import SpecifierSet");from distutils.core import run_setup;dist = run_setup(    \'setup.py\', script_args=(\'--dry-run\',), stop_after=\'config\');skip_keys = (\'cmdclass\', \'distclass\', \'ext_modules\', \'metadata\');data = {    key: value for key, value in dist.__dict__.items()     if (        not key.startswith(\'_\') and         not callable(value) and         key not in skip_keys and         key not in dist.display_option_names    )};data[\'metadata\'] = {    k: v for k, v in dist.metadata.__dict__.items()     if k not in (\'license_files\', \'provides_extras\')};sys.stdout.buffer.write(repr(data).encode(\'utf-8\'))']' returned non-zero exit status 1.
Traceback (most recent call last):
  File "/usr/lib/python3/dist-packages/colcon_core/package_identification/__init__.py", line 144, in _identify
    retval = extension.identify(_reused_descriptor_instance)
  File "/usr/lib/python3/dist-packages/colcon_python_setup_py/package_identification/python_setup_py.py", line 48, in identify
    config = get_setup_information(setup_py)
  File "/usr/lib/python3/dist-packages/colcon_python_setup_py/package_identification/python_setup_py.py", line 249, in get_setup_information
    _setup_information_cache[hashable_env] = _get_setup_information(
  File "/usr/lib/python3/dist-packages/colcon_python_setup_py/package_identification/python_setup_py.py", line 296, in _get_setup_information
    result = subprocess.run(
  File "/usr/lib/python3.10/subprocess.py", line 526, in run
    raise CalledProcessError(retcode, process.args,
subprocess.CalledProcessError: Command '['/usr/bin/python3', '-c', 'import sys;from contextlib import suppress;exec("with suppress(ImportError):    from setuptools.extern.packaging.specifiers    import SpecifierSet");exec("with suppress(ImportError):    from packaging.specifiers import SpecifierSet");from distutils.core import run_setup;dist = run_setup(    \'setup.py\', script_args=(\'--dry-run\',), stop_after=\'config\');skip_keys = (\'cmdclass\', \'distclass\', \'ext_modules\', \'metadata\');data = {    key: value for key, value in dist.__dict__.items()     if (        not key.startswith(\'_\') and         not callable(value) and         key not in skip_keys and         key not in dist.display_option_names    )};data[\'metadata\'] = {    k: v for k, v in dist.metadata.__dict__.items()     if k not in (\'license_files\', \'provides_extras\')};sys.stdout.buffer.write(repr(data).encode(\'utf-8\'))']' returned non-zero exit status 1.

[0.652s] Level 1:colcon.colcon_core.package_identification:_identify(src/usv_control_pkg/launch) by extensions ['ignore', 'ignore_ament_install']
[0.652s] Level 1:colcon.colcon_core.package_identification:_identify(src/usv_control_pkg/launch) by extension 'ignore'
[0.652s] Level 1:colcon.colcon_core.package_identification:_identify(src/usv_control_pkg/launch) by extension 'ignore_ament_install'
[0.652s] Level 1:colcon.colcon_core.package_identification:_identify(src/usv_control_pkg/launch) by extensions ['colcon_pkg']
[0.652s] Level 1:colcon.colcon_core.package_identification:_identify(src/usv_control_pkg/launch) by extension 'colcon_pkg'
[0.652s] Level 1:colcon.colcon_core.package_identification:_identify(src/usv_control_pkg/launch) by extensions ['colcon_meta']
[0.652s] Level 1:colcon.colcon_core.package_identification:_identify(src/usv_control_pkg/launch) by extension 'colcon_meta'
[0.652s] Level 1:colcon.colcon_core.package_identification:_identify(src/usv_control_pkg/launch) by extensions ['ros']
[0.652s] Level 1:colcon.colcon_core.package_identification:_identify(src/usv_control_pkg/launch) by extension 'ros'
[0.652s] Level 1:colcon.colcon_core.package_identification:_identify(src/usv_control_pkg/launch) by extensions ['cmake', 'python']
[0.653s] Level 1:colcon.colcon_core.package_identification:_identify(src/usv_control_pkg/launch) by extension 'cmake'
[0.653s] Level 1:colcon.colcon_core.package_identification:_identify(src/usv_control_pkg/launch) by extension 'python'
[0.653s] Level 1:colcon.colcon_core.package_identification:_identify(src/usv_control_pkg/launch) by extensions ['python_setup_py']
[0.653s] Level 1:colcon.colcon_core.package_identification:_identify(src/usv_control_pkg/launch) by extension 'python_setup_py'
[0.653s] Level 1:colcon.colcon_core.package_identification:_identify(src/usv_control_pkg/resource) by extensions ['ignore', 'ignore_ament_install']
[0.653s] Level 1:colcon.colcon_core.package_identification:_identify(src/usv_control_pkg/resource) by extension 'ignore'
[0.653s] Level 1:colcon.colcon_core.package_identification:_identify(src/usv_control_pkg/resource) by extension 'ignore_ament_install'
[0.653s] Level 1:colcon.colcon_core.package_identification:_identify(src/usv_control_pkg/resource) by extensions ['colcon_pkg']
[0.653s] Level 1:colcon.colcon_core.package_identification:_identify(src/usv_control_pkg/resource) by extension 'colcon_pkg'
[0.653s] Level 1:colcon.colcon_core.package_identification:_identify(src/usv_control_pkg/resource) by extensions ['colcon_meta']
[0.653s] Level 1:colcon.colcon_core.package_identification:_identify(src/usv_control_pkg/resource) by extension 'colcon_meta'
[0.653s] Level 1:colcon.colcon_core.package_identification:_identify(src/usv_control_pkg/resource) by extensions ['ros']
[0.653s] Level 1:colcon.colcon_core.package_identification:_identify(src/usv_control_pkg/resource) by extension 'ros'
[0.653s] Level 1:colcon.colcon_core.package_identification:_identify(src/usv_control_pkg/resource) by extensions ['cmake', 'python']
[0.653s] Level 1:colcon.colcon_core.package_identification:_identify(src/usv_control_pkg/resource) by extension 'cmake'
[0.653s] Level 1:colcon.colcon_core.package_identification:_identify(src/usv_control_pkg/resource) by extension 'python'
[0.653s] Level 1:colcon.colcon_core.package_identification:_identify(src/usv_control_pkg/resource) by extensions ['python_setup_py']
[0.653s] Level 1:colcon.colcon_core.package_identification:_identify(src/usv_control_pkg/resource) by extension 'python_setup_py'
[0.653s] Level 1:colcon.colcon_core.package_identification:_identify(src/usv_control_pkg/test) by extensions ['ignore', 'ignore_ament_install']
[0.653s] Level 1:colcon.colcon_core.package_identification:_identify(src/usv_control_pkg/test) by extension 'ignore'
[0.653s] Level 1:colcon.colcon_core.package_identification:_identify(src/usv_control_pkg/test) by extension 'ignore_ament_install'
[0.653s] Level 1:colcon.colcon_core.package_identification:_identify(src/usv_control_pkg/test) by extensions ['colcon_pkg']
[0.653s] Level 1:colcon.colcon_core.package_identification:_identify(src/usv_control_pkg/test) by extension 'colcon_pkg'
[0.653s] Level 1:colcon.colcon_core.package_identification:_identify(src/usv_control_pkg/test) by extensions ['colcon_meta']
[0.653s] Level 1:colcon.colcon_core.package_identification:_identify(src/usv_control_pkg/test) by extension 'colcon_meta'
[0.653s] Level 1:colcon.colcon_core.package_identification:_identify(src/usv_control_pkg/test) by extensions ['ros']
[0.653s] Level 1:colcon.colcon_core.package_identification:_identify(src/usv_control_pkg/test) by extension 'ros'
[0.653s] Level 1:colcon.colcon_core.package_identification:_identify(src/usv_control_pkg/test) by extensions ['cmake', 'python']
[0.653s] Level 1:colcon.colcon_core.package_identification:_identify(src/usv_control_pkg/test) by extension 'cmake'
[0.653s] Level 1:colcon.colcon_core.package_identification:_identify(src/usv_control_pkg/test) by extension 'python'
[0.653s] Level 1:colcon.colcon_core.package_identification:_identify(src/usv_control_pkg/test) by extensions ['python_setup_py']
[0.653s] Level 1:colcon.colcon_core.package_identification:_identify(src/usv_control_pkg/test) by extension 'python_setup_py'
[0.653s] Level 1:colcon.colcon_core.package_identification:_identify(src/usv_control_pkg/usv_control_pkg) by extensions ['ignore', 'ignore_ament_install']
[0.654s] Level 1:colcon.colcon_core.package_identification:_identify(src/usv_control_pkg/usv_control_pkg) by extension 'ignore'
[0.654s] Level 1:colcon.colcon_core.package_identification:_identify(src/usv_control_pkg/usv_control_pkg) by extension 'ignore_ament_install'
[0.654s] Level 1:colcon.colcon_core.package_identification:_identify(src/usv_control_pkg/usv_control_pkg) by extensions ['colcon_pkg']
[0.654s] Level 1:colcon.colcon_core.package_identification:_identify(src/usv_control_pkg/usv_control_pkg) by extension 'colcon_pkg'
[0.654s] Level 1:colcon.colcon_core.package_identification:_identify(src/usv_control_pkg/usv_control_pkg) by extensions ['colcon_meta']
[0.654s] Level 1:colcon.colcon_core.package_identification:_identify(src/usv_control_pkg/usv_control_pkg) by extension 'colcon_meta'
[0.654s] Level 1:colcon.colcon_core.package_identification:_identify(src/usv_control_pkg/usv_control_pkg) by extensions ['ros']
[0.654s] Level 1:colcon.colcon_core.package_identification:_identify(src/usv_control_pkg/usv_control_pkg) by extension 'ros'
[0.654s] Level 1:colcon.colcon_core.package_identification:_identify(src/usv_control_pkg/usv_control_pkg) by extensions ['cmake', 'python']
[0.654s] Level 1:colcon.colcon_core.package_identification:_identify(src/usv_control_pkg/usv_control_pkg) by extension 'cmake'
[0.654s] Level 1:colcon.colcon_core.package_identification:_identify(src/usv_control_pkg/usv_control_pkg) by extension 'python'
[0.654s] Level 1:colcon.colcon_core.package_identification:_identify(src/usv_control_pkg/usv_control_pkg) by extensions ['python_setup_py']
[0.654s] Level 1:colcon.colcon_core.package_identification:_identify(src/usv_control_pkg/usv_control_pkg) by extension 'python_setup_py'
[0.654s] Level 1:colcon.colcon_core.package_identification:_identify(src/usv_control_pkg/usv_control_pkg/__pycache__) by extensions ['ignore', 'ignore_ament_install']
[0.654s] Level 1:colcon.colcon_core.package_identification:_identify(src/usv_control_pkg/usv_control_pkg/__pycache__) by extension 'ignore'
[0.654s] Level 1:colcon.colcon_core.package_identification:_identify(src/usv_control_pkg/usv_control_pkg/__pycache__) by extension 'ignore_ament_install'
[0.654s] Level 1:colcon.colcon_core.package_identification:_identify(src/usv_control_pkg/usv_control_pkg/__pycache__) by extensions ['colcon_pkg']
[0.654s] Level 1:colcon.colcon_core.package_identification:_identify(src/usv_control_pkg/usv_control_pkg/__pycache__) by extension 'colcon_pkg'
[0.654s] Level 1:colcon.colcon_core.package_identification:_identify(src/usv_control_pkg/usv_control_pkg/__pycache__) by extensions ['colcon_meta']
[0.654s] Level 1:colcon.colcon_core.package_identification:_identify(src/usv_control_pkg/usv_control_pkg/__pycache__) by extension 'colcon_meta'
[0.654s] Level 1:colcon.colcon_core.package_identification:_identify(src/usv_control_pkg/usv_control_pkg/__pycache__) by extensions ['ros']
[0.654s] Level 1:colcon.colcon_core.package_identification:_identify(src/usv_control_pkg/usv_control_pkg/__pycache__) by extension 'ros'
[0.654s] Level 1:colcon.colcon_core.package_identification:_identify(src/usv_control_pkg/usv_control_pkg/__pycache__) by extensions ['cmake', 'python']
[0.654s] Level 1:colcon.colcon_core.package_identification:_identify(src/usv_control_pkg/usv_control_pkg/__pycache__) by extension 'cmake'
[0.654s] Level 1:colcon.colcon_core.package_identification:_identify(src/usv_control_pkg/usv_control_pkg/__pycache__) by extension 'python'
[0.654s] Level 1:colcon.colcon_core.package_identification:_identify(src/usv_control_pkg/usv_control_pkg/__pycache__) by extensions ['python_setup_py']
[0.654s] Level 1:colcon.colcon_core.package_identification:_identify(src/usv_control_pkg/usv_control_pkg/__pycache__) by extension 'python_setup_py'
[0.654s] Level 1:colcon.colcon_core.package_identification:_identify(src/usv_control_pkg/usv_control_pkg/utils) by extensions ['ignore', 'ignore_ament_install']
[0.654s] Level 1:colcon.colcon_core.package_identification:_identify(src/usv_control_pkg/usv_control_pkg/utils) by extension 'ignore'
[0.654s] Level 1:colcon.colcon_core.package_identification:_identify(src/usv_control_pkg/usv_control_pkg/utils) by extension 'ignore_ament_install'
[0.654s] Level 1:colcon.colcon_core.package_identification:_identify(src/usv_control_pkg/usv_control_pkg/utils) by extensions ['colcon_pkg']
[0.654s] Level 1:colcon.colcon_core.package_identification:_identify(src/usv_control_pkg/usv_control_pkg/utils) by extension 'colcon_pkg'
[0.654s] Level 1:colcon.colcon_core.package_identification:_identify(src/usv_control_pkg/usv_control_pkg/utils) by extensions ['colcon_meta']
[0.654s] Level 1:colcon.colcon_core.package_identification:_identify(src/usv_control_pkg/usv_control_pkg/utils) by extension 'colcon_meta'
[0.654s] Level 1:colcon.colcon_core.package_identification:_identify(src/usv_control_pkg/usv_control_pkg/utils) by extensions ['ros']
[0.654s] Level 1:colcon.colcon_core.package_identification:_identify(src/usv_control_pkg/usv_control_pkg/utils) by extension 'ros'
[0.654s] Level 1:colcon.colcon_core.package_identification:_identify(src/usv_control_pkg/usv_control_pkg/utils) by extensions ['cmake', 'python']
[0.654s] Level 1:colcon.colcon_core.package_identification:_identify(src/usv_control_pkg/usv_control_pkg/utils) by extension 'cmake'
[0.654s] Level 1:colcon.colcon_core.package_identification:_identify(src/usv_control_pkg/usv_control_pkg/utils) by extension 'python'
[0.655s] Level 1:colcon.colcon_core.package_identification:_identify(src/usv_control_pkg/usv_control_pkg/utils) by extensions ['python_setup_py']
[0.655s] Level 1:colcon.colcon_core.package_identification:_identify(src/usv_control_pkg/usv_control_pkg/utils) by extension 'python_setup_py'
[0.655s] Level 1:colcon.colcon_core.package_identification:_identify(src/usv_control_pkg/usv_control_pkg/utils/__pycache__) by extensions ['ignore', 'ignore_ament_install']
[0.655s] Level 1:colcon.colcon_core.package_identification:_identify(src/usv_control_pkg/usv_control_pkg/utils/__pycache__) by extension 'ignore'
[0.655s] Level 1:colcon.colcon_core.package_identification:_identify(src/usv_control_pkg/usv_control_pkg/utils/__pycache__) by extension 'ignore_ament_install'
[0.655s] Level 1:colcon.colcon_core.package_identification:_identify(src/usv_control_pkg/usv_control_pkg/utils/__pycache__) by extensions ['colcon_pkg']
[0.655s] Level 1:colcon.colcon_core.package_identification:_identify(src/usv_control_pkg/usv_control_pkg/utils/__pycache__) by extension 'colcon_pkg'
[0.655s] Level 1:colcon.colcon_core.package_identification:_identify(src/usv_control_pkg/usv_control_pkg/utils/__pycache__) by extensions ['colcon_meta']
[0.655s] Level 1:colcon.colcon_core.package_identification:_identify(src/usv_control_pkg/usv_control_pkg/utils/__pycache__) by extension 'colcon_meta'
[0.655s] Level 1:colcon.colcon_core.package_identification:_identify(src/usv_control_pkg/usv_control_pkg/utils/__pycache__) by extensions ['ros']
[0.655s] Level 1:colcon.colcon_core.package_identification:_identify(src/usv_control_pkg/usv_control_pkg/utils/__pycache__) by extension 'ros'
[0.655s] Level 1:colcon.colcon_core.package_identification:_identify(src/usv_control_pkg/usv_control_pkg/utils/__pycache__) by extensions ['cmake', 'python']
[0.655s] Level 1:colcon.colcon_core.package_identification:_identify(src/usv_control_pkg/usv_control_pkg/utils/__pycache__) by extension 'cmake'
[0.655s] Level 1:colcon.colcon_core.package_identification:_identify(src/usv_control_pkg/usv_control_pkg/utils/__pycache__) by extension 'python'
[0.655s] Level 1:colcon.colcon_core.package_identification:_identify(src/usv_control_pkg/usv_control_pkg/utils/__pycache__) by extensions ['python_setup_py']
[0.655s] Level 1:colcon.colcon_core.package_identification:_identify(src/usv_control_pkg/usv_control_pkg/utils/__pycache__) by extension 'python_setup_py'
[0.655s] Level 1:colcon.colcon_core.package_discovery:discover_packages(recursive) using defaults
[0.655s] Level 1:colcon.colcon_core.package_discovery:discover_packages(ignore) discover
[0.655s] Level 1:colcon.colcon_core.package_discovery:discover_packages(ignore) using defaults
[0.655s] Level 1:colcon.colcon_core.package_discovery:discover_packages(path) discover
[0.655s] Level 1:colcon.colcon_core.package_discovery:discover_packages(path) using defaults
[0.655s] WARNING:colcon.colcon_core.package_selection:ignoring unknown package 'ugv_collision_avoidance_lidar_example2' in --packages-select
[0.668s] INFO:colcon.colcon_core.package_selection:Skipping not selected package 'px4_msgs' in 'src/px4_msgs'
[0.668s] INFO:colcon.colcon_core.package_selection:Skipping not selected package 'px4_ros_com' in 'src/px4_ros_com'
[0.668s] Level 1:colcon.colcon_core.package_discovery:discover_packages(prefix_path) check parameters
[0.668s] Level 1:colcon.colcon_core.package_discovery:discover_packages(prefix_path) discover
[0.669s] DEBUG:colcon.colcon_installed_package_information.package_discovery:Found 1 installed packages in /home/ansl/ws_livox/install
[0.670s] DEBUG:colcon.colcon_installed_package_information.package_discovery:Found 273 installed packages in /opt/ros/humble
[0.670s] Level 1:colcon.colcon_core.package_discovery:discover_packages(prefix_path) using defaults
[0.691s] Level 5:colcon.colcon_core.verb:set package 'pointcloud_to_laserscan' build argument 'cmake_args' from command line to 'None'
[0.691s] Level 5:colcon.colcon_core.verb:set package 'pointcloud_to_laserscan' build argument 'cmake_target' from command line to 'None'
[0.691s] Level 5:colcon.colcon_core.verb:set package 'pointcloud_to_laserscan' build argument 'cmake_target_skip_unavailable' from command line to 'False'
[0.691s] Level 5:colcon.colcon_core.verb:set package 'pointcloud_to_laserscan' build argument 'cmake_clean_cache' from command line to 'False'
[0.691s] Level 5:colcon.colcon_core.verb:set package 'pointcloud_to_laserscan' build argument 'cmake_clean_first' from command line to 'False'
[0.691s] Level 5:colcon.colcon_core.verb:set package 'pointcloud_to_laserscan' build argument 'cmake_force_configure' from command line to 'False'
[0.691s] Level 5:colcon.colcon_core.verb:set package 'pointcloud_to_laserscan' build argument 'ament_cmake_args' from command line to 'None'
[0.691s] Level 5:colcon.colcon_core.verb:set package 'pointcloud_to_laserscan' build argument 'catkin_cmake_args' from command line to 'None'
[0.691s] Level 5:colcon.colcon_core.verb:set package 'pointcloud_to_laserscan' build argument 'catkin_skip_building_tests' from command line to 'False'
[0.691s] DEBUG:colcon.colcon_core.verb:Building package 'pointcloud_to_laserscan' with the following arguments: {'ament_cmake_args': None, 'build_base': '/home/ansl/ca_ws/build/pointcloud_to_laserscan', 'catkin_cmake_args': None, 'catkin_skip_building_tests': False, 'cmake_args': None, 'cmake_clean_cache': False, 'cmake_clean_first': False, 'cmake_force_configure': False, 'cmake_target': None, 'cmake_target_skip_unavailable': False, 'install_base': '/home/ansl/ca_ws/install/pointcloud_to_laserscan', 'merge_install': False, 'path': '/home/ansl/ca_ws/src/pointcloud_to_laserscan', 'symlink_install': True, 'test_result_base': None}
[0.691s] INFO:colcon.colcon_core.executor:Executing jobs using 'parallel' executor
[0.692s] DEBUG:colcon.colcon_parallel_executor.executor.parallel:run_until_complete
[0.692s] INFO:colcon.colcon_ros.task.ament_cmake.build:Building ROS package in '/home/ansl/ca_ws/src/pointcloud_to_laserscan' with build type 'ament_cmake'
[0.692s] INFO:colcon.colcon_cmake.task.cmake.build:Building CMake package in '/home/ansl/ca_ws/src/pointcloud_to_laserscan'
[0.693s] INFO:colcon.colcon_core.plugin_system:Skipping extension 'colcon_core.shell.bat': Not used on non-Windows systems
[0.693s] INFO:colcon.colcon_core.shell:Skip shell extension 'powershell' for command environment: Not usable outside of PowerShell
[0.693s] DEBUG:colcon.colcon_core.shell:Skip shell extension 'dsv' for command environment
[0.699s] DEBUG:colcon.colcon_core.event_handler.log_command:Invoking command in '/home/ansl/ca_ws/build/pointcloud_to_laserscan': CMAKE_PREFIX_PATH=${CMAKE_PREFIX_PATH}:/opt/ros/humble /usr/bin/cmake --build /home/ansl/ca_ws/build/pointcloud_to_laserscan -- -j8 -l8
[0.783s] DEBUG:colcon.colcon_core.event_handler.log_command:Invoked command in '/home/ansl/ca_ws/build/pointcloud_to_laserscan' returned '0': CMAKE_PREFIX_PATH=${CMAKE_PREFIX_PATH}:/opt/ros/humble /usr/bin/cmake --build /home/ansl/ca_ws/build/pointcloud_to_laserscan -- -j8 -l8
[0.789s] DEBUG:colcon.colcon_core.event_handler.log_command:Invoking command in '/home/ansl/ca_ws/build/pointcloud_to_laserscan': CMAKE_PREFIX_PATH=${CMAKE_PREFIX_PATH}:/opt/ros/humble /usr/bin/cmake --install /home/ansl/ca_ws/build/pointcloud_to_laserscan
[0.953s] Level 1:colcon.colcon_core.environment:create_environment_scripts_only(pointcloud_to_laserscan)
[0.954s] DEBUG:colcon.colcon_core.event_handler.log_command:Invoked command in '/home/ansl/ca_ws/build/pointcloud_to_laserscan' returned '0': CMAKE_PREFIX_PATH=${CMAKE_PREFIX_PATH}:/opt/ros/humble /usr/bin/cmake --install /home/ansl/ca_ws/build/pointcloud_to_laserscan
[0.955s] Level 1:colcon.colcon_core.environment:checking '/home/ansl/ca_ws/install/pointcloud_to_laserscan' for CMake module files
[0.956s] Level 1:colcon.colcon_core.environment:checking '/home/ansl/ca_ws/install/pointcloud_to_laserscan' for CMake config files
[0.956s] Level 1:colcon.colcon_core.shell:create_environment_hook('pointcloud_to_laserscan', 'cmake_prefix_path')
[0.956s] INFO:colcon.colcon_core.shell:Creating environment hook '/home/ansl/ca_ws/install/pointcloud_to_laserscan/share/pointcloud_to_laserscan/hook/cmake_prefix_path.ps1'
[0.957s] INFO:colcon.colcon_core.shell:Creating environment descriptor '/home/ansl/ca_ws/install/pointcloud_to_laserscan/share/pointcloud_to_laserscan/hook/cmake_prefix_path.dsv'
[0.957s] INFO:colcon.colcon_core.shell:Creating environment hook '/home/ansl/ca_ws/install/pointcloud_to_laserscan/share/pointcloud_to_laserscan/hook/cmake_prefix_path.sh'
[0.958s] Level 1:colcon.colcon_core.environment:checking '/home/ansl/ca_ws/install/pointcloud_to_laserscan/lib'
[0.958s] Level 1:colcon.colcon_core.shell:create_environment_hook('pointcloud_to_laserscan', 'ld_library_path_lib')
[0.958s] INFO:colcon.colcon_core.shell:Creating environment hook '/home/ansl/ca_ws/install/pointcloud_to_laserscan/share/pointcloud_to_laserscan/hook/ld_library_path_lib.ps1'
[0.958s] INFO:colcon.colcon_core.shell:Creating environment descriptor '/home/ansl/ca_ws/install/pointcloud_to_laserscan/share/pointcloud_to_laserscan/hook/ld_library_path_lib.dsv'
[0.959s] INFO:colcon.colcon_core.shell:Creating environment hook '/home/ansl/ca_ws/install/pointcloud_to_laserscan/share/pointcloud_to_laserscan/hook/ld_library_path_lib.sh'
[0.959s] Level 1:colcon.colcon_core.environment:checking '/home/ansl/ca_ws/install/pointcloud_to_laserscan/bin'
[0.959s] Level 1:colcon.colcon_core.environment:checking '/home/ansl/ca_ws/install/pointcloud_to_laserscan/lib/pkgconfig/pointcloud_to_laserscan.pc'
[0.959s] Level 1:colcon.colcon_core.environment:checking '/home/ansl/ca_ws/install/pointcloud_to_laserscan/lib/python3.10/site-packages'
[0.959s] Level 1:colcon.colcon_core.environment:checking '/home/ansl/ca_ws/install/pointcloud_to_laserscan/bin'
[0.959s] INFO:colcon.colcon_core.shell:Creating package script '/home/ansl/ca_ws/install/pointcloud_to_laserscan/share/pointcloud_to_laserscan/package.ps1'
[0.960s] INFO:colcon.colcon_core.shell:Creating package descriptor '/home/ansl/ca_ws/install/pointcloud_to_laserscan/share/pointcloud_to_laserscan/package.dsv'
[0.961s] INFO:colcon.colcon_core.shell:Creating package script '/home/ansl/ca_ws/install/pointcloud_to_laserscan/share/pointcloud_to_laserscan/package.sh'
[0.961s] INFO:colcon.colcon_core.shell:Creating package script '/home/ansl/ca_ws/install/pointcloud_to_laserscan/share/pointcloud_to_laserscan/package.bash'
[0.962s] INFO:colcon.colcon_core.shell:Creating package script '/home/ansl/ca_ws/install/pointcloud_to_laserscan/share/pointcloud_to_laserscan/package.zsh'
[0.962s] Level 1:colcon.colcon_core.environment:create_file_with_runtime_dependencies(/home/ansl/ca_ws/install/pointcloud_to_laserscan/share/colcon-core/packages/pointcloud_to_laserscan)
[0.963s] Level 1:colcon.colcon_core.environment:create_environment_scripts_only(pointcloud_to_laserscan)
[0.963s] Level 1:colcon.colcon_core.environment:checking '/home/ansl/ca_ws/install/pointcloud_to_laserscan' for CMake module files
[0.963s] Level 1:colcon.colcon_core.environment:checking '/home/ansl/ca_ws/install/pointcloud_to_laserscan' for CMake config files
[0.963s] Level 1:colcon.colcon_core.shell:create_environment_hook('pointcloud_to_laserscan', 'cmake_prefix_path')
[0.963s] INFO:colcon.colcon_core.shell:Creating environment hook '/home/ansl/ca_ws/install/pointcloud_to_laserscan/share/pointcloud_to_laserscan/hook/cmake_prefix_path.ps1'
[0.964s] INFO:colcon.colcon_core.shell:Creating environment descriptor '/home/ansl/ca_ws/install/pointcloud_to_laserscan/share/pointcloud_to_laserscan/hook/cmake_prefix_path.dsv'
[0.964s] INFO:colcon.colcon_core.shell:Creating environment hook '/home/ansl/ca_ws/install/pointcloud_to_laserscan/share/pointcloud_to_laserscan/hook/cmake_prefix_path.sh'
[0.964s] Level 1:colcon.colcon_core.environment:checking '/home/ansl/ca_ws/install/pointcloud_to_laserscan/lib'
[0.964s] Level 1:colcon.colcon_core.shell:create_environment_hook('pointcloud_to_laserscan', 'ld_library_path_lib')
[0.964s] INFO:colcon.colcon_core.shell:Creating environment hook '/home/ansl/ca_ws/install/pointcloud_to_laserscan/share/pointcloud_to_laserscan/hook/ld_library_path_lib.ps1'
[0.965s] INFO:colcon.colcon_core.shell:Creating environment descriptor '/home/ansl/ca_ws/install/pointcloud_to_laserscan/share/pointcloud_to_laserscan/hook/ld_library_path_lib.dsv'
[0.965s] INFO:colcon.colcon_core.shell:Creating environment hook '/home/ansl/ca_ws/install/pointcloud_to_laserscan/share/pointcloud_to_laserscan/hook/ld_library_path_lib.sh'
[0.965s] Level 1:colcon.colcon_core.environment:checking '/home/ansl/ca_ws/install/pointcloud_to_laserscan/bin'
[0.965s] Level 1:colcon.colcon_core.environment:checking '/home/ansl/ca_ws/install/pointcloud_to_laserscan/lib/pkgconfig/pointcloud_to_laserscan.pc'
[0.965s] Level 1:colcon.colcon_core.environment:checking '/home/ansl/ca_ws/install/pointcloud_to_laserscan/lib/python3.10/site-packages'
[0.966s] Level 1:colcon.colcon_core.environment:checking '/home/ansl/ca_ws/install/pointcloud_to_laserscan/bin'
[0.966s] INFO:colcon.colcon_core.shell:Creating package script '/home/ansl/ca_ws/install/pointcloud_to_laserscan/share/pointcloud_to_laserscan/package.ps1'
[0.966s] INFO:colcon.colcon_core.shell:Creating package descriptor '/home/ansl/ca_ws/install/pointcloud_to_laserscan/share/pointcloud_to_laserscan/package.dsv'
[0.967s] INFO:colcon.colcon_core.shell:Creating package script '/home/ansl/ca_ws/install/pointcloud_to_laserscan/share/pointcloud_to_laserscan/package.sh'
[0.967s] INFO:colcon.colcon_core.shell:Creating package script '/home/ansl/ca_ws/install/pointcloud_to_laserscan/share/pointcloud_to_laserscan/package.bash'
[0.967s] INFO:colcon.colcon_core.shell:Creating package script '/home/ansl/ca_ws/install/pointcloud_to_laserscan/share/pointcloud_to_laserscan/package.zsh'
[0.967s] Level 1:colcon.colcon_core.environment:create_file_with_runtime_dependencies(/home/ansl/ca_ws/install/pointcloud_to_laserscan/share/colcon-core/packages/pointcloud_to_laserscan)
[0.968s] DEBUG:colcon.colcon_parallel_executor.executor.parallel:closing loop
[0.968s] DEBUG:colcon.colcon_parallel_executor.executor.parallel:loop closed
[0.968s] DEBUG:colcon.colcon_parallel_executor.executor.parallel:run_until_complete finished with '0'
[0.968s] DEBUG:colcon.colcon_core.event_reactor:joining thread
[0.968s] DEBUG:colcon.colcon_core.event_reactor:joined thread
[0.968s] INFO:colcon.colcon_core.shell:Creating prefix script '/home/ansl/ca_ws/install/local_setup.ps1'
[0.969s] INFO:colcon.colcon_core.shell:Creating prefix util module '/home/ansl/ca_ws/install/_local_setup_util_ps1.py'
[0.970s] INFO:colcon.colcon_core.shell:Creating prefix chain script '/home/ansl/ca_ws/install/setup.ps1'
[0.971s] INFO:colcon.colcon_core.shell:Creating prefix script '/home/ansl/ca_ws/install/local_setup.sh'
[0.971s] INFO:colcon.colcon_core.shell:Creating prefix util module '/home/ansl/ca_ws/install/_local_setup_util_sh.py'
[0.972s] INFO:colcon.colcon_core.shell:Creating prefix chain script '/home/ansl/ca_ws/install/setup.sh'
[0.973s] INFO:colcon.colcon_core.shell:Creating prefix script '/home/ansl/ca_ws/install/local_setup.bash'
[0.973s] INFO:colcon.colcon_core.shell:Creating prefix chain script '/home/ansl/ca_ws/install/setup.bash'
[0.974s] INFO:colcon.colcon_core.shell:Creating prefix script '/home/ansl/ca_ws/install/local_setup.zsh'
[0.974s] INFO:colcon.colcon_core.shell:Creating prefix chain script '/home/ansl/ca_ws/install/setup.zsh'
